Archive member included to satisfy reference by file (symbol)

C:/ST/STM32CubeIDE_2.0.0/STM32CubeIDE/plugins/com.st.stm32cube.ide.mcu.externaltools.gnu-tools-for-stm32.13.3.rel1.win32_1.0.100.202509120712/tools/bin/../lib/gcc/arm-none-eabi/13.3.1/../../../../arm-none-eabi/lib/thumb/v7-m/nofp\libc_nano.a(libc_a-exit.o)
                              C:/ST/STM32CubeIDE_2.0.0/STM32CubeIDE/plugins/com.st.stm32cube.ide.mcu.externaltools.gnu-tools-for-stm32.13.3.rel1.win32_1.0.100.202509120712/tools/bin/../lib/gcc/arm-none-eabi/13.3.1/../../../../arm-none-eabi/lib/thumb/v7-m/nofp/crt0.o (exit)
C:/ST/STM32CubeIDE_2.0.0/STM32CubeIDE/plugins/com.st.stm32cube.ide.mcu.externaltools.gnu-tools-for-stm32.13.3.rel1.win32_1.0.100.202509120712/tools/bin/../lib/gcc/arm-none-eabi/13.3.1/../../../../arm-none-eabi/lib/thumb/v7-m/nofp\libc_nano.a(libc_a-strtol.o)
                              ./Core/Src/modules/wifi.o (strtol)
C:/ST/STM32CubeIDE_2.0.0/STM32CubeIDE/plugins/com.st.stm32cube.ide.mcu.externaltools.gnu-tools-for-stm32.13.3.rel1.win32_1.0.100.202509120712/tools/bin/../lib/gcc/arm-none-eabi/13.3.1/../../../../arm-none-eabi/lib/thumb/v7-m/nofp\libc_nano.a(libc_a-ctype_.o)
                              C:/ST/STM32CubeIDE_2.0.0/STM32CubeIDE/plugins/com.st.stm32cube.ide.mcu.externaltools.gnu-tools-for-stm32.13.3.rel1.win32_1.0.100.202509120712/tools/bin/../lib/gcc/arm-none-eabi/13.3.1/../../../../arm-none-eabi/lib/thumb/v7-m/nofp\libc_nano.a(libc_a-strtol.o) (_ctype_)
C:/ST/STM32CubeIDE_2.0.0/STM32CubeIDE/plugins/com.st.stm32cube.ide.mcu.externaltools.gnu-tools-for-stm32.13.3.rel1.win32_1.0.100.202509120712/tools/bin/../lib/gcc/arm-none-eabi/13.3.1/../../../../arm-none-eabi/lib/thumb/v7-m/nofp\libc_nano.a(libc_a-findfp.o)
                              C:/ST/STM32CubeIDE_2.0.0/STM32CubeIDE/plugins/com.st.stm32cube.ide.mcu.externaltools.gnu-tools-for-stm32.13.3.rel1.win32_1.0.100.202509120712/tools/bin/../lib/gcc/arm-none-eabi/13.3.1/../../../../arm-none-eabi/lib/thumb/v7-m/nofp\libc_nano.a(libc_a-exit.o) (__stdio_exit_handler)
C:/ST/STM32CubeIDE_2.0.0/STM32CubeIDE/plugins/com.st.stm32cube.ide.mcu.externaltools.gnu-tools-for-stm32.13.3.rel1.win32_1.0.100.202509120712/tools/bin/../lib/gcc/arm-none-eabi/13.3.1/../../../../arm-none-eabi/lib/thumb/v7-m/nofp\libc_nano.a(libc_a-fwalk.o)
                              C:/ST/STM32CubeIDE_2.0.0/STM32CubeIDE/plugins/com.st.stm32cube.ide.mcu.externaltools.gnu-tools-for-stm32.13.3.rel1.win32_1.0.100.202509120712/tools/bin/../lib/gcc/arm-none-eabi/13.3.1/../../../../arm-none-eabi/lib/thumb/v7-m/nofp\libc_nano.a(libc_a-findfp.o) (_fwalk_sglue)
C:/ST/STM32CubeIDE_2.0.0/STM32CubeIDE/plugins/com.st.stm32cube.ide.mcu.externaltools.gnu-tools-for-stm32.13.3.rel1.win32_1.0.100.202509120712/tools/bin/../lib/gcc/arm-none-eabi/13.3.1/../../../../arm-none-eabi/lib/thumb/v7-m/nofp\libc_nano.a(libc_a-snprintf.o)
                              ./Core/Src/modules/wifi.o (snprintf)
C:/ST/STM32CubeIDE_2.0.0/STM32CubeIDE/plugins/com.st.stm32cube.ide.mcu.externaltools.gnu-tools-for-stm32.13.3.rel1.win32_1.0.100.202509120712/tools/bin/../lib/gcc/arm-none-eabi/13.3.1/../../../../arm-none-eabi/lib/thumb/v7-m/nofp\libc_nano.a(libc_a-stdio.o)
                              C:/ST/STM32CubeIDE_2.0.0/STM32CubeIDE/plugins/com.st.stm32cube.ide.mcu.externaltools.gnu-tools-for-stm32.13.3.rel1.win32_1.0.100.202509120712/tools/bin/../lib/gcc/arm-none-eabi/13.3.1/../../../../arm-none-eabi/lib/thumb/v7-m/nofp\libc_nano.a(libc_a-findfp.o) (__sread)
C:/ST/STM32CubeIDE_2.0.0/STM32CubeIDE/plugins/com.st.stm32cube.ide.mcu.externaltools.gnu-tools-for-stm32.13.3.rel1.win32_1.0.100.202509120712/tools/bin/../lib/gcc/arm-none-eabi/13.3.1/../../../../arm-none-eabi/lib/thumb/v7-m/nofp\libc_nano.a(libc_a-memset.o)
                              C:/ST/STM32CubeIDE_2.0.0/STM32CubeIDE/plugins/com.st.stm32cube.ide.mcu.externaltools.gnu-tools-for-stm32.13.3.rel1.win32_1.0.100.202509120712/tools/bin/../lib/gcc/arm-none-eabi/13.3.1/../../../../arm-none-eabi/lib/thumb/v7-m/nofp/crt0.o (memset)
C:/ST/STM32CubeIDE_2.0.0/STM32CubeIDE/plugins/com.st.stm32cube.ide.mcu.externaltools.gnu-tools-for-stm32.13.3.rel1.win32_1.0.100.202509120712/tools/bin/../lib/gcc/arm-none-eabi/13.3.1/../../../../arm-none-eabi/lib/thumb/v7-m/nofp\libc_nano.a(libc_a-strcat.o)
                              ./Core/Src/modules/wifi.o (strcat)
C:/ST/STM32CubeIDE_2.0.0/STM32CubeIDE/plugins/com.st.stm32cube.ide.mcu.externaltools.gnu-tools-for-stm32.13.3.rel1.win32_1.0.100.202509120712/tools/bin/../lib/gcc/arm-none-eabi/13.3.1/../../../../arm-none-eabi/lib/thumb/v7-m/nofp\libc_nano.a(libc_a-closer.o)
                              C:/ST/STM32CubeIDE_2.0.0/STM32CubeIDE/plugins/com.st.stm32cube.ide.mcu.externaltools.gnu-tools-for-stm32.13.3.rel1.win32_1.0.100.202509120712/tools/bin/../lib/gcc/arm-none-eabi/13.3.1/../../../../arm-none-eabi/lib/thumb/v7-m/nofp\libc_nano.a(libc_a-stdio.o) (_close_r)
[...]
Memory Configuration

Name             Origin             Length             Attributes
RAM              0x20000000         0x00008000         xrw
FLASH            0x08000000         0x00040000         xr
*default*        0x00000000         0xffffffff

Linker script and memory map

LOAD C:/ST/STM32CubeIDE_2.0.0/STM32CubeIDE/plugins/com.st.stm32cube.ide.mcu.externaltools.gnu-tools-for-stm32.13.3.rel1.win32_1.0.100.202509120712/tools/bin/../lib/gcc/arm-none-eabi/13.3.1/thumb/v7-m/nofp/crti.o
LOAD C:/ST/STM32CubeIDE_2.0.0/STM32CubeIDE/plugins/com.st.stm32cube.ide.mcu.externaltools.gnu-tools-for-stm32.13.3.rel1.win32_1.0.100.202509120712/tools/bin/../lib/gcc/arm-none-eabi/13.3.1/thumb/v7-m/nofp/crtbegin.o
LOAD C:/ST/STM32CubeIDE_2.0.0/STM32CubeIDE/plugins/com.st.stm32cube.ide.mcu.externaltools.gnu-tools-for-stm32.13.3.rel1.win32_1.0.100.202509120712/tools/bin/../lib/gcc/arm-none-eabi/13.3.1/../../../../arm-none-eabi/lib/thumb/v7-m/nofp/crt0.o
LOAD ./Core/Src/adc.o
LOAD ./Core/Src/dma.o
LOAD ./Core/Src/global_variables.o
LOAD ./Core/Src/gpio.o
LOAD ./Core/Src/i2c.o
LOAD ./Core/Src/main.o
LOAD ./Core/Src/stm32l1xx_hal_msp.o
LOAD ./Core/Src/stm32l1xx_it.o
LOAD ./Core/Src/syscalls.o
LOAD ./Core/Src/sysmem.o
LOAD ./Core/Src/system_stm32l1xx.o
LOAD ./Core/Src/tim.o
LOAD ./Core/Src/usart.o
LOAD ./Core/Src/modules/acellerometer.o
LOAD ./Core/Src/modules/battery_sensor.o
LOAD ./Core/Src/modules/bluetooth.o
LOAD ./Core/Src/modules/malfunction.o
LOAD ./Core/Src/modules/motor.o
LOAD ./Core/Src/modules/ranging_sensor.o
LOAD ./Core/Src/modules/servo.o
LOAD ./Core/Src/modules/speedometers.o
LOAD ./Core/Src/modules/wifi.o
LOAD ./Core/Startup/startup_stm32l151cctx.o
LOAD ./Drivers/STM32L1xx_HAL_Driver/Src/stm32l1xx_hal.o
LOAD ./Drivers/STM32L1xx_HAL_Driver/Src/stm32l1xx_hal_adc.o
LOAD ./Drivers/STM32L1xx_HAL_Driver/Src/stm32l1xx_hal_adc_ex.o
LOAD ./Drivers/STM32L1xx_HAL_Driver/Src/stm32l1xx_hal_cortex.o
LOAD ./Drivers/STM32L1xx_HAL_Driver/Src/stm32l1xx_hal_dma.o
LOAD ./Drivers/STM32L1xx_HAL_Driver/Src/stm32l1xx_hal_exti.o
LOAD ./Drivers/STM32L1xx_HAL_Driver/Src/stm32l1xx_hal_flash.o
LOAD ./Drivers/STM32L1xx_HAL_Driver/Src/stm32l1xx_hal_flash_ex.o
LOAD ./Drivers/STM32L1xx_HAL_Driver/Src/stm32l1xx_hal_flash_ramfunc.o
LOAD ./Drivers/STM32L1xx_HAL_Driver/Src/stm32l1xx_hal_gpio.o
LOAD ./Drivers/STM32L1xx_HAL_Driver/Src/stm32l1xx_hal_i2c.o
LOAD ./Drivers/STM32L1xx_HAL_Driver/Src/stm32l1xx_hal_pwr.o
LOAD ./Drivers/STM32L1xx_HAL_Driver/Src/stm32l1xx_hal_pwr_ex.o
LOAD ./Drivers/STM32L1xx_HAL_Driver/Src/stm32l1xx_hal_rcc.o
LOAD ./Drivers/STM32L1xx_HAL_Driver/Src/stm32l1xx_hal_rcc_ex.o
LOAD ./Drivers/STM32L1xx_HAL_Driver/Src/stm32l1xx_hal_tim.o
LOAD ./Drivers/STM32L1xx_HAL_Driver/Src/stm32l1xx_hal_tim_ex.o
LOAD ./Drivers/STM32L1xx_HAL_Driver/Src/stm32l1xx_hal_uart.o
LOAD ./Drivers/VL53L0X/core/src/vl53l0x_api.o
LOAD ./Drivers/VL53L0X/core/src/vl53l0x_api_calibration.o
LOAD ./Drivers/VL53L0X/core/src/vl53l0x_api_core.o
LOAD ./Drivers/VL53L0X/core/src/vl53l0x_api_ranging.o
LOAD ./Drivers/VL53L0X/core/src/vl53l0x_api_strings.o
LOAD ./Drivers/VL53L0X/platform/src/vl53l0x_platform.o
LOAD ./Drivers/VL53L0X/platform/src/vl53l0x_platform_log.o
START GROUP
LOAD C:/ST/STM32CubeIDE_2.0.0/STM32CubeIDE/plugins/com.st.stm32cube.ide.mcu.externaltools.gnu-tools-for-stm32.13.3.rel1.win32_1.0.100.202509120712/tools/bin/../lib/gcc/arm-none-eabi/13.3.1/../../../../arm-none-eabi/lib/thumb/v7-m/nofp\libc_nano.a
LOAD C:/ST/STM32CubeIDE_2.0.0/STM32CubeIDE/plugins/com.st.stm32cube.ide.mcu.externaltools.gnu-tools-for-stm32.13.3.rel1.win32_1.0.100.202509120712/tools/bin/../lib/gcc/arm-none-eabi/13.3.1/../../../../arm-none-eabi/lib/thumb/v7-m/nofp\libm.a
END GROUP
START GROUP
LOAD C:/ST/STM32CubeIDE_2.0.0/STM32CubeIDE/plugins/com.st.stm32cube.ide.mcu.externaltools.gnu-tools-for-stm32.13.3.rel1.win32_1.0.100.202509120712/tools/bin/../lib/gcc/arm-none-eabi/13.3.1/thumb/v7-m/nofp\libgcc.a
LOAD C:/ST/STM32CubeIDE_2.0.0/STM32CubeIDE/plugins/com.st.stm32cube.ide.mcu.externaltools.gnu-tools-for-stm32.13.3.rel1.win32_1.0.100.202509120712/tools/bin/../lib/gcc/arm-none-eabi/13.3.1/../../../../arm-none-eabi/lib/thumb/v7-m/nofp\libc_nano.a
END GROUP
START GROUP
LOAD C:/ST/STM32CubeIDE_2.0.0/STM32CubeIDE/plugins/com.st.stm32cube.ide.mcu.externaltools.gnu-tools-for-stm32.13.3.rel1.win32_1.0.100.202509120712/tools/bin/../lib/gcc/arm-none-eabi/13.3.1/thumb/v7-m/nofp\libgcc.a
LOAD C:/ST/STM32CubeIDE_2.0.0/STM32CubeIDE/plugins/com.st.stm32cube.ide.mcu.externaltools.gnu-tools-for-stm32.13.3.rel1.win32_1.0.100.202509120712/tools/bin/../lib/gcc/arm-none-eabi/13.3.1/../../../../arm-none-eabi/lib/thumb/v7-m/nofp\libc_nano.a
LOAD C:/ST/STM32CubeIDE_2.0.0/STM32CubeIDE/plugins/com.st.stm32cube.ide.mcu.externaltools.gnu-tools-for-stm32.13.3.rel1.win32_1.0.100.202509120712/tools/bin/../lib/gcc/arm-none-eabi/13.3.1/../../../../arm-none-eabi/lib/thumb/v7-m/nofp\libnosys.a
END GROUP
START GROUP
LOAD C:/ST/STM32CubeIDE_2.0.0/STM32CubeIDE/plugins/com.st.stm32cube.ide.mcu.externaltools.gnu-tools-for-stm32.13.3.rel1.win32_1.0.100.202509120712/tools/bin/../lib/gcc/arm-none-eabi/13.3.1/thumb/v7-m/nofp\libgcc.a
LOAD C:/ST/STM32CubeIDE_2.0.0/STM32CubeIDE/plugins/com.st.stm32cube.ide.mcu.externaltools.gnu-tools-for-stm32.13.3.rel1.win32_1.0.100.202509120712/tools/bin/../lib/gcc/arm-none-eabi/13.3.1/../../../../arm-none-eabi/lib/thumb/v7-m/nofp\libc_nano.a
LOAD C:/ST/STM32CubeIDE_2.0.0/STM32CubeIDE/plugins/com.st.stm32cube.ide.mcu.externaltools.gnu-tools-for-stm32.13.3.rel1.win32_1.0.100.202509120712/tools/bin/../lib/gcc/arm-none-eabi/13.3.1/../../../../arm-none-eabi/lib/thumb/v7-m/nofp\libnosys.a
END GROUP
LOAD C:/ST/STM32CubeIDE_2.0.0/STM32CubeIDE/plugins/com.st.stm32cube.ide.mcu.externaltools.gnu-tools-for-stm32.13.3.rel1.win32_1.0.100.202509120712/tools/bin/../lib/gcc/arm-none-eabi/13.3.1/thumb/v7-m/nofp/crtend.o
LOAD C:/ST/STM32CubeIDE_2.0.0/STM32CubeIDE/plugins/com.st.stm32cube.ide.mcu.externaltools.gnu-tools-for-stm32.13.3.rel1.win32_1.0.100.202509120712/tools/bin/../lib/gcc/arm-none-eabi/13.3.1/thumb/v7-m/nofp/crtn.o
                0x20008000                        _estack = (ORIGIN (RAM) + LENGTH (RAM))
                0x00000200                        _Min_Heap_Size = 0x200
                0x00000400                        _Min_Stack_Size = 0x400

.isr_vector     0x08000000      0x13c
                0x08000000                        . = ALIGN (0x4)
 *(.isr_vector)
 .isr_vector    0x08000000      0x13c ./Core/Startup/startup_stm32l151cctx.o
                0x08000000                g_pfnVectors
                0x0800013c                        . = ALIGN (0x4)

.text           0x0800013c     0xe8f0
                0x0800013c                        . = ALIGN (0x4)
 *(.text)
 .text          0x0800013c       0x40 C:/ST/STM32CubeIDE_2.0.0/STM32CubeIDE/plugins/com.st.stm32cube.ide.mcu.externaltools.gnu-tools-for-stm32.13.3.rel1.win32_1.0.100.202509120712/tools/bin/../lib/gcc/arm-none-eabi/13.3.1/thumb/v7-m/nofp/crtbegin.o
 .text          0x0800017c       0x10 C:/ST/STM32CubeIDE_2.0.0/STM32CubeIDE/plugins/com.st.stm32cube.ide.mcu.externaltools.gnu-tools-for-stm32.13.3.rel1.win32_1.0.100.202509120712/tools/bin/../lib/gcc/arm-none-eabi/13.3.1/../../../../arm-none-eabi/lib/thumb/v7-m/nofp\libc_nano.a(libc_a-strlen.o)
                0x0800017c                strlen
 .text          0x0800018c       0x30 C:/ST/STM32CubeIDE_2.0.0/STM32CubeIDE/plugins/com.st.stm32cube.ide.mcu.externaltools.gnu-tools-for-stm32.13.3.rel1.win32_1.0.100.202509120712/tools/bin/../lib/gcc/arm-none-eabi/13.3.1/thumb/v7-m/nofp\libgcc.a(_aeabi_uldivmod.o)
                0x0800018c                __aeabi_uldivmod
 .text          0x080001bc      0x300 C:/ST/STM32CubeIDE_2.0.0/STM32CubeIDE/plugins/com.st.stm32cube.ide.mcu.externaltools.gnu-tools-for-stm32.13.3.rel1.win32_1.0.100.202509120712/tools/bin/../lib/gcc/arm-none-eabi/13.3.1/thumb/v7-m/nofp\libgcc.a(_udivmoddi4.o)
                0x080001bc                __udivmoddi4
 .text          0x080004bc        0x4 C:/ST/STM32CubeIDE_2.0.0/STM32CubeIDE/plugins/com.st.stm32cube.ide.mcu.externaltools.gnu-tools-for-stm32.13.3.rel1.win32_1.0.100.202509120712/tools/bin/../lib/gcc/arm-none-eabi/13.3.1/thumb/v7-m/nofp\libgcc.a(_dvmd_tls.o)
                0x080004bc                __aeabi_idiv0
                0x080004bc                __aeabi_ldiv0
 *(.text*)
 .text.MX_ADC_Init
                0x080004c0       0xb0 ./Core/Src/adc.o
                0x080004c0                MX_ADC_Init
 .text.HAL_ADC_MspInit
                0x08000570       0x80 ./Core/Src/adc.o
                0x08000570                HAL_ADC_MspInit
 .text.MX_DMA_Init
                0x080005f0       0x4c ./Core/Src/dma.o
                0x080005f0                MX_DMA_Init
 .text.MX_GPIO_Init
                0x0800063c      0x108 ./Core/Src/gpio.o
                0x0800063c                MX_GPIO_Init
 .text.MX_I2C1_Init
                0x08000744       0x5c ./Core/Src/i2c.o
                0x08000744                MX_I2C1_Init
 .text.MX_I2C2_Init
                0x080007a0       0x5c ./Core/Src/i2c.o
                0x080007a0                MX_I2C2_Init
 .text.HAL_I2C_MspInit
                0x080007fc      0x12c ./Core/Src/i2c.o
                0x080007fc                HAL_I2C_MspInit
 .text.main     0x08000928      0x10c ./Core/Src/main.o
                0x08000928                main
 .text.SystemClock_Config
                0x08000a34       0xa0 ./Core/Src/main.o
                0x08000a34                SystemClock_Config
 .text.Error_Handler
                0x08000ad4        0xc ./Core/Src/main.o
                0x08000ad4                Error_Handler
 .text.HAL_MspInit
                0x08000ae0       0x5c ./Core/Src/stm32l1xx_hal_msp.o
                0x08000ae0                HAL_MspInit
 .text.NMI_Handler
                0x08000b3c        0x8 ./Core/Src/stm32l1xx_it.o
                0x08000b3c                NMI_Handler
 .text.HardFault_Handler
                0x08000b44        0x8 ./Core/Src/stm32l1xx_it.o
                0x08000b44                HardFault_Handler
 .text.MemManage_Handler
                0x08000b4c        0x8 ./Core/Src/stm32l1xx_it.o
                0x08000b4c                MemManage_Handler
 .text.BusFault_Handler
                0x08000b54        0x8 ./Core/Src/stm32l1xx_it.o
                0x08000b54                BusFault_Handler
 .text.UsageFault_Handler
                0x08000b5c        0x8 ./Core/Src/stm32l1xx_it.o
                0x08000b5c                UsageFault_Handler
 .text.SVC_Handler
                0x08000b64        0xc ./Core/Src/stm32l1xx_it.o
                0x08000b64                SVC_Handler
 .text.DebugMon_Handler
                0x08000b70        0xc ./Core/Src/stm32l1xx_it.o
                0x08000b70                DebugMon_Handler
 .text.PendSV_Handler
                0x08000b7c        0xc ./Core/Src/stm32l1xx_it.o
                0x08000b7c                PendSV_Handler
 .text.SysTick_Handler
                0x08000b88        0xc ./Core/Src/stm32l1xx_it.o
                0x08000b88                SysTick_Handler
 .text.DMA1_Channel6_IRQHandler
                0x08000b94       0x14 ./Core/Src/stm32l1xx_it.o
                0x08000b94                DMA1_Channel6_IRQHandler
 .text.DMA1_Channel7_IRQHandler
                0x08000ba8       0x14 ./Core/Src/stm32l1xx_it.o
                0x08000ba8                DMA1_Channel7_IRQHandler
 .text.TIM3_IRQHandler
                0x08000bbc       0x14 ./Core/Src/stm32l1xx_it.o
                0x08000bbc                TIM3_IRQHandler
 .text.I2C1_EV_IRQHandler
                0x08000bd0       0x14 ./Core/Src/stm32l1xx_it.o
                0x08000bd0                I2C1_EV_IRQHandler
 .text.I2C1_ER_IRQHandler
                0x08000be4       0x14 ./Core/Src/stm32l1xx_it.o
                0x08000be4                I2C1_ER_IRQHandler
 .text.I2C2_EV_IRQHandler
                0x08000bf8       0x14 ./Core/Src/stm32l1xx_it.o
                0x08000bf8                I2C2_EV_IRQHandler
 .text.I2C2_ER_IRQHandler
                0x08000c0c       0x14 ./Core/Src/stm32l1xx_it.o
                0x08000c0c                I2C2_ER_IRQHandler
 .text.USART1_IRQHandler
                0x08000c20       0x14 ./Core/Src/stm32l1xx_it.o
                0x08000c20                USART1_IRQHandler
 .text.USART2_IRQHandler
                0x08000c34       0x14 ./Core/Src/stm32l1xx_it.o
                0x08000c34                USART2_IRQHandler
 .text._sbrk    0x08000c48       0x6c ./Core/Src/sysmem.o
                0x08000c48                _sbrk
 .text.SystemInit
                0x08000cb4        0xc ./Core/Src/system_stm32l1xx.o
                0x08000cb4                SystemInit
 .text.MX_TIM2_Init
                0x08000cc0       0xac ./Core/Src/tim.o
                0x08000cc0                MX_TIM2_Init
 .text.MX_TIM3_Init
                0x08000d6c       0x9c ./Core/Src/tim.o
                0x08000d6c                MX_TIM3_Init
 .text.MX_TIM4_Init
                0x08000e08       0xb0 ./Core/Src/tim.o
                0x08000e08                MX_TIM4_Init
 .text.MX_TIM5_Init
                0x08000eb8       0xa8 ./Core/Src/tim.o
                0x08000eb8                MX_TIM5_Init
 .text.MX_TIM9_Init
                0x08000f60       0xa8 ./Core/Src/tim.o
                0x08000f60                MX_TIM9_Init
 .text.HAL_TIM_PWM_MspInit
                0x08001008       0x60 ./Core/Src/tim.o
                0x08001008                HAL_TIM_PWM_MspInit
 .text.HAL_TIM_Base_MspInit
                0x08001068       0x4c ./Core/Src/tim.o
                0x08001068                HAL_TIM_Base_MspInit
 .text.HAL_TIM_IC_MspInit
                0x080010b4       0xec ./Core/Src/tim.o
                0x080010b4                HAL_TIM_IC_MspInit
 .text.HAL_TIM_MspPostInit
                0x080011a0       0xb8 ./Core/Src/tim.o
                0x080011a0                HAL_TIM_MspPostInit
 .text.MX_USART1_UART_Init
                0x08001258       0x54 ./Core/Src/usart.o
                0x08001258                MX_USART1_UART_Init
 .text.MX_USART2_UART_Init
                0x080012ac       0x54 ./Core/Src/usart.o
                0x080012ac                MX_USART2_UART_Init
 .text.HAL_UART_MspInit
                0x08001300      0x1b4 ./Core/Src/usart.o
                0x08001300                HAL_UART_MspInit
 .text.init_gyroscope
                0x080014b4        0xc ./Core/Src/modules/acellerometer.o
                0x080014b4                init_gyroscope
 .text.read_accelleration
                0x080014c0        0xc ./Core/Src/modules/acellerometer.o
                0x080014c0                read_accelleration
 .text.init_batt_sense
                0x080014cc        0xc ./Core/Src/modules/battery_sensor.o
                0x080014cc                init_batt_sense
 .text.read_batt_sense
                0x080014d8        0xc ./Core/Src/modules/battery_sensor.o
                0x080014d8                read_batt_sense
 .text.init_malfunction_detection
                0x080014e4        0xc ./Core/Src/modules/malfunction.o
                0x080014e4                init_malfunction_detection
 .text.detect_malfunction
                0x080014f0       0x44 ./Core/Src/modules/malfunction.o
                0x080014f0                detect_malfunction
 .text.leave_malfunction
                0x08001534        0xc ./Core/Src/modules/malfunction.o
                0x08001534                leave_malfunction
 .text.enter_malfunction
                0x08001540        0xc ./Core/Src/modules/malfunction.o
                0x08001540                enter_malfunction
 .text.init_motor
                0x0800154c       0x14 ./Core/Src/modules/motor.o
                0x0800154c                init_motor
 .text.perform_motor_control_step
                0x08001560      0x1c0 ./Core/Src/modules/motor.o
                0x08001560                perform_motor_control_step
 .text.set_flag_bit
                0x08001720       0x4a ./Core/Src/modules/ranging_sensor.o
 *fill*         0x0800176a        0x2 
 .text.init_ranging_sensor
                0x0800176c      0x108 ./Core/Src/modules/ranging_sensor.o
                0x0800176c                init_ranging_sensor
 .text.medianFilter10
                0x08001874       0xb2 ./Core/Src/modules/ranging_sensor.o
 *fill*         0x08001926        0x2 
 .text.read_distance
                0x08001928       0x7c ./Core/Src/modules/ranging_sensor.o
                0x08001928                read_distance
 .text.init_servo
                0x080019a4        0xc ./Core/Src/modules/servo.o
                0x080019a4                init_servo
 .text.perform_servo_control_step
                0x080019b0        0xc ./Core/Src/modules/servo.o
                0x080019b0                perform_servo_control_step
 .text.init_mag_rotation_speed_meter
                0x080019bc        0xc ./Core/Src/modules/speedometers.o
                0x080019bc                init_mag_rotation_speed_meter
 .text.read_speed_mag
                0x080019c8        0xc ./Core/Src/modules/speedometers.o
                0x080019c8                read_speed_mag
 .text.init_opt_rotation_speed_meter
                0x080019d4        0xc ./Core/Src/modules/speedometers.o
                0x080019d4                init_opt_rotation_speed_meter
 .text.read_speed_opt
                0x080019e0        0xc ./Core/Src/modules/speedometers.o
                0x080019e0                read_speed_opt
 .text.get_telem
                0x080019ec      0x120 ./Core/Src/modules/wifi.o
 .text.receive_dma
                0x08001b0c       0x28 ./Core/Src/modules/wifi.o
 .text.HAL_UART_ErrorCallback
                0x08001b34       0x38 ./Core/Src/modules/wifi.o
                0x08001b34                HAL_UART_ErrorCallback
 .text.HAL_UARTEx_RxEventCallback
                0x08001b6c       0x20 ./Core/Src/modules/wifi.o
                0x08001b6c                HAL_UARTEx_RxEventCallback
 .text.init_wifi
                0x08001b8c       0xf8 ./Core/Src/modules/wifi.o
                0x08001b8c                init_wifi
 .text.send_data_w_len
                0x08001c84       0x80 ./Core/Src/modules/wifi.o
 .text.find     0x08001d04       0xbc ./Core/Src/modules/wifi.o
 .text.rfind    0x08001dc0       0xbc ./Core/Src/modules/wifi.o
 .text.parse_uart_message
                0x08001e7c      0x168 ./Core/Src/modules/wifi.o
 .text.uart_it_receiver
                0x08001fe4       0xb0 ./Core/Src/modules/wifi.o
 .text.get_uart_send_command
                0x08002094       0x9c ./Core/Src/modules/wifi.o
 .text.get_http_reply
                0x08002130       0x8c ./Core/Src/modules/wifi.o
 .text.protocol_init
                0x080021bc       0x3c ./Core/Src/modules/wifi.o
 .text.protocol_process_byte
                0x080021f8      0x13c ./Core/Src/modules/wifi.o
 .text.calculate_crc8
                0x08002334       0x72 ./Core/Src/modules/wifi.o
 .text.protocol_create_response
                0x080023a6       0x9a ./Core/Src/modules/wifi.o
 .text.protocol_check_crc
                0x08002440       0x3e ./Core/Src/modules/wifi.o
 *fill*         0x0800247e        0x2 
 .text.protocol_validate_packet
                0x08002480       0xd4 ./Core/Src/modules/wifi.o
 .text.protocol_send_response
                0x08002554       0x2c ./Core/Src/modules/wifi.o
 .text.protocol_process_command
                0x08002580      0x148 ./Core/Src/modules/wifi.o
 .text.perform_wifi_control_step
                0x080026c8       0xa4 ./Core/Src/modules/wifi.o
                0x080026c8                perform_wifi_control_step
 .text.handle_input_wifi
                0x0800276c       0x34 ./Core/Src/modules/wifi.o
 .text.Reset_Handler
                0x080027a0       0x48 ./Core/Startup/startup_stm32l151cctx.o
                0x080027a0                Reset_Handler
 .text.Default_Handler
                0x080027e8        0x2 ./Core/Startup/startup_stm32l151cctx.o
                0x080027e8                RTC_Alarm_IRQHandler
                0x080027e8                EXTI2_IRQHandler
                0x080027e8                COMP_ACQ_IRQHandler
                0x080027e8                TIM10_IRQHandler
                0x080027e8                USB_HP_IRQHandler
                0x080027e8                TIM6_IRQHandler
                0x080027e8                PVD_IRQHandler
                0x080027e8                EXTI3_IRQHandler
                0x080027e8                EXTI0_IRQHandler
                0x080027e8                SPI1_IRQHandler
                0x080027e8                USB_FS_WKUP_IRQHandler
                0x080027e8                DMA2_Channel2_IRQHandler
                0x080027e8                DMA1_Channel4_IRQHandler
                0x080027e8                ADC1_IRQHandler
                0x080027e8                USART3_IRQHandler
                0x080027e8                TIM4_IRQHandler
                0x080027e8                DMA2_Channel1_IRQHandler
                0x080027e8                DMA2_Channel4_IRQHandler
                0x080027e8                RCC_IRQHandler
                0x080027e8                DMA1_Channel1_IRQHandler
                0x080027e8                Default_Handler
                0x080027e8                EXTI15_10_IRQHandler
                0x080027e8                TIM7_IRQHandler
                0x080027e8                TIM5_IRQHandler
                0x080027e8                EXTI9_5_IRQHandler
                0x080027e8                TIM9_IRQHandler
                0x080027e8                TAMPER_STAMP_IRQHandler
                0x080027e8                RTC_WKUP_IRQHandler
                0x080027e8                SPI2_IRQHandler
                0x080027e8                DMA2_Channel5_IRQHandler
                0x080027e8                DMA1_Channel5_IRQHandler
                0x080027e8                USB_LP_IRQHandler
                0x080027e8                EXTI4_IRQHandler
                0x080027e8                DMA1_Channel3_IRQHandler
                0x080027e8                COMP_IRQHandler
                0x080027e8                WWDG_IRQHandler
                0x080027e8                TIM2_IRQHandler
                0x080027e8                DAC_IRQHandler
                0x080027e8                EXTI1_IRQHandler
                0x080027e8                TIM11_IRQHandler
                0x080027e8                DMA1_Channel2_IRQHandler
                0x080027e8                FLASH_IRQHandler
                0x080027e8                SPI3_IRQHandler
                0x080027e8                DMA2_Channel3_IRQHandler
 .text.HAL_Init
                0x080027ea       0x30 ./Drivers/STM32L1xx_HAL_Driver/Src/stm32l1xx_hal.o
                0x080027ea                HAL_Init
 *fill*         0x0800281a        0x2 
 .text.HAL_InitTick
                0x0800281c       0x74 ./Drivers/STM32L1xx_HAL_Driver/Src/stm32l1xx_hal.o
                0x0800281c                HAL_InitTick
 .text.HAL_IncTick
                0x08002890       0x24 ./Drivers/STM32L1xx_HAL_Driver/Src/stm32l1xx_hal.o
                0x08002890                HAL_IncTick
 .text.HAL_GetTick
                0x080028b4       0x14 ./Drivers/STM32L1xx_HAL_Driver/Src/stm32l1xx_hal.o
                0x080028b4                HAL_GetTick
 .text.HAL_Delay
                0x080028c8       0x44 ./Drivers/STM32L1xx_HAL_Driver/Src/stm32l1xx_hal.o
                0x080028c8                HAL_Delay
 .text.HAL_ADC_Init
                0x0800290c      0x28c ./Drivers/STM32L1xx_HAL_Driver/Src/stm32l1xx_hal_adc.o
                0x0800290c                HAL_ADC_Init
 .text.HAL_ADC_ConfigChannel
                0x08002b98      0x2a0 ./Drivers/STM32L1xx_HAL_Driver/Src/stm32l1xx_hal_adc.o
                0x08002b98                HAL_ADC_ConfigChannel
 .text.__NVIC_SetPriorityGrouping
                0x08002e38       0x48 ./Drivers/STM32L1xx_HAL_Driver/Src/stm32l1xx_hal_cortex.o
 .text.__NVIC_GetPriorityGrouping
                0x08002e80       0x1c ./Drivers/STM32L1xx_HAL_Driver/Src/stm32l1xx_hal_cortex.o
 .text.__NVIC_EnableIRQ
                0x08002e9c       0x38 ./Drivers/STM32L1xx_HAL_Driver/Src/stm32l1xx_hal_cortex.o
 .text.__NVIC_SetPriority
                0x08002ed4       0x54 ./Drivers/STM32L1xx_HAL_Driver/Src/stm32l1xx_hal_cortex.o
 .text.NVIC_EncodePriority
                0x08002f28       0x64 ./Drivers/STM32L1xx_HAL_Driver/Src/stm32l1xx_hal_cortex.o
 .text.SysTick_Config
                0x08002f8c       0x44 ./Drivers/STM32L1xx_HAL_Driver/Src/stm32l1xx_hal_cortex.o
 .text.HAL_NVIC_SetPriorityGrouping
                0x08002fd0       0x16 ./Drivers/STM32L1xx_HAL_Driver/Src/stm32l1xx_hal_cortex.o
                0x08002fd0                HAL_NVIC_SetPriorityGrouping
 .text.HAL_NVIC_SetPriority
                0x08002fe6       0x38 ./Drivers/STM32L1xx_HAL_Driver/Src/stm32l1xx_hal_cortex.o
                0x08002fe6                HAL_NVIC_SetPriority
 .text.HAL_NVIC_EnableIRQ
                0x0800301e       0x1c ./Drivers/STM32L1xx_HAL_Driver/Src/stm32l1xx_hal_cortex.o
                0x0800301e                HAL_NVIC_EnableIRQ
 .text.HAL_SYSTICK_Config
                0x0800303a       0x18 ./Drivers/STM32L1xx_HAL_Driver/Src/stm32l1xx_hal_cortex.o
                0x0800303a                HAL_SYSTICK_Config
 *fill*         0x08003052        0x2 
 .text.HAL_DMA_Init
                0x08003054       0xe8 ./Drivers/STM32L1xx_HAL_Driver/Src/stm32l1xx_hal_dma.o
                0x08003054                HAL_DMA_Init
 .text.HAL_DMA_Start_IT
                0x0800313c       0xc0 ./Drivers/STM32L1xx_HAL_Driver/Src/stm32l1xx_hal_dma.o
                0x0800313c                HAL_DMA_Start_IT
 .text.HAL_DMA_Abort
                0x080031fc       0x7a ./Drivers/STM32L1xx_HAL_Driver/Src/stm32l1xx_hal_dma.o
                0x080031fc                HAL_DMA_Abort
 .text.HAL_DMA_Abort_IT
                0x08003276       0x82 ./Drivers/STM32L1xx_HAL_Driver/Src/stm32l1xx_hal_dma.o
                0x08003276                HAL_DMA_Abort_IT
 .text.HAL_DMA_IRQHandler
                0x080032f8      0x15e ./Drivers/STM32L1xx_HAL_Driver/Src/stm32l1xx_hal_dma.o
                0x080032f8                HAL_DMA_IRQHandler
 .text.HAL_DMA_GetState
                0x08003456       0x1a ./Drivers/STM32L1xx_HAL_Driver/Src/stm32l1xx_hal_dma.o
                0x08003456                HAL_DMA_GetState
 .text.DMA_SetConfig
                0x08003470       0x5e ./Drivers/STM32L1xx_HAL_Driver/Src/stm32l1xx_hal_dma.o
 *fill*         0x080034ce        0x2 
 .text.HAL_GPIO_Init
                0x080034d0      0x300 ./Drivers/STM32L1xx_HAL_Driver/Src/stm32l1xx_hal_gpio.o
                0x080034d0                HAL_GPIO_Init
 .text.HAL_GPIO_WritePin
                0x080037d0       0x30 ./Drivers/STM32L1xx_HAL_Driver/Src/stm32l1xx_hal_gpio.o
                0x080037d0                HAL_GPIO_WritePin
 .text.HAL_I2C_Init
                0x08003800      0x288 ./Drivers/STM32L1xx_HAL_Driver/Src/stm32l1xx_hal_i2c.o
                0x08003800                HAL_I2C_Init
 .text.I2C_Flush_DR
                0x08003a88       0x28 ./Drivers/STM32L1xx_HAL_Driver/Src/stm32l1xx_hal_i2c.o
 .text.HAL_I2C_Master_Transmit
                0x08003ab0      0x1fc ./Drivers/STM32L1xx_HAL_Driver/Src/stm32l1xx_hal_i2c.o
                0x08003ab0                HAL_I2C_Master_Transmit
 .text.HAL_I2C_Master_Receive
                0x08003cac      0x464 ./Drivers/STM32L1xx_HAL_Driver/Src/stm32l1xx_hal_i2c.o
                0x08003cac                HAL_I2C_Master_Receive
 .text.HAL_I2C_EV_IRQHandler
                0x08004110      0x2e2 ./Drivers/STM32L1xx_HAL_Driver/Src/stm32l1xx_hal_i2c.o
                0x08004110                HAL_I2C_EV_IRQHandler
 .text.HAL_I2C_ER_IRQHandler
                0x080043f2      0x14e ./Drivers/STM32L1xx_HAL_Driver/Src/stm32l1xx_hal_i2c.o
                0x080043f2                HAL_I2C_ER_IRQHandler
 .text.HAL_I2C_MasterTxCpltCallback
                0x08004540       0x12 ./Drivers/STM32L1xx_HAL_Driver/Src/stm32l1xx_hal_i2c.o
                0x08004540                HAL_I2C_MasterTxCpltCallback
 .text.HAL_I2C_MasterRxCpltCallback
                0x08004552       0x12 ./Drivers/STM32L1xx_HAL_Driver/Src/stm32l1xx_hal_i2c.o
                0x08004552                HAL_I2C_MasterRxCpltCallback
 .text.HAL_I2C_SlaveTxCpltCallback
                0x08004564       0x12 ./Drivers/STM32L1xx_HAL_Driver/Src/stm32l1xx_hal_i2c.o
                0x08004564                HAL_I2C_SlaveTxCpltCallback
 .text.HAL_I2C_SlaveRxCpltCallback
                0x08004576       0x12 ./Drivers/STM32L1xx_HAL_Driver/Src/stm32l1xx_hal_i2c.o
                0x08004576                HAL_I2C_SlaveRxCpltCallback
 .text.HAL_I2C_AddrCallback
                0x08004588       0x1a ./Drivers/STM32L1xx_HAL_Driver/Src/stm32l1xx_hal_i2c.o
                0x08004588                HAL_I2C_AddrCallback
 .text.HAL_I2C_ListenCpltCallback
                0x080045a2       0x12 ./Drivers/STM32L1xx_HAL_Driver/Src/stm32l1xx_hal_i2c.o
                0x080045a2                HAL_I2C_ListenCpltCallback
 .text.HAL_I2C_MemTxCpltCallback
                0x080045b4       0x12 ./Drivers/STM32L1xx_HAL_Driver/Src/stm32l1xx_hal_i2c.o
                0x080045b4                HAL_I2C_MemTxCpltCallback
 .text.HAL_I2C_MemRxCpltCallback
                0x080045c6       0x12 ./Drivers/STM32L1xx_HAL_Driver/Src/stm32l1xx_hal_i2c.o
                0x080045c6                HAL_I2C_MemRxCpltCallback
 .text.HAL_I2C_ErrorCallback
                0x080045d8       0x12 ./Drivers/STM32L1xx_HAL_Driver/Src/stm32l1xx_hal_i2c.o
                0x080045d8                HAL_I2C_ErrorCallback
 .text.HAL_I2C_AbortCpltCallback
                0x080045ea       0x12 ./Drivers/STM32L1xx_HAL_Driver/Src/stm32l1xx_hal_i2c.o
                0x080045ea                HAL_I2C_AbortCpltCallback
 .text.I2C_MasterTransmit_TXE
                0x080045fc      0x138 ./Drivers/STM32L1xx_HAL_Driver/Src/stm32l1xx_hal_i2c.o
 .text.I2C_MasterTransmit_BTF
                0x08004734       0xec ./Drivers/STM32L1xx_HAL_Driver/Src/stm32l1xx_hal_i2c.o
 .text.I2C_MemoryTransmit_TXE_BTF
                0x08004820      0x130 ./Drivers/STM32L1xx_HAL_Driver/Src/stm32l1xx_hal_i2c.o
 .text.I2C_MasterReceive_RXNE
                0x08004950      0x190 ./Drivers/STM32L1xx_HAL_Driver/Src/stm32l1xx_hal_i2c.o
 .text.I2C_MasterReceive_BTF
                0x08004ae0      0x1e2 ./Drivers/STM32L1xx_HAL_Driver/Src/stm32l1xx_hal_i2c.o
 .text.I2C_Master_SB
                0x08004cc2      0x10a ./Drivers/STM32L1xx_HAL_Driver/Src/stm32l1xx_hal_i2c.o
 .text.I2C_Master_ADD10
                0x08004dcc       0x52 ./Drivers/STM32L1xx_HAL_Driver/Src/stm32l1xx_hal_i2c.o
 .text.I2C_Master_ADDR
                0x08004e1e      0x320 ./Drivers/STM32L1xx_HAL_Driver/Src/stm32l1xx_hal_i2c.o
 .text.I2C_SlaveTransmit_TXE
                0x0800513e       0x7a ./Drivers/STM32L1xx_HAL_Driver/Src/stm32l1xx_hal_i2c.o
 .text.I2C_SlaveTransmit_BTF
                0x080051b8       0x40 ./Drivers/STM32L1xx_HAL_Driver/Src/stm32l1xx_hal_i2c.o
 .text.I2C_SlaveReceive_RXNE
                0x080051f8       0x7c ./Drivers/STM32L1xx_HAL_Driver/Src/stm32l1xx_hal_i2c.o
 .text.I2C_SlaveReceive_BTF
                0x08005274       0x42 ./Drivers/STM32L1xx_HAL_Driver/Src/stm32l1xx_hal_i2c.o
 .text.I2C_Slave_ADDR
                0x080052b6       0x94 ./Drivers/STM32L1xx_HAL_Driver/Src/stm32l1xx_hal_i2c.o
 *fill*         0x0800534a        0x2 
 .text.I2C_Slave_STOPF
                0x0800534c      0x260 ./Drivers/STM32L1xx_HAL_Driver/Src/stm32l1xx_hal_i2c.o
 .text.I2C_Slave_AF
                0x080055ac       0xe8 ./Drivers/STM32L1xx_HAL_Driver/Src/stm32l1xx_hal_i2c.o
 .text.I2C_ITError
                0x08005694      0x264 ./Drivers/STM32L1xx_HAL_Driver/Src/stm32l1xx_hal_i2c.o
 .text.I2C_MasterRequestWrite
                0x080058f8      0x104 ./Drivers/STM32L1xx_HAL_Driver/Src/stm32l1xx_hal_i2c.o
 .text.I2C_MasterRequestRead
                0x080059fc      0x19c ./Drivers/STM32L1xx_HAL_Driver/Src/stm32l1xx_hal_i2c.o
 .text.I2C_DMAAbort
                0x08005b98      0x150 ./Drivers/STM32L1xx_HAL_Driver/Src/stm32l1xx_hal_i2c.o
 .text.I2C_WaitOnFlagUntilTimeout
                0x08005ce8       0xf4 ./Drivers/STM32L1xx_HAL_Driver/Src/stm32l1xx_hal_i2c.o
 .text.I2C_WaitOnMasterAddressFlagUntilTimeout
                0x08005ddc      0x140 ./Drivers/STM32L1xx_HAL_Driver/Src/stm32l1xx_hal_i2c.o
 .text.I2C_WaitOnTXEFlagUntilTimeout
                0x08005f1c       0x90 ./Drivers/STM32L1xx_HAL_Driver/Src/stm32l1xx_hal_i2c.o
 .text.I2C_WaitOnBTFFlagUntilTimeout
                0x08005fac       0x90 ./Drivers/STM32L1xx_HAL_Driver/Src/stm32l1xx_hal_i2c.o
 .text.I2C_WaitOnSTOPRequestThroughIT
                0x0800603c       0x64 ./Drivers/STM32L1xx_HAL_Driver/Src/stm32l1xx_hal_i2c.o
 .text.I2C_WaitOnRXNEFlagUntilTimeout
                0x080060a0       0xba ./Drivers/STM32L1xx_HAL_Driver/Src/stm32l1xx_hal_i2c.o
 .text.I2C_IsAcknowledgeFailed
                0x0800615a       0x5c ./Drivers/STM32L1xx_HAL_Driver/Src/stm32l1xx_hal_i2c.o
 .text.I2C_ConvertOtherXferOptions
                0x080061b6       0x34 ./Drivers/STM32L1xx_HAL_Driver/Src/stm32l1xx_hal_i2c.o
 *fill*         0x080061ea        0x2 
 .text.HAL_RCC_OscConfig
                0x080061ec      0x660 ./Drivers/STM32L1xx_HAL_Driver/Src/stm32l1xx_hal_rcc.o
                0x080061ec                HAL_RCC_OscConfig
 .text.HAL_RCC_ClockConfig
                0x0800684c      0x268 ./Drivers/STM32L1xx_HAL_Driver/Src/stm32l1xx_hal_rcc.o
                0x0800684c                HAL_RCC_ClockConfig
 .text.HAL_RCC_GetSysClockFreq
                0x08006ab4      0x17c ./Drivers/STM32L1xx_HAL_Driver/Src/stm32l1xx_hal_rcc.o
                0x08006ab4                HAL_RCC_GetSysClockFreq
 .text.HAL_RCC_GetHCLKFreq
                0x08006c30       0x14 ./Drivers/STM32L1xx_HAL_Driver/Src/stm32l1xx_hal_rcc.o
                0x08006c30                HAL_RCC_GetHCLKFreq
 .text.HAL_RCC_GetPCLK1Freq
                0x08006c44       0x28 ./Drivers/STM32L1xx_HAL_Driver/Src/stm32l1xx_hal_rcc.o
                0x08006c44                HAL_RCC_GetPCLK1Freq
 .text.HAL_RCC_GetPCLK2Freq
                0x08006c6c       0x28 ./Drivers/STM32L1xx_HAL_Driver/Src/stm32l1xx_hal_rcc.o
                0x08006c6c                HAL_RCC_GetPCLK2Freq
 .text.RCC_SetFlashLatencyFromMSIRange
                0x08006c94       0xc0 ./Drivers/STM32L1xx_HAL_Driver/Src/stm32l1xx_hal_rcc.o
 .text.HAL_TIM_Base_Init
                0x08006d54       0x7e ./Drivers/STM32L1xx_HAL_Driver/Src/stm32l1xx_hal_tim.o
                0x08006d54                HAL_TIM_Base_Init
 .text.HAL_TIM_PWM_Init
                0x08006dd2       0x7e ./Drivers/STM32L1xx_HAL_Driver/Src/stm32l1xx_hal_tim.o
                0x08006dd2                HAL_TIM_PWM_Init
 .text.HAL_TIM_PWM_Start
                0x08006e50      0x12c ./Drivers/STM32L1xx_HAL_Driver/Src/stm32l1xx_hal_tim.o
                0x08006e50                HAL_TIM_PWM_Start
 .text.HAL_TIM_IC_Init
                0x08006f7c       0x7e ./Drivers/STM32L1xx_HAL_Driver/Src/stm32l1xx_hal_tim.o
                0x08006f7c                HAL_TIM_IC_Init
 .text.HAL_TIM_IRQHandler
                0x08006ffa      0x198 ./Drivers/STM32L1xx_HAL_Driver/Src/stm32l1xx_hal_tim.o
                0x08006ffa                HAL_TIM_IRQHandler
 .text.HAL_TIM_IC_ConfigChannel
                0x08007192      0x138 ./Drivers/STM32L1xx_HAL_Driver/Src/stm32l1xx_hal_tim.o
                0x08007192                HAL_TIM_IC_ConfigChannel
 *fill*         0x080072ca        0x2 
 .text.HAL_TIM_PWM_ConfigChannel
                0x080072cc      0x184 ./Drivers/STM32L1xx_HAL_Driver/Src/stm32l1xx_hal_tim.o
                0x080072cc                HAL_TIM_PWM_ConfigChannel
 .text.HAL_TIM_ConfigClockSource
                0x08007450      0x18e ./Drivers/STM32L1xx_HAL_Driver/Src/stm32l1xx_hal_tim.o
                0x08007450                HAL_TIM_ConfigClockSource
 .text.HAL_TIM_PeriodElapsedCallback
                0x080075de       0x12 ./Drivers/STM32L1xx_HAL_Driver/Src/stm32l1xx_hal_tim.o
                0x080075de                HAL_TIM_PeriodElapsedCallback
 .text.HAL_TIM_OC_DelayElapsedCallback
                0x080075f0       0x12 ./Drivers/STM32L1xx_HAL_Driver/Src/stm32l1xx_hal_tim.o
                0x080075f0                HAL_TIM_OC_DelayElapsedCallback
 .text.HAL_TIM_IC_CaptureCallback
                0x08007602       0x12 ./Drivers/STM32L1xx_HAL_Driver/Src/stm32l1xx_hal_tim.o
                0x08007602                HAL_TIM_IC_CaptureCallback
 .text.HAL_TIM_PWM_PulseFinishedCallback
                0x08007614       0x12 ./Drivers/STM32L1xx_HAL_Driver/Src/stm32l1xx_hal_tim.o
                0x08007614                HAL_TIM_PWM_PulseFinishedCallback
 .text.HAL_TIM_TriggerCallback
                0x08007626       0x12 ./Drivers/STM32L1xx_HAL_Driver/Src/stm32l1xx_hal_tim.o
                0x08007626                HAL_TIM_TriggerCallback
 .text.TIM_Base_SetConfig
                0x08007638       0xec ./Drivers/STM32L1xx_HAL_Driver/Src/stm32l1xx_hal_tim.o
 .text.TIM_OC1_SetConfig
                0x08007724       0x78 ./Drivers/STM32L1xx_HAL_Driver/Src/stm32l1xx_hal_tim.o
 .text.TIM_OC2_SetConfig
                0x0800779c       0x7c ./Drivers/STM32L1xx_HAL_Driver/Src/stm32l1xx_hal_tim.o
 .text.TIM_OC3_SetConfig
                0x08007818       0x7a ./Drivers/STM32L1xx_HAL_Driver/Src/stm32l1xx_hal_tim.o
 .text.TIM_OC4_SetConfig
                0x08007892       0x7c ./Drivers/STM32L1xx_HAL_Driver/Src/stm32l1xx_hal_tim.o
 *fill*         0x0800790e        0x2 
 .text.TIM_TI1_SetConfig
                0x08007910       0xc0 ./Drivers/STM32L1xx_HAL_Driver/Src/stm32l1xx_hal_tim.o
 .text.TIM_TI1_ConfigInputStage
                0x080079d0       0x5c ./Drivers/STM32L1xx_HAL_Driver/Src/stm32l1xx_hal_tim.o
 .text.TIM_TI2_SetConfig
                0x08007a2c       0x78 ./Drivers/STM32L1xx_HAL_Driver/Src/stm32l1xx_hal_tim.o
 .text.TIM_TI2_ConfigInputStage
                0x08007aa4       0x5e ./Drivers/STM32L1xx_HAL_Driver/Src/stm32l1xx_hal_tim.o
 .text.TIM_TI3_SetConfig
                0x08007b02       0x76 ./Drivers/STM32L1xx_HAL_Driver/Src/stm32l1xx_hal_tim.o
 .text.TIM_TI4_SetConfig
                0x08007b78       0x78 ./Drivers/STM32L1xx_HAL_Driver/Src/stm32l1xx_hal_tim.o
 .text.TIM_ITRx_SetConfig
                0x08007bf0       0x34 ./Drivers/STM32L1xx_HAL_Driver/Src/stm32l1xx_hal_tim.o
 .text.TIM_ETR_SetConfig
                0x08007c24       0x3e ./Drivers/STM32L1xx_HAL_Driver/Src/stm32l1xx_hal_tim.o
 .text.TIM_CCxChannelCmd
                0x08007c62       0x48 ./Drivers/STM32L1xx_HAL_Driver/Src/stm32l1xx_hal_tim.o
 *fill*         0x08007caa        0x2 
 .text.HAL_TIMEx_MasterConfigSynchronization
                0x08007cac       0xbc ./Drivers/STM32L1xx_HAL_Driver/Src/stm32l1xx_hal_tim_ex.o
                0x08007cac                HAL_TIMEx_MasterConfigSynchronization
 .text.HAL_UART_Init
                0x08007d68       0xa0 ./Drivers/STM32L1xx_HAL_Driver/Src/stm32l1xx_hal_uart.o
                0x08007d68                HAL_UART_Init
 .text.HAL_UART_Transmit
                0x08007e08      0x116 ./Drivers/STM32L1xx_HAL_Driver/Src/stm32l1xx_hal_uart.o
                0x08007e08                HAL_UART_Transmit
 .text.HAL_UART_DMAStop
                0x08007f1e       0xfe ./Drivers/STM32L1xx_HAL_Driver/Src/stm32l1xx_hal_uart.o
                0x08007f1e                HAL_UART_DMAStop
 .text.HAL_UARTEx_ReceiveToIdle_DMA
                0x0800801c       0xb2 ./Drivers/STM32L1xx_HAL_Driver/Src/stm32l1xx_hal_uart.o
                0x0800801c                HAL_UARTEx_ReceiveToIdle_DMA
 *fill*         0x080080ce        0x2 
 .text.HAL_UART_IRQHandler
                0x080080d0      0x550 ./Drivers/STM32L1xx_HAL_Driver/Src/stm32l1xx_hal_uart.o
                0x080080d0                HAL_UART_IRQHandler
 .text.HAL_UART_TxCpltCallback
                0x08008620       0x12 ./Drivers/STM32L1xx_HAL_Driver/Src/stm32l1xx_hal_uart.o
                0x08008620                HAL_UART_TxCpltCallback
 .text.HAL_UART_RxCpltCallback
                0x08008632       0x12 ./Drivers/STM32L1xx_HAL_Driver/Src/stm32l1xx_hal_uart.o
                0x08008632                HAL_UART_RxCpltCallback
 .text.HAL_UART_RxHalfCpltCallback
                0x08008644       0x12 ./Drivers/STM32L1xx_HAL_Driver/Src/stm32l1xx_hal_uart.o
                0x08008644                HAL_UART_RxHalfCpltCallback
 .text.UART_DMAReceiveCplt
                0x08008656      0x12c ./Drivers/STM32L1xx_HAL_Driver/Src/stm32l1xx_hal_uart.o
 .text.UART_DMARxHalfCplt
                0x08008782       0x3c ./Drivers/STM32L1xx_HAL_Driver/Src/stm32l1xx_hal_uart.o
 .text.UART_DMAError
                0x080087be       0x94 ./Drivers/STM32L1xx_HAL_Driver/Src/stm32l1xx_hal_uart.o
 .text.UART_WaitOnFlagUntilTimeout
                0x08008852       0xb2 ./Drivers/STM32L1xx_HAL_Driver/Src/stm32l1xx_hal_uart.o
 .text.UART_Start_Receive_DMA
                0x08008904      0x14c ./Drivers/STM32L1xx_HAL_Driver/Src/stm32l1xx_hal_uart.o
                0x08008904                UART_Start_Receive_DMA
 .text.UART_EndTxTransfer
                0x08008a50       0x4e ./Drivers/STM32L1xx_HAL_Driver/Src/stm32l1xx_hal_uart.o
 .text.UART_EndRxTransfer
                0x08008a9e       0xc4 ./Drivers/STM32L1xx_HAL_Driver/Src/stm32l1xx_hal_uart.o
 .text.UART_DMAAbortOnError
                0x08008b62       0x22 ./Drivers/STM32L1xx_HAL_Driver/Src/stm32l1xx_hal_uart.o
 .text.UART_Transmit_IT
                0x08008b84       0x9e ./Drivers/STM32L1xx_HAL_Driver/Src/stm32l1xx_hal_uart.o
 .text.UART_EndTransmit_IT
                0x08008c22       0x30 ./Drivers/STM32L1xx_HAL_Driver/Src/stm32l1xx_hal_uart.o
 .text.UART_Receive_IT
                0x08008c52      0x17c ./Drivers/STM32L1xx_HAL_Driver/Src/stm32l1xx_hal_uart.o
 *fill*         0x08008dce        0x2 
 .text.UART_SetConfig
                0x08008dd0      0x1c8 ./Drivers/STM32L1xx_HAL_Driver/Src/stm32l1xx_hal_uart.o
 .text.VL53L0X_GetOffsetCalibrationDataMicroMeter
                0x08008f98       0x26 ./Drivers/VL53L0X/core/src/vl53l0x_api.o
                0x08008f98                VL53L0X_GetOffsetCalibrationDataMicroMeter
 *fill*         0x08008fbe        0x2 
 .text.VL53L0X_DataInit
                0x08008fc0      0x2c8 ./Drivers/VL53L0X/core/src/vl53l0x_api.o
                0x08008fc0                VL53L0X_DataInit
 .text.VL53L0X_StaticInit
                0x08009288      0x300 ./Drivers/VL53L0X/core/src/vl53l0x_api.o
                0x08009288                VL53L0X_StaticInit
 .text.VL53L0X_WaitDeviceBooted
                0x08009588       0x1a ./Drivers/VL53L0X/core/src/vl53l0x_api.o
                0x08009588                VL53L0X_WaitDeviceBooted
 .text.VL53L0X_GetDeviceParameters
                0x080095a2      0x120 ./Drivers/VL53L0X/core/src/vl53l0x_api.o
                0x080095a2                VL53L0X_GetDeviceParameters
 *fill*         0x080096c2        0x2 
 .text.VL53L0X_SetDeviceMode
                0x080096c4       0x58 ./Drivers/VL53L0X/core/src/vl53l0x_api.o
                0x080096c4                VL53L0X_SetDeviceMode
 .text.VL53L0X_GetDeviceMode
                0x0800971c       0x24 ./Drivers/VL53L0X/core/src/vl53l0x_api.o
                0x0800971c                VL53L0X_GetDeviceMode
 .text.VL53L0X_GetFractionEnable
                0x08009740       0x3e ./Drivers/VL53L0X/core/src/vl53l0x_api.o
                0x08009740                VL53L0X_GetFractionEnable
 .text.VL53L0X_SetMeasurementTimingBudgetMicroSeconds
                0x0800977e       0x26 ./Drivers/VL53L0X/core/src/vl53l0x_api.o
                0x0800977e                VL53L0X_SetMeasurementTimingBudgetMicroSeconds
 .text.VL53L0X_GetMeasurementTimingBudgetMicroSeconds
                0x080097a4       0x26 ./Drivers/VL53L0X/core/src/vl53l0x_api.o
                0x080097a4                VL53L0X_GetMeasurementTimingBudgetMicroSeconds
 .text.VL53L0X_SetVcselPulsePeriod
                0x080097ca       0x30 ./Drivers/VL53L0X/core/src/vl53l0x_api.o
                0x080097ca                VL53L0X_SetVcselPulsePeriod
 .text.VL53L0X_GetVcselPulsePeriod
                0x080097fa       0x2e ./Drivers/VL53L0X/core/src/vl53l0x_api.o
                0x080097fa                VL53L0X_GetVcselPulsePeriod
 .text.VL53L0X_SetSequenceStepEnable
                0x08009828      0x140 ./Drivers/VL53L0X/core/src/vl53l0x_api.o
                0x08009828                VL53L0X_SetSequenceStepEnable
 .text.sequence_step_enabled
                0x08009968       0xa4 ./Drivers/VL53L0X/core/src/vl53l0x_api.o
                0x08009968                sequence_step_enabled
 .text.VL53L0X_GetSequenceStepEnables
                0x08009a0c       0xb0 ./Drivers/VL53L0X/core/src/vl53l0x_api.o
                0x08009a0c                VL53L0X_GetSequenceStepEnables
 .text.VL53L0X_GetInterMeasurementPeriodMilliSeconds
                0x08009abc       0x68 ./Drivers/VL53L0X/core/src/vl53l0x_api.o
                0x08009abc                VL53L0X_GetInterMeasurementPeriodMilliSeconds
 .text.VL53L0X_GetXTalkCompensationEnable
                0x08009b24       0x28 ./Drivers/VL53L0X/core/src/vl53l0x_api.o
                0x08009b24                VL53L0X_GetXTalkCompensationEnable
 .text.VL53L0X_GetXTalkCompensationRateMegaCps
                0x08009b4c       0x66 ./Drivers/VL53L0X/core/src/vl53l0x_api.o
                0x08009b4c                VL53L0X_GetXTalkCompensationRateMegaCps
 *fill*         0x08009bb2        0x2 
 .text.VL53L0X_SetLimitCheckEnable
                0x08009bb4      0x118 ./Drivers/VL53L0X/core/src/vl53l0x_api.o
                0x08009bb4                VL53L0X_SetLimitCheckEnable
 .text.VL53L0X_GetLimitCheckEnable
                0x08009ccc       0x44 ./Drivers/VL53L0X/core/src/vl53l0x_api.o
                0x08009ccc                VL53L0X_GetLimitCheckEnable
 .text.VL53L0X_SetLimitCheckValue
                0x08009d10       0xc4 ./Drivers/VL53L0X/core/src/vl53l0x_api.o
                0x08009d10                VL53L0X_SetLimitCheckValue
 .text.VL53L0X_GetLimitCheckValue
                0x08009dd4      0x11c ./Drivers/VL53L0X/core/src/vl53l0x_api.o
                0x08009dd4                VL53L0X_GetLimitCheckValue
 .text.VL53L0X_GetWrapAroundCheckEnable
                0x08009ef0       0x64 ./Drivers/VL53L0X/core/src/vl53l0x_api.o
                0x08009ef0                VL53L0X_GetWrapAroundCheckEnable
 .text.VL53L0X_PerformSingleMeasurement
                0x08009f54       0x68 ./Drivers/VL53L0X/core/src/vl53l0x_api.o
                0x08009f54                VL53L0X_PerformSingleMeasurement
 .text.VL53L0X_PerformRefCalibration
                0x08009fbc       0x2c ./Drivers/VL53L0X/core/src/vl53l0x_api.o
                0x08009fbc                VL53L0X_PerformRefCalibration
 .text.VL53L0X_CheckAndLoadInterruptSettings
                0x08009fe8       0xcc ./Drivers/VL53L0X/core/src/vl53l0x_api.o
                0x08009fe8                VL53L0X_CheckAndLoadInterruptSettings
 .text.VL53L0X_StartMeasurement
                0x0800a0b4      0x184 ./Drivers/VL53L0X/core/src/vl53l0x_api.o
                0x0800a0b4                VL53L0X_StartMeasurement
 .text.VL53L0X_GetMeasurementDataReady
                0x0800a238       0x80 ./Drivers/VL53L0X/core/src/vl53l0x_api.o
                0x0800a238                VL53L0X_GetMeasurementDataReady
 .text.VL53L0X_GetRangingMeasurementData
                0x0800a2b8      0x238 ./Drivers/VL53L0X/core/src/vl53l0x_api.o
                0x0800a2b8                VL53L0X_GetRangingMeasurementData
 .text.VL53L0X_PerformSingleRangingMeasurement
                0x0800a4f0       0x60 ./Drivers/VL53L0X/core/src/vl53l0x_api.o
                0x0800a4f0                VL53L0X_PerformSingleRangingMeasurement
 .text.VL53L0X_SetGpioConfig
                0x0800a550      0x244 ./Drivers/VL53L0X/core/src/vl53l0x_api.o
                0x0800a550                VL53L0X_SetGpioConfig
 .text.VL53L0X_GetInterruptThresholds
                0x0800a794       0x68 ./Drivers/VL53L0X/core/src/vl53l0x_api.o
                0x0800a794                VL53L0X_GetInterruptThresholds
 .text.VL53L0X_ClearInterruptMask
                0x0800a7fc       0x80 ./Drivers/VL53L0X/core/src/vl53l0x_api.o
                0x0800a7fc                VL53L0X_ClearInterruptMask
 .text.VL53L0X_GetInterruptMaskStatus
                0x0800a87c       0x44 ./Drivers/VL53L0X/core/src/vl53l0x_api.o
                0x0800a87c                VL53L0X_GetInterruptMaskStatus
 .text.VL53L0X_PerformRefSpadManagement
                0x0800a8c0       0x2a ./Drivers/VL53L0X/core/src/vl53l0x_api.o
                0x0800a8c0                VL53L0X_PerformRefSpadManagement
 .text.VL53L0X_get_offset_calibration_data_micro_meter
                0x0800a8ea       0x7e ./Drivers/VL53L0X/core/src/vl53l0x_api_calibration.o
                0x0800a8ea                VL53L0X_get_offset_calibration_data_micro_meter
 .text.get_next_good_spad
                0x0800a968       0xba ./Drivers/VL53L0X/core/src/vl53l0x_api_calibration.o
                0x0800a968                get_next_good_spad
 *fill*         0x0800aa22        0x2 
 .text.is_aperture
                0x0800aa24       0x34 ./Drivers/VL53L0X/core/src/vl53l0x_api_calibration.o
                0x0800aa24                is_aperture
 .text.enable_spad_bit
                0x0800aa58       0x6e ./Drivers/VL53L0X/core/src/vl53l0x_api_calibration.o
                0x0800aa58                enable_spad_bit
 .text.set_ref_spad_map
                0x0800aac6       0x26 ./Drivers/VL53L0X/core/src/vl53l0x_api_calibration.o
                0x0800aac6                set_ref_spad_map
 .text.get_ref_spad_map
                0x0800aaec       0x26 ./Drivers/VL53L0X/core/src/vl53l0x_api_calibration.o
                0x0800aaec                get_ref_spad_map
 .text.enable_ref_spads
                0x0800ab12       0xf8 ./Drivers/VL53L0X/core/src/vl53l0x_api_calibration.o
                0x0800ab12                enable_ref_spads
 .text.perform_ref_signal_measurement
                0x0800ac0a       0xd4 ./Drivers/VL53L0X/core/src/vl53l0x_api_calibration.o
                0x0800ac0a                perform_ref_signal_measurement
 .text.VL53L0X_perform_ref_spad_management
                0x0800acde      0x418 ./Drivers/VL53L0X/core/src/vl53l0x_api_calibration.o
                0x0800acde                VL53L0X_perform_ref_spad_management
 .text.VL53L0X_set_reference_spads
                0x0800b0f6      0x14a ./Drivers/VL53L0X/core/src/vl53l0x_api_calibration.o
                0x0800b0f6                VL53L0X_set_reference_spads
 .text.VL53L0X_perform_single_ref_calibration
                0x0800b240       0x76 ./Drivers/VL53L0X/core/src/vl53l0x_api_calibration.o
                0x0800b240                VL53L0X_perform_single_ref_calibration
 .text.VL53L0X_ref_calibration_io
                0x0800b2b6      0x132 ./Drivers/VL53L0X/core/src/vl53l0x_api_calibration.o
                0x0800b2b6                VL53L0X_ref_calibration_io
 .text.VL53L0X_perform_vhv_calibration
                0x0800b3e8       0xce ./Drivers/VL53L0X/core/src/vl53l0x_api_calibration.o
                0x0800b3e8                VL53L0X_perform_vhv_calibration
 .text.VL53L0X_perform_phase_calibration
                0x0800b4b6       0xca ./Drivers/VL53L0X/core/src/vl53l0x_api_calibration.o
                0x0800b4b6                VL53L0X_perform_phase_calibration
 .text.VL53L0X_perform_ref_calibration
                0x0800b580       0x7a ./Drivers/VL53L0X/core/src/vl53l0x_api_calibration.o
                0x0800b580                VL53L0X_perform_ref_calibration
 .text.VL53L0X_measurement_poll_for_completion
                0x0800b5fa       0x60 ./Drivers/VL53L0X/core/src/vl53l0x_api_core.o
                0x0800b5fa                VL53L0X_measurement_poll_for_completion
 .text.VL53L0X_decode_vcsel_period
                0x0800b65a       0x24 ./Drivers/VL53L0X/core/src/vl53l0x_api_core.o
                0x0800b65a                VL53L0X_decode_vcsel_period
 .text.VL53L0X_encode_vcsel_period
                0x0800b67e       0x24 ./Drivers/VL53L0X/core/src/vl53l0x_api_core.o
                0x0800b67e                VL53L0X_encode_vcsel_period
 .text.VL53L0X_isqrt
                0x0800b6a2       0x66 ./Drivers/VL53L0X/core/src/vl53l0x_api_core.o
                0x0800b6a2                VL53L0X_isqrt
 .text.VL53L0X_device_read_strobe
                0x0800b708       0x86 ./Drivers/VL53L0X/core/src/vl53l0x_api_core.o
                0x0800b708                VL53L0X_device_read_strobe
 .text.VL53L0X_get_info_from_device
                0x0800b78e      0x99a ./Drivers/VL53L0X/core/src/vl53l0x_api_core.o
                0x0800b78e                VL53L0X_get_info_from_device
 .text.VL53L0X_calc_macro_period_ps
                0x0800c128       0x3a ./Drivers/VL53L0X/core/src/vl53l0x_api_core.o
                0x0800c128                VL53L0X_calc_macro_period_ps
 .text.VL53L0X_encode_timeout
                0x0800c162       0x52 ./Drivers/VL53L0X/core/src/vl53l0x_api_core.o
                0x0800c162                VL53L0X_encode_timeout
 .text.VL53L0X_decode_timeout
                0x0800c1b4       0x2a ./Drivers/VL53L0X/core/src/vl53l0x_api_core.o
                0x0800c1b4                VL53L0X_decode_timeout
 *fill*         0x0800c1de        0x2 
 .text.VL53L0X_calc_timeout_mclks
                0x0800c1e0       0x54 ./Drivers/VL53L0X/core/src/vl53l0x_api_core.o
                0x0800c1e0                VL53L0X_calc_timeout_mclks
 .text.VL53L0X_calc_timeout_us
                0x0800c234       0x54 ./Drivers/VL53L0X/core/src/vl53l0x_api_core.o
                0x0800c234                VL53L0X_calc_timeout_us
 .text.get_sequence_step_timeout
                0x0800c288      0x1c0 ./Drivers/VL53L0X/core/src/vl53l0x_api_core.o
                0x0800c288                get_sequence_step_timeout
 .text.set_sequence_step_timeout
                0x0800c448      0x1e4 ./Drivers/VL53L0X/core/src/vl53l0x_api_core.o
                0x0800c448                set_sequence_step_timeout
 .text.VL53L0X_set_vcsel_pulse_period
                0x0800c62c      0x50e ./Drivers/VL53L0X/core/src/vl53l0x_api_core.o
                0x0800c62c                VL53L0X_set_vcsel_pulse_period
 .text.VL53L0X_get_vcsel_pulse_period
                0x0800cb3a       0x6e ./Drivers/VL53L0X/core/src/vl53l0x_api_core.o
                0x0800cb3a                VL53L0X_get_vcsel_pulse_period
 .text.VL53L0X_set_measurement_timing_budget_micro_seconds
                0x0800cba8      0x1c0 ./Drivers/VL53L0X/core/src/vl53l0x_api_core.o
                0x0800cba8                VL53L0X_set_measurement_timing_budget_micro_seconds
 .text.VL53L0X_get_measurement_timing_budget_micro_seconds
                0x0800cd68      0x162 ./Drivers/VL53L0X/core/src/vl53l0x_api_core.o
                0x0800cd68                VL53L0X_get_measurement_timing_budget_micro_seconds
 *fill*         0x0800ceca        0x2 
 .text.VL53L0X_load_tuning_settings
                0x0800cecc      0x1c4 ./Drivers/VL53L0X/core/src/vl53l0x_api_core.o
                0x0800cecc                VL53L0X_load_tuning_settings
 .text.VL53L0X_get_total_xtalk_rate
                0x0800d090       0x5e ./Drivers/VL53L0X/core/src/vl53l0x_api_core.o
                0x0800d090                VL53L0X_get_total_xtalk_rate
 .text.VL53L0X_get_total_signal_rate
                0x0800d0ee       0x4a ./Drivers/VL53L0X/core/src/vl53l0x_api_core.o
                0x0800d0ee                VL53L0X_get_total_signal_rate
 .text.VL53L0X_calc_dmax
                0x0800d138      0x238 ./Drivers/VL53L0X/core/src/vl53l0x_api_core.o
                0x0800d138                VL53L0X_calc_dmax
 .text.VL53L0X_calc_sigma_estimate
                0x0800d370      0x498 ./Drivers/VL53L0X/core/src/vl53l0x_api_core.o
                0x0800d370                VL53L0X_calc_sigma_estimate
 .text.VL53L0X_get_pal_range_status
                0x0800d808      0x3b6 ./Drivers/VL53L0X/core/src/vl53l0x_api_core.o
                0x0800d808                VL53L0X_get_pal_range_status
 .text._I2CWrite
                0x0800dbbe       0x3e ./Drivers/VL53L0X/platform/src/vl53l0x_platform.o
                0x0800dbbe                _I2CWrite
 .text._I2CRead
                0x0800dbfc       0x44 ./Drivers/VL53L0X/platform/src/vl53l0x_platform.o
                0x0800dbfc                _I2CRead
 .text.VL53L0X_WriteMulti
                0x0800dc40       0x60 ./Drivers/VL53L0X/platform/src/vl53l0x_platform.o
                0x0800dc40                VL53L0X_WriteMulti
 .text.VL53L0X_ReadMulti
                0x0800dca0       0x56 ./Drivers/VL53L0X/platform/src/vl53l0x_platform.o
                0x0800dca0                VL53L0X_ReadMulti
 *fill*         0x0800dcf6        0x2 
 .text.VL53L0X_WrByte
                0x0800dcf8       0x48 ./Drivers/VL53L0X/platform/src/vl53l0x_platform.o
                0x0800dcf8                VL53L0X_WrByte
 .text.VL53L0X_WrWord
                0x0800dd40       0x54 ./Drivers/VL53L0X/platform/src/vl53l0x_platform.o
                0x0800dd40                VL53L0X_WrWord
 .text.VL53L0X_UpdateByte
                0x0800dd94       0x68 ./Drivers/VL53L0X/platform/src/vl53l0x_platform.o
                0x0800dd94                VL53L0X_UpdateByte
 .text.VL53L0X_RdByte
                0x0800ddfc       0x54 ./Drivers/VL53L0X/platform/src/vl53l0x_platform.o
                0x0800ddfc                VL53L0X_RdByte
 .text.VL53L0X_RdWord
                0x0800de50       0x6c ./Drivers/VL53L0X/platform/src/vl53l0x_platform.o
                0x0800de50                VL53L0X_RdWord
 .text.VL53L0X_RdDWord
                0x0800debc       0x78 ./Drivers/VL53L0X/platform/src/vl53l0x_platform.o
                0x0800debc                VL53L0X_RdDWord
 .text.VL53L0X_PollingDelay
                0x0800df34       0x1e ./Drivers/VL53L0X/platform/src/vl53l0x_platform.o
                0x0800df34                VL53L0X_PollingDelay
 *fill*         0x0800df52        0x2 
 .text._strtol_l.isra.0
                0x0800df54       0xf4 C:/ST/STM32CubeIDE_2.0.0/STM32CubeIDE/plugins/com.st.stm32cube.ide.mcu.externaltools.gnu-tools-for-stm32.13.3.rel1.win32_1.0.100.202509120712/tools/bin/../lib/gcc/arm-none-eabi/13.3.1/../../../../arm-none-eabi/lib/thumb/v7-m/nofp\libc_nano.a(libc_a-strtol.o)
 .text.strtol   0x0800e048       0x14 C:/ST/STM32CubeIDE_2.0.0/STM32CubeIDE/plugins/com.st.stm32cube.ide.mcu.externaltools.gnu-tools-for-stm32.13.3.rel1.win32_1.0.100.202509120712/tools/bin/../lib/gcc/arm-none-eabi/13.3.1/../../../../arm-none-eabi/lib/thumb/v7-m/nofp\libc_nano.a(libc_a-strtol.o)
                0x0800e048                strtol
 .text.snprintf
                0x0800e05c       0x6c C:/ST/STM32CubeIDE_2.0.0/STM32CubeIDE/plugins/com.st.stm32cube.ide.mcu.externaltools.gnu-tools-for-stm32.13.3.rel1.win32_1.0.100.202509120712/tools/bin/../lib/gcc/arm-none-eabi/13.3.1/../../../../arm-none-eabi/lib/thumb/v7-m/nofp\libc_nano.a(libc_a-snprintf.o)
                0x0800e05c                sniprintf
                0x0800e05c                snprintf
 .text.memset   0x0800e0c8       0x10 C:/ST/STM32CubeIDE_2.0.0/STM32CubeIDE/plugins/com.st.stm32cube.ide.mcu.externaltools.gnu-tools-for-stm32.13.3.rel1.win32_1.0.100.202509120712/tools/bin/../lib/gcc/arm-none-eabi/13.3.1/../../../../arm-none-eabi/lib/thumb/v7-m/nofp\libc_nano.a(libc_a-memset.o)
                0x0800e0c8                memset
 .text.strcat   0x0800e0d8       0x1e C:/ST/STM32CubeIDE_2.0.0/STM32CubeIDE/plugins/com.st.stm32cube.ide.mcu.externaltools.gnu-tools-for-stm32.13.3.rel1.win32_1.0.100.202509120712/tools/bin/../lib/gcc/arm-none-eabi/13.3.1/../../../../arm-none-eabi/lib/thumb/v7-m/nofp\libc_nano.a(libc_a-strcat.o)
                0x0800e0d8                strcat
 *fill*         0x0800e0f6        0x2 
 .text.__errno  0x0800e0f8        0xc C:/ST/STM32CubeIDE_2.0.0/STM32CubeIDE/plugins/com.st.stm32cube.ide.mcu.externaltools.gnu-tools-for-stm32.13.3.rel1.win32_1.0.100.202509120712/tools/bin/../lib/gcc/arm-none-eabi/13.3.1/../../../../arm-none-eabi/lib/thumb/v7-m/nofp\libc_nano.a(libc_a-errno.o)
                0x0800e0f8                __errno
 .text.__libc_init_array
                0x0800e104       0x48 C:/ST/STM32CubeIDE_2.0.0/STM32CubeIDE/plugins/com.st.stm32cube.ide.mcu.externaltools.gnu-tools-for-stm32.13.3.rel1.win32_1.0.100.202509120712/tools/bin/../lib/gcc/arm-none-eabi/13.3.1/../../../../arm-none-eabi/lib/thumb/v7-m/nofp\libc_nano.a(libc_a-init.o)
                0x0800e104                __libc_init_array
 .text.__retarget_lock_acquire_recursive
                0x0800e14c        0x2 C:/ST/STM32CubeIDE_2.0.0/STM32CubeIDE/plugins/com.st.stm32cube.ide.mcu.externaltools.gnu-tools-for-stm32.13.3.rel1.win32_1.0.100.202509120712/tools/bin/../lib/gcc/arm-none-eabi/13.3.1/../../../../arm-none-eabi/lib/thumb/v7-m/nofp\libc_nano.a(libc_a-lock.o)
                0x0800e14c                __retarget_lock_acquire_recursive
 .text.__retarget_lock_release_recursive
                0x0800e14e        0x2 C:/ST/STM32CubeIDE_2.0.0/STM32CubeIDE/plugins/com.st.stm32cube.ide.mcu.externaltools.gnu-tools-for-stm32.13.3.rel1.win32_1.0.100.202509120712/tools/bin/../lib/gcc/arm-none-eabi/13.3.1/../../../../arm-none-eabi/lib/thumb/v7-m/nofp\libc_nano.a(libc_a-lock.o)
                0x0800e14e                __retarget_lock_release_recursive
 .text.strcpy   0x0800e150       0x10 C:/ST/STM32CubeIDE_2.0.0/STM32CubeIDE/plugins/com.st.stm32cube.ide.mcu.externaltools.gnu-tools-for-stm32.13.3.rel1.win32_1.0.100.202509120712/tools/bin/../lib/gcc/arm-none-eabi/13.3.1/../../../../arm-none-eabi/lib/thumb/v7-m/nofp\libc_nano.a(libc_a-strcpy.o)
                0x0800e150                strcpy
 .text.memcpy   0x0800e160       0x1c C:/ST/STM32CubeIDE_2.0.0/STM32CubeIDE/plugins/com.st.stm32cube.ide.mcu.externaltools.gnu-tools-for-stm32.13.3.rel1.win32_1.0.100.202509120712/tools/bin/../lib/gcc/arm-none-eabi/13.3.1/../../../../arm-none-eabi/lib/thumb/v7-m/nofp\libc_nano.a(libc_a-memcpy-stub.o)
                0x0800e160                memcpy
 .text._free_r  0x0800e17c       0x90 C:/ST/STM32CubeIDE_2.0.0/STM32CubeIDE/plugins/com.st.stm32cube.ide.mcu.externaltools.gnu-tools-for-stm32.13.3.rel1.win32_1.0.100.202509120712/tools/bin/../lib/gcc/arm-none-eabi/13.3.1/../../../../arm-none-eabi/lib/thumb/v7-m/nofp\libc_nano.a(libc_a-freer.o)
                0x0800e17c                _free_r
 .text.sbrk_aligned
                0x0800e20c       0x44 C:/ST/STM32CubeIDE_2.0.0/STM32CubeIDE/plugins/com.st.stm32cube.ide.mcu.externaltools.gnu-tools-for-stm32.13.3.rel1.win32_1.0.100.202509120712/tools/bin/../lib/gcc/arm-none-eabi/13.3.1/../../../../arm-none-eabi/lib/thumb/v7-m/nofp\libc_nano.a(libc_a-mallocr.o)
 .text._malloc_r
                0x0800e250      0x100 C:/ST/STM32CubeIDE_2.0.0/STM32CubeIDE/plugins/com.st.stm32cube.ide.mcu.externaltools.gnu-tools-for-stm32.13.3.rel1.win32_1.0.100.202509120712/tools/bin/../lib/gcc/arm-none-eabi/13.3.1/../../../../arm-none-eabi/lib/thumb/v7-m/nofp\libc_nano.a(libc_a-mallocr.o)
                0x0800e250                _malloc_r
 .text.__malloc_lock
                0x0800e350        0xc C:/ST/STM32CubeIDE_2.0.0/STM32CubeIDE/plugins/com.st.stm32cube.ide.mcu.externaltools.gnu-tools-for-stm32.13.3.rel1.win32_1.0.100.202509120712/tools/bin/../lib/gcc/arm-none-eabi/13.3.1/../../../../arm-none-eabi/lib/thumb/v7-m/nofp\libc_nano.a(libc_a-mlock.o)
                0x0800e350                __malloc_lock
 .text.__malloc_unlock
                0x0800e35c        0xc C:/ST/STM32CubeIDE_2.0.0/STM32CubeIDE/plugins/com.st.stm32cube.ide.mcu.externaltools.gnu-tools-for-stm32.13.3.rel1.win32_1.0.100.202509120712/tools/bin/../lib/gcc/arm-none-eabi/13.3.1/../../../../arm-none-eabi/lib/thumb/v7-m/nofp\libc_nano.a(libc_a-mlock.o)
                0x0800e35c                __malloc_unlock
 .text.__ssputs_r
                0x0800e368       0xb6 C:/ST/STM32CubeIDE_2.0.0/STM32CubeIDE/plugins/com.st.stm32cube.ide.mcu.externaltools.gnu-tools-for-stm32.13.3.rel1.win32_1.0.100.202509120712/tools/bin/../lib/gcc/arm-none-eabi/13.3.1/../../../../arm-none-eabi/lib/thumb/v7-m/nofp\libc_nano.a(libc_a-nano-svfprintf.o)
                0x0800e368                __ssputs_r
 *fill*         0x0800e41e        0x2 
 .text._svfprintf_r
                0x0800e420      0x1f8 C:/ST/STM32CubeIDE_2.0.0/STM32CubeIDE/plugins/com.st.stm32cube.ide.mcu.externaltools.gnu-tools-for-stm32.13.3.rel1.win32_1.0.100.202509120712/tools/bin/../lib/gcc/arm-none-eabi/13.3.1/../../../../arm-none-eabi/lib/thumb/v7-m/nofp\libc_nano.a(libc_a-nano-svfprintf.o)
                0x0800e420                _svfiprintf_r
                0x0800e420                _svfprintf_r
 .text._printf_common
                0x0800e618       0xe4 C:/ST/STM32CubeIDE_2.0.0/STM32CubeIDE/plugins/com.st.stm32cube.ide.mcu.externaltools.gnu-tools-for-stm32.13.3.rel1.win32_1.0.100.202509120712/tools/bin/../lib/gcc/arm-none-eabi/13.3.1/../../../../arm-none-eabi/lib/thumb/v7-m/nofp\libc_nano.a(libc_a-nano-vfprintf_i.o)
                0x0800e618                _printf_common
 .text._printf_i
                0x0800e6fc      0x23c C:/ST/STM32CubeIDE_2.0.0/STM32CubeIDE/plugins/com.st.stm32cube.ide.mcu.externaltools.gnu-tools-for-stm32.13.3.rel1.win32_1.0.100.202509120712/tools/bin/../lib/gcc/arm-none-eabi/13.3.1/../../../../arm-none-eabi/lib/thumb/v7-m/nofp\libc_nano.a(libc_a-nano-vfprintf_i.o)
                0x0800e6fc                _printf_i
 .text.memmove  0x0800e938       0x34 C:/ST/STM32CubeIDE_2.0.0/STM32CubeIDE/plugins/com.st.stm32cube.ide.mcu.externaltools.gnu-tools-for-stm32.13.3.rel1.win32_1.0.100.202509120712/tools/bin/../lib/gcc/arm-none-eabi/13.3.1/../../../../arm-none-eabi/lib/thumb/v7-m/nofp\libc_nano.a(libc_a-memmove.o)
                0x0800e938                memmove
 .text._sbrk_r  0x0800e96c       0x20 C:/ST/STM32CubeIDE_2.0.0/STM32CubeIDE/plugins/com.st.stm32cube.ide.mcu.externaltools.gnu-tools-for-stm32.13.3.rel1.win32_1.0.100.202509120712/tools/bin/../lib/gcc/arm-none-eabi/13.3.1/../../../../arm-none-eabi/lib/thumb/v7-m/nofp\libc_nano.a(libc_a-sbrkr.o)
                0x0800e96c                _sbrk_r
 .text.memchr   0x0800e98c       0x1c C:/ST/STM32CubeIDE_2.0.0/STM32CubeIDE/plugins/com.st.stm32cube.ide.mcu.externaltools.gnu-tools-for-stm32.13.3.rel1.win32_1.0.100.202509120712/tools/bin/../lib/gcc/arm-none-eabi/13.3.1/../../../../arm-none-eabi/lib/thumb/v7-m/nofp\libc_nano.a(libc_a-memchr-stub.o)
                0x0800e98c                memchr
 .text._realloc_r
                0x0800e9a8       0x5c C:/ST/STM32CubeIDE_2.0.0/STM32CubeIDE/plugins/com.st.stm32cube.ide.mcu.externaltools.gnu-tools-for-stm32.13.3.rel1.win32_1.0.100.202509120712/tools/bin/../lib/gcc/arm-none-eabi/13.3.1/../../../../arm-none-eabi/lib/thumb/v7-m/nofp\libc_nano.a(libc_a-reallocr.o)
                0x0800e9a8                _realloc_r
 .text._malloc_usable_size_r
                0x0800ea04       0x10 C:/ST/STM32CubeIDE_2.0.0/STM32CubeIDE/plugins/com.st.stm32cube.ide.mcu.externaltools.gnu-tools-for-stm32.13.3.rel1.win32_1.0.100.202509120712/tools/bin/../lib/gcc/arm-none-eabi/13.3.1/../../../../arm-none-eabi/lib/thumb/v7-m/nofp\libc_nano.a(libc_a-msizer.o)
                0x0800ea04                _malloc_usable_size_r
 *(.glue_7)
 .glue_7        0x0800ea14        0x0 linker stubs
 *(.glue_7t)
 .glue_7t       0x0800ea14        0x0 linker stubs
 *(.eh_frame)
 .eh_frame      0x0800ea14        0x0 C:/ST/STM32CubeIDE_2.0.0/STM32CubeIDE/plugins/com.st.stm32cube.ide.mcu.externaltools.gnu-tools-for-stm32.13.3.rel1.win32_1.0.100.202509120712/tools/bin/../lib/gcc/arm-none-eabi/13.3.1/thumb/v7-m/nofp/crtbegin.o
 *(.init)
 .init          0x0800ea14        0x4 C:/ST/STM32CubeIDE_2.0.0/STM32CubeIDE/plugins/com.st.stm32cube.ide.mcu.externaltools.gnu-tools-for-stm32.13.3.rel1.win32_1.0.100.202509120712/tools/bin/../lib/gcc/arm-none-eabi/13.3.1/thumb/v7-m/nofp/crti.o
                0x0800ea14                _init
 .init          0x0800ea18        0x8 C:/ST/STM32CubeIDE_2.0.0/STM32CubeIDE/plugins/com.st.stm32cube.ide.mcu.externaltools.gnu-tools-for-stm32.13.3.rel1.win32_1.0.100.202509120712/tools/bin/../lib/gcc/arm-none-eabi/13.3.1/thumb/v7-m/nofp/crtn.o
 *(.fini)
 .fini          0x0800ea20        0x4 C:/ST/STM32CubeIDE_2.0.0/STM32CubeIDE/plugins/com.st.stm32cube.ide.mcu.externaltools.gnu-tools-for-stm32.13.3.rel1.win32_1.0.100.202509120712/tools/bin/../lib/gcc/arm-none-eabi/13.3.1/thumb/v7-m/nofp/crti.o
                0x0800ea20                _fini
 .fini          0x0800ea24        0x8 C:/ST/STM32CubeIDE_2.0.0/STM32CubeIDE/plugins/com.st.stm32cube.ide.mcu.externaltools.gnu-tools-for-stm32.13.3.rel1.win32_1.0.100.202509120712/tools/bin/../lib/gcc/arm-none-eabi/13.3.1/thumb/v7-m/nofp/crtn.o
                0x0800ea2c                        . = ALIGN (0x4)
                0x0800ea2c                        _etext = .

.vfp11_veneer   0x0800ea2c        0x0
 .vfp11_veneer  0x0800ea2c        0x0 linker stubs

.v4_bx          0x0800ea2c        0x0
 .v4_bx         0x0800ea2c        0x0 linker stubs

.iplt           0x0800ea2c        0x0
 .iplt          0x0800ea2c        0x0 C:/ST/STM32CubeIDE_2.0.0/STM32CubeIDE/plugins/com.st.stm32cube.ide.mcu.externaltools.gnu-tools-for-stm32.13.3.rel1.win32_1.0.100.202509120712/tools/bin/../lib/gcc/arm-none-eabi/13.3.1/thumb/v7-m/nofp/crtbegin.o

.rodata         0x0800ea2c      0x2ac
                0x0800ea2c                        . = ALIGN (0x4)
 *(.rodata)
 .rodata        0x0800ea2c      0x13d ./Core/Src/modules/wifi.o
 *(.rodata*)
 *fill*         0x0800eb69        0x3 
 .rodata.PLLMulTable
                0x0800eb6c        0x9 ./Core/Src/system_stm32l1xx.o
                0x0800eb6c                PLLMulTable
 *fill*         0x0800eb75        0x3 
 .rodata.AHBPrescTable
                0x0800eb78       0x10 ./Core/Src/system_stm32l1xx.o
                0x0800eb78                AHBPrescTable
 .rodata.APBPrescTable
                0x0800eb88        0x8 ./Core/Src/system_stm32l1xx.o
                0x0800eb88                APBPrescTable
 .rodata.ipd    0x0800eb90        0x4 ./Core/Src/modules/wifi.o
 .rodata.colon  0x0800eb94        0x1 ./Core/Src/modules/wifi.o
 *fill*         0x0800eb95        0x3 
 .rodata.comma  0x0800eb98        0x1 ./Core/Src/modules/wifi.o
 *fill*         0x0800eb99        0x3 
 .rodata.get_prefixK
                0x0800eb9c        0x5 ./Core/Src/modules/wifi.o
 .rodata._ctype_
                0x0800eba1      0x101 C:/ST/STM32CubeIDE_2.0.0/STM32CubeIDE/plugins/com.st.stm32cube.ide.mcu.externaltools.gnu-tools-for-stm32.13.3.rel1.win32_1.0.100.202509120712/tools/bin/../lib/gcc/arm-none-eabi/13.3.1/../../../../arm-none-eabi/lib/thumb/v7-m/nofp\libc_nano.a(libc_a-ctype_.o)
                0x0800eba1                _ctype_
 .rodata._svfprintf_r.str1.1
                0x0800eca2       0x33 C:/ST/STM32CubeIDE_2.0.0/STM32CubeIDE/plugins/com.st.stm32cube.ide.mcu.externaltools.gnu-tools-for-stm32.13.3.rel1.win32_1.0.100.202509120712/tools/bin/../lib/gcc/arm-none-eabi/13.3.1/../../../../arm-none-eabi/lib/thumb/v7-m/nofp\libc_nano.a(libc_a-nano-svfprintf.o)
                                 0x11 (size before relaxing)
 .rodata._printf_i.str1.1
                0x0800ecd5        0x0 C:/ST/STM32CubeIDE_2.0.0/STM32CubeIDE/plugins/com.st.stm32cube.ide.mcu.externaltools.gnu-tools-for-stm32.13.3.rel1.win32_1.0.100.202509120712/tools/bin/../lib/gcc/arm-none-eabi/13.3.1/../../../../arm-none-eabi/lib/thumb/v7-m/nofp\libc_nano.a(libc_a-nano-vfprintf_i.o)
                                 0x22 (size before relaxing)
                0x0800ecd8                        . = ALIGN (0x4)
 *fill*         0x0800ecd5        0x3 

.ARM.extab      0x0800ecd8        0x0
                0x0800ecd8                        . = ALIGN (0x4)
 *(.ARM.extab* .gnu.linkonce.armextab.*)
                0x0800ecd8                        . = ALIGN (0x4)

.ARM            0x0800ecd8        0x8
                0x0800ecd8                        . = ALIGN (0x4)
                0x0800ecd8                        __exidx_start = .
 *(.ARM.exidx*)
 .ARM.exidx     0x0800ecd8        0x8 C:/ST/STM32CubeIDE_2.0.0/STM32CubeIDE/plugins/com.st.stm32cube.ide.mcu.externaltools.gnu-tools-for-stm32.13.3.rel1.win32_1.0.100.202509120712/tools/bin/../lib/gcc/arm-none-eabi/13.3.1/../../../../arm-none-eabi/lib/thumb/v7-m/nofp\libc_nano.a(libc_a-strlen.o)
 .ARM.exidx     0x0800ece0        0x0 C:/ST/STM32CubeIDE_2.0.0/STM32CubeIDE/plugins/com.st.stm32cube.ide.mcu.externaltools.gnu-tools-for-stm32.13.3.rel1.win32_1.0.100.202509120712/tools/bin/../lib/gcc/arm-none-eabi/13.3.1/thumb/v7-m/nofp\libgcc.a(_udivmoddi4.o)
                                  0x8 (size before relaxing)
                0x0800ece0                        __exidx_end = .
                0x0800ece0                        . = ALIGN (0x4)

.preinit_array  0x0800ece0        0x0
                0x0800ece0                        . = ALIGN (0x4)
                0x0800ece0                        PROVIDE (__preinit_array_start = .)
 *(.preinit_array*)
                0x0800ece0                        PROVIDE (__preinit_array_end = .)
                0x0800ece0                        . = ALIGN (0x4)

.init_array     0x0800ece0        0x4
                0x0800ece0                        . = ALIGN (0x4)
                0x0800ece0                        PROVIDE (__init_array_start = .)
 *(SORT_BY_NAME(.init_array.*))
 *(.init_array*)
 .init_array    0x0800ece0        0x4 C:/ST/STM32CubeIDE_2.0.0/STM32CubeIDE/plugins/com.st.stm32cube.ide.mcu.externaltools.gnu-tools-for-stm32.13.3.rel1.win32_1.0.100.202509120712/tools/bin/../lib/gcc/arm-none-eabi/13.3.1/thumb/v7-m/nofp/crtbegin.o
                0x0800ece4                        PROVIDE (__init_array_end = .)
                0x0800ece4                        . = ALIGN (0x4)

.fini_array     0x0800ece4        0x4
                0x0800ece4                        . = ALIGN (0x4)
                [!provide]                        PROVIDE (__fini_array_start = .)
 *(SORT_BY_NAME(.fini_array.*))
 *(.fini_array*)
 .fini_array    0x0800ece4        0x4 C:/ST/STM32CubeIDE_2.0.0/STM32CubeIDE/plugins/com.st.stm32cube.ide.mcu.externaltools.gnu-tools-for-stm32.13.3.rel1.win32_1.0.100.202509120712/tools/bin/../lib/gcc/arm-none-eabi/13.3.1/thumb/v7-m/nofp/crtbegin.o
                [!provide]                        PROVIDE (__fini_array_end = .)
                0x0800ece8                        . = ALIGN (0x4)
                0x0800ece8                        _sidata = LOADADDR (.data)

.rel.dyn        0x0800ece8        0x0
 .rel.iplt      0x0800ece8        0x0 C:/ST/STM32CubeIDE_2.0.0/STM32CubeIDE/plugins/com.st.stm32cube.ide.mcu.externaltools.gnu-tools-for-stm32.13.3.rel1.win32_1.0.100.202509120712/tools/bin/../lib/gcc/arm-none-eabi/13.3.1/thumb/v7-m/nofp/crtbegin.o

.data           0x20000000      0x31c load address 0x0800ece8
                0x20000000                        . = ALIGN (0x4)
                0x20000000                        _sdata = .
 *(.data)
 *(.data*)
 .data.SystemCoreClock
                0x20000000        0x4 ./Core/Src/system_stm32l1xx.o
                0x20000000                SystemCoreClock
 .data.Dev      0x20000004        0x4 ./Core/Src/modules/ranging_sensor.o
 .data.uwTickPrio
                0x20000008        0x4 ./Drivers/STM32L1xx_HAL_Driver/Src/stm32l1xx_hal.o
                0x20000008                uwTickPrio
 .data.uwTickFreq
                0x2000000c        0x4 ./Drivers/STM32L1xx_HAL_Driver/Src/stm32l1xx_hal.o
                0x2000000c                uwTickFreq
 .data.DefaultTuningSettings
                0x20000010       0xf3 ./Drivers/VL53L0X/core/src/vl53l0x_api.o
                0x20000010                DefaultTuningSettings
 *fill*         0x20000103        0x1 
 .data.InterruptThresholdSettings
                0x20000104      0x1b6 ./Drivers/VL53L0X/core/src/vl53l0x_api.o
                0x20000104                InterruptThresholdSettings
 *fill*         0x200002ba        0x2 
 .data.refArrayQuadrants
                0x200002bc       0x10 ./Drivers/VL53L0X/core/src/vl53l0x_api_calibration.o
                0x200002bc                refArrayQuadrants
 .data._impure_ptr
                0x200002cc        0x4 C:/ST/STM32CubeIDE_2.0.0/STM32CubeIDE/plugins/com.st.stm32cube.ide.mcu.externaltools.gnu-tools-for-stm32.13.3.rel1.win32_1.0.100.202509120712/tools/bin/../lib/gcc/arm-none-eabi/13.3.1/../../../../arm-none-eabi/lib/thumb/v7-m/nofp\libc_nano.a(libc_a-impure.o)
                0x200002cc                _impure_ptr
 .data._impure_data
                0x200002d0       0x4c C:/ST/STM32CubeIDE_2.0.0/STM32CubeIDE/plugins/com.st.stm32cube.ide.mcu.externaltools.gnu-tools-for-stm32.13.3.rel1.win32_1.0.100.202509120712/tools/bin/../lib/gcc/arm-none-eabi/13.3.1/../../../../arm-none-eabi/lib/thumb/v7-m/nofp\libc_nano.a(libc_a-impure.o)
                0x200002d0                _impure_data
 *(.RamFunc)
 *(.RamFunc*)
                0x2000031c                        . = ALIGN (0x4)
                0x2000031c                        _edata = .

.igot.plt       0x2000031c        0x0 load address 0x0800f004
 .igot.plt      0x2000031c        0x0 C:/ST/STM32CubeIDE_2.0.0/STM32CubeIDE/plugins/com.st.stm32cube.ide.mcu.externaltools.gnu-tools-for-stm32.13.3.rel1.win32_1.0.100.202509120712/tools/bin/../lib/gcc/arm-none-eabi/13.3.1/thumb/v7-m/nofp/crtbegin.o
                0x2000031c                        . = ALIGN (0x4)

.bss            0x2000031c     0x1004 load address 0x0800f004
                0x2000031c                        _sbss = .
                0x2000031c                        __bss_start__ = _sbss
 *(.bss)
 .bss           0x2000031c       0x1c C:/ST/STM32CubeIDE_2.0.0/STM32CubeIDE/plugins/com.st.stm32cube.ide.mcu.externaltools.gnu-tools-for-stm32.13.3.rel1.win32_1.0.100.202509120712/tools/bin/../lib/gcc/arm-none-eabi/13.3.1/thumb/v7-m/nofp/crtbegin.o
 *(.bss*)
 .bss.hadc      0x20000338       0x54 ./Core/Src/adc.o
                0x20000338                hadc
 .bss.ANGLE_DESIRED
                0x2000038c        0x1 ./Core/Src/global_variables.o
                0x2000038c                ANGLE_DESIRED
 .bss.SPEED_DESIRED
                0x2000038d        0x1 ./Core/Src/global_variables.o
                0x2000038d                SPEED_DESIRED
 .bss.DISTANCE_MEASURED
                0x2000038e        0x2 ./Core/Src/global_variables.o
                0x2000038e                DISTANCE_MEASURED
 .bss.SPEED_MEASURED_ACC
                0x20000390        0x2 ./Core/Src/global_variables.o
                0x20000390                SPEED_MEASURED_ACC
 .bss.RPM_MEASURED_MAG
                0x20000392        0x2 ./Core/Src/global_variables.o
                0x20000392                RPM_MEASURED_MAG
 .bss.RPM_MEASURED_OPT
                0x20000394        0x2 ./Core/Src/global_variables.o
                0x20000394                RPM_MEASURED_OPT
 .bss.PITCH     0x20000396        0x2 ./Core/Src/global_variables.o
                0x20000396                PITCH
 .bss.ROLL      0x20000398        0x2 ./Core/Src/global_variables.o
                0x20000398                ROLL
 .bss.BATTERY_CHARGE
                0x2000039a        0x1 ./Core/Src/global_variables.o
                0x2000039a                BATTERY_CHARGE
 .bss.CONNECTED
                0x2000039b        0x1 ./Core/Src/global_variables.o
                0x2000039b                CONNECTED
 .bss.DATA_VALID_FLAGS
                0x2000039c        0x1 ./Core/Src/global_variables.o
                0x2000039c                DATA_VALID_FLAGS
 *fill*         0x2000039d        0x3 
 .bss.hi2c1     0x200003a0       0x54 ./Core/Src/i2c.o
                0x200003a0                hi2c1
 .bss.hi2c2     0x200003f4       0x54 ./Core/Src/i2c.o
                0x200003f4                hi2c2
 .bss.telem_state
                0x20000448        0x1 ./Core/Src/main.o
                0x20000448                telem_state
 *fill*         0x20000449        0x3 
 .bss.telem_last_tick
                0x2000044c        0x4 ./Core/Src/main.o
                0x2000044c                telem_last_tick
 .bss.__sbrk_heap_end
                0x20000450        0x4 ./Core/Src/sysmem.o
 .bss.htim2     0x20000454       0x40 ./Core/Src/tim.o
                0x20000454                htim2
 .bss.htim3     0x20000494       0x40 ./Core/Src/tim.o
                0x20000494                htim3
 .bss.htim4     0x200004d4       0x40 ./Core/Src/tim.o
                0x200004d4                htim4
 .bss.htim5     0x20000514       0x40 ./Core/Src/tim.o
                0x20000514                htim5
 .bss.htim9     0x20000554       0x40 ./Core/Src/tim.o
                0x20000554                htim9
 .bss.huart1    0x20000594       0x48 ./Core/Src/usart.o
                0x20000594                huart1
 .bss.huart2    0x200005dc       0x48 ./Core/Src/usart.o
                0x200005dc                huart2
 .bss.hdma_usart2_rx
                0x20000624       0x44 ./Core/Src/usart.o
                0x20000624                hdma_usart2_rx
 .bss.hdma_usart2_tx
                0x20000668       0x44 ./Core/Src/usart.o
                0x20000668                hdma_usart2_tx
 .bss.in_malfunction
                0x200006ac        0x1 ./Core/Src/modules/malfunction.o
 *fill*         0x200006ad        0x3 
 .bss.pwm_val   0x200006b0        0x4 ./Core/Src/modules/motor.o
 .bss.pwm_val1  0x200006b4        0x4 ./Core/Src/modules/motor.o
 .bss.pwm_val2  0x200006b8        0x4 ./Core/Src/modules/motor.o
 .bss.past_pwm_val2
                0x200006bc        0x4 ./Core/Src/modules/motor.o
 .bss.refSpadCount
                0x200006c0        0x4 ./Core/Src/modules/ranging_sensor.o
 .bss.isApertureSpads
                0x200006c4        0x1 ./Core/Src/modules/ranging_sensor.o
 .bss.VhvSettings
                0x200006c5        0x1 ./Core/Src/modules/ranging_sensor.o
 .bss.PhaseCal  0x200006c6        0x1 ./Core/Src/modules/ranging_sensor.o
 *fill*         0x200006c7        0x1 
 .bss.RangingData
                0x200006c8       0x1c ./Core/Src/modules/ranging_sensor.o
 .bss.vl53l0x_c
                0x200006e4      0x190 ./Core/Src/modules/ranging_sensor.o
 .bss.DMA_BUFFER
                0x20000874      0x1f4 ./Core/Src/modules/wifi.o
 .bss.INPUT_DATA_BUFFER
                0x20000a68      0x1f4 ./Core/Src/modules/wifi.o
 .bss.INPUT_PACKET
                0x20000c5c      0x1f4 ./Core/Src/modules/wifi.o
 .bss.CURRENT_CONNECTION
                0x20000e50        0x5 ./Core/Src/modules/wifi.o
 *fill*         0x20000e55        0x3 
 .bss.flag_send_data
                0x20000e58        0x4 ./Core/Src/modules/wifi.o
 .bss.flag_start_parse
                0x20000e5c        0x4 ./Core/Src/modules/wifi.o
 .bss.INPUT_DATA_REMAINDER
                0x20000e60        0x4 ./Core/Src/modules/wifi.o
 .bss.protocol_handler
                0x20000e64      0x30c ./Core/Src/modules/wifi.o
 .bss.telem     0x20001170        0xf ./Core/Src/modules/wifi.o
 *fill*         0x2000117f        0x1 
 .bss.telem_cnt
                0x20001180        0x2 ./Core/Src/modules/wifi.o
 *fill*         0x20001182        0x2 
 .bss.magic_versions
                0x20001184        0x9 ./Core/Src/modules/wifi.o
 *fill*         0x2000118d        0x3 
 .bss.keep_alive_tick
                0x20001190        0x4 ./Core/Src/modules/wifi.o
 .bss.uwTick    0x20001194        0x4 ./Drivers/STM32L1xx_HAL_Driver/Src/stm32l1xx_hal.o
                0x20001194                uwTick
 .bss._I2CBuffer
                0x20001198       0x40 ./Drivers/VL53L0X/platform/src/vl53l0x_platform.o
                0x20001198                _I2CBuffer
 .bss.__sf      0x200011d8      0x138 C:/ST/STM32CubeIDE_2.0.0/STM32CubeIDE/plugins/com.st.stm32cube.ide.mcu.externaltools.gnu-tools-for-stm32.13.3.rel1.win32_1.0.100.202509120712/tools/bin/../lib/gcc/arm-none-eabi/13.3.1/../../../../arm-none-eabi/lib/thumb/v7-m/nofp\libc_nano.a(libc_a-findfp.o)
                0x200011d8                __sf
 .bss.errno     0x20001310        0x4 C:/ST/STM32CubeIDE_2.0.0/STM32CubeIDE/plugins/com.st.stm32cube.ide.mcu.externaltools.gnu-tools-for-stm32.13.3.rel1.win32_1.0.100.202509120712/tools/bin/../lib/gcc/arm-none-eabi/13.3.1/../../../../arm-none-eabi/lib/thumb/v7-m/nofp\libc_nano.a(libc_a-reent.o)
                0x20001310                errno
 .bss.__lock___malloc_recursive_mutex
                0x20001314        0x1 C:/ST/STM32CubeIDE_2.0.0/STM32CubeIDE/plugins/com.st.stm32cube.ide.mcu.externaltools.gnu-tools-for-stm32.13.3.rel1.win32_1.0.100.202509120712/tools/bin/../lib/gcc/arm-none-eabi/13.3.1/../../../../arm-none-eabi/lib/thumb/v7-m/nofp\libc_nano.a(libc_a-lock.o)
                0x20001314                __lock___malloc_recursive_mutex
 *fill*         0x20001315        0x3 
 .bss.__malloc_sbrk_start
                0x20001318        0x4 C:/ST/STM32CubeIDE_2.0.0/STM32CubeIDE/plugins/com.st.stm32cube.ide.mcu.externaltools.gnu-tools-for-stm32.13.3.rel1.win32_1.0.100.202509120712/tools/bin/../lib/gcc/arm-none-eabi/13.3.1/../../../../arm-none-eabi/lib/thumb/v7-m/nofp\libc_nano.a(libc_a-mallocr.o)
                0x20001318                __malloc_sbrk_start
 .bss.__malloc_free_list
                0x2000131c        0x4 C:/ST/STM32CubeIDE_2.0.0/STM32CubeIDE/plugins/com.st.stm32cube.ide.mcu.externaltools.gnu-tools-for-stm32.13.3.rel1.win32_1.0.100.202509120712/tools/bin/../lib/gcc/arm-none-eabi/13.3.1/../../../../arm-none-eabi/lib/thumb/v7-m/nofp\libc_nano.a(libc_a-mallocr.o)
                0x2000131c                __malloc_free_list
 *(COMMON)
                0x20001320                        . = ALIGN (0x4)
                0x20001320                        _ebss = .
                0x20001320                        __bss_end__ = _ebss

._user_heap_stack
                0x20001320      0x600 load address 0x0800f004
                0x20001320                        . = ALIGN (0x8)
                [!provide]                        PROVIDE (end = .)
                0x20001320                        PROVIDE (_end = .)
                0x20001520                        . = (. + _Min_Heap_Size)
 *fill*         0x20001320      0x200 
                0x20001920                        . = (. + _Min_Stack_Size)
 *fill*         0x20001520      0x400 
                0x20001920                        . = ALIGN (0x8)

/DISCARD/
 libc.a(*)
 libm.a(*)
 libgcc.a(*)

.ARM.attributes
                0x00000000       0x29
 *(.ARM.attributes)
 .ARM.attributes
                0x00000000       0x1d C:/ST/STM32CubeIDE_2.0.0/STM32CubeIDE/plugins/com.st.stm32cube.ide.mcu.externaltools.gnu-tools-for-stm32.13.3.rel1.win32_1.0.100.202509120712/tools/bin/../lib/gcc/arm-none-eabi/13.3.1/thumb/v7-m/nofp/crti.o
 .ARM.attributes
                0x0000001d       0x2d C:/ST/STM32CubeIDE_2.0.0/STM32CubeIDE/plugins/com.st.stm32cube.ide.mcu.externaltools.gnu-tools-for-stm32.13.3.rel1.win32_1.0.100.202509120712/tools/bin/../lib/gcc/arm-none-eabi/13.3.1/thumb/v7-m/nofp/crtbegin.o
 .ARM.attributes
                0x0000004a       0x2d ./Core/Src/adc.o
 .ARM.attributes
                0x00000077       0x2d ./Core/Src/dma.o
 .ARM.attributes
                0x000000a4       0x2d ./Core/Src/global_variables.o
 .ARM.attributes
                0x000000d1       0x2d ./Core/Src/gpio.o
 .ARM.attributes
                0x000000fe       0x2d ./Core/Src/i2c.o
 .ARM.attributes
                0x0000012b       0x2d ./Core/Src/main.o
 .ARM.attributes
                0x00000158       0x2d ./Core/Src/stm32l1xx_hal_msp.o
 .ARM.attributes
                0x00000185       0x2d ./Core/Src/stm32l1xx_it.o
 .ARM.attributes
                0x000001b2       0x2d ./Core/Src/sysmem.o
 .ARM.attributes
                0x000001df       0x2d ./Core/Src/system_stm32l1xx.o
 .ARM.attributes
                0x0000020c       0x2d ./Core/Src/tim.o
 .ARM.attributes
                0x00000239       0x2d ./Core/Src/usart.o
 .ARM.attributes
                0x00000266       0x2d ./Core/Src/modules/acellerometer.o
 .ARM.attributes
                0x00000293       0x2d ./Core/Src/modules/battery_sensor.o
 .ARM.attributes
                0x000002c0       0x2d ./Core/Src/modules/malfunction.o
 .ARM.attributes
                0x000002ed       0x2d ./Core/Src/modules/motor.o
 .ARM.attributes
                0x0000031a       0x2d ./Core/Src/modules/ranging_sensor.o
 .ARM.attributes
                0x00000347       0x2d ./Core/Src/modules/servo.o
 .ARM.attributes
                0x00000374       0x2d ./Core/Src/modules/speedometers.o
 .ARM.attributes
                0x000003a1       0x2d ./Core/Src/modules/wifi.o
 .ARM.attributes
                0x000003ce       0x21 ./Core/Startup/startup_stm32l151cctx.o
 .ARM.attributes
                0x000003ef       0x2d ./Drivers/STM32L1xx_HAL_Driver/Src/stm32l1xx_hal.o
 .ARM.attributes
                0x0000041c       0x2d ./Drivers/STM32L1xx_HAL_Driver/Src/stm32l1xx_hal_adc.o
 .ARM.attributes
                0x00000449       0x2d ./Drivers/STM32L1xx_HAL_Driver/Src/stm32l1xx_hal_cortex.o
 .ARM.attributes
                0x00000476       0x2d ./Drivers/STM32L1xx_HAL_Driver/Src/stm32l1xx_hal_dma.o
 .ARM.attributes
                0x000004a3       0x2d ./Drivers/STM32L1xx_HAL_Driver/Src/stm32l1xx_hal_gpio.o
 .ARM.attributes
                0x000004d0       0x2d ./Drivers/STM32L1xx_HAL_Driver/Src/stm32l1xx_hal_i2c.o
 .ARM.attributes
                0x000004fd       0x2d ./Drivers/STM32L1xx_HAL_Driver/Src/stm32l1xx_hal_rcc.o
 .ARM.attributes
                0x0000052a       0x2d ./Drivers/STM32L1xx_HAL_Driver/Src/stm32l1xx_hal_tim.o
 .ARM.attributes
                0x00000557       0x2d ./Drivers/STM32L1xx_HAL_Driver/Src/stm32l1xx_hal_tim_ex.o
 .ARM.attributes
                0x00000584       0x2d ./Drivers/STM32L1xx_HAL_Driver/Src/stm32l1xx_hal_uart.o
 .ARM.attributes
                0x000005b1       0x2d ./Drivers/VL53L0X/core/src/vl53l0x_api.o
 .ARM.attributes
                0x000005de       0x2d ./Drivers/VL53L0X/core/src/vl53l0x_api_calibration.o
 .ARM.attributes
                0x0000060b       0x2d ./Drivers/VL53L0X/core/src/vl53l0x_api_core.o
 .ARM.attributes
                0x00000638       0x2d ./Drivers/VL53L0X/platform/src/vl53l0x_platform.o
 .ARM.attributes
                0x00000665       0x2d C:/ST/STM32CubeIDE_2.0.0/STM32CubeIDE/plugins/com.st.stm32cube.ide.mcu.externaltools.gnu-tools-for-stm32.13.3.rel1.win32_1.0.100.202509120712/tools/bin/../lib/gcc/arm-none-eabi/13.3.1/../../../../arm-none-eabi/lib/thumb/v7-m/nofp\libc_nano.a(libc_a-strtol.o)
 .ARM.attributes
                0x00000692       0x2d C:/ST/STM32CubeIDE_2.0.0/STM32CubeIDE/plugins/com.st.stm32cube.ide.mcu.externaltools.gnu-tools-for-stm32.13.3.rel1.win32_1.0.100.202509120712/tools/bin/../lib/gcc/arm-none-eabi/13.3.1/../../../../arm-none-eabi/lib/thumb/v7-m/nofp\libc_nano.a(libc_a-ctype_.o)
 .ARM.attributes
                0x000006bf       0x2d C:/ST/STM32CubeIDE_2.0.0/STM32CubeIDE/plugins/com.st.stm32cube.ide.mcu.externaltools.gnu-tools-for-stm32.13.3.rel1.win32_1.0.100.202509120712/tools/bin/../lib/gcc/arm-none-eabi/13.3.1/../../../../arm-none-eabi/lib/thumb/v7-m/nofp\libc_nano.a(libc_a-findfp.o)
 .ARM.attributes
                0x000006ec       0x2d C:/ST/STM32CubeIDE_2.0.0/STM32CubeIDE/plugins/com.st.stm32cube.ide.mcu.externaltools.gnu-tools-for-stm32.13.3.rel1.win32_1.0.100.202509120712/tools/bin/../lib/gcc/arm-none-eabi/13.3.1/../../../../arm-none-eabi/lib/thumb/v7-m/nofp\libc_nano.a(libc_a-snprintf.o)
 .ARM.attributes
                0x00000719       0x2d C:/ST/STM32CubeIDE_2.0.0/STM32CubeIDE/plugins/com.st.stm32cube.ide.mcu.externaltools.gnu-tools-for-stm32.13.3.rel1.win32_1.0.100.202509120712/tools/bin/../lib/gcc/arm-none-eabi/13.3.1/../../../../arm-none-eabi/lib/thumb/v7-m/nofp\libc_nano.a(libc_a-memset.o)
 .ARM.attributes
                0x00000746       0x2d C:/ST/STM32CubeIDE_2.0.0/STM32CubeIDE/plugins/com.st.stm32cube.ide.mcu.externaltools.gnu-tools-for-stm32.13.3.rel1.win32_1.0.100.202509120712/tools/bin/../lib/gcc/arm-none-eabi/13.3.1/../../../../arm-none-eabi/lib/thumb/v7-m/nofp\libc_nano.a(libc_a-strcat.o)
 .ARM.attributes
                0x00000773       0x2d C:/ST/STM32CubeIDE_2.0.0/STM32CubeIDE/plugins/com.st.stm32cube.ide.mcu.externaltools.gnu-tools-for-stm32.13.3.rel1.win32_1.0.100.202509120712/tools/bin/../lib/gcc/arm-none-eabi/13.3.1/../../../../arm-none-eabi/lib/thumb/v7-m/nofp\libc_nano.a(libc_a-reent.o)
 .ARM.attributes
                0x000007a0       0x2d C:/ST/STM32CubeIDE_2.0.0/STM32CubeIDE/plugins/com.st.stm32cube.ide.mcu.externaltools.gnu-tools-for-stm32.13.3.rel1.win32_1.0.100.202509120712/tools/bin/../lib/gcc/arm-none-eabi/13.3.1/../../../../arm-none-eabi/lib/thumb/v7-m/nofp\libc_nano.a(libc_a-impure.o)
 .ARM.attributes
                0x000007cd       0x2d C:/ST/STM32CubeIDE_2.0.0/STM32CubeIDE/plugins/com.st.stm32cube.ide.mcu.externaltools.gnu-tools-for-stm32.13.3.rel1.win32_1.0.100.202509120712/tools/bin/../lib/gcc/arm-none-eabi/13.3.1/../../../../arm-none-eabi/lib/thumb/v7-m/nofp\libc_nano.a(libc_a-errno.o)
 .ARM.attributes
                0x000007fa       0x2d C:/ST/STM32CubeIDE_2.0.0/STM32CubeIDE/plugins/com.st.stm32cube.ide.mcu.externaltools.gnu-tools-for-stm32.13.3.rel1.win32_1.0.100.202509120712/tools/bin/../lib/gcc/arm-none-eabi/13.3.1/../../../../arm-none-eabi/lib/thumb/v7-m/nofp\libc_nano.a(libc_a-init.o)
 .ARM.attributes
                0x00000827       0x2d C:/ST/STM32CubeIDE_2.0.0/STM32CubeIDE/plugins/com.st.stm32cube.ide.mcu.externaltools.gnu-tools-for-stm32.13.3.rel1.win32_1.0.100.202509120712/tools/bin/../lib/gcc/arm-none-eabi/13.3.1/../../../../arm-none-eabi/lib/thumb/v7-m/nofp\libc_nano.a(libc_a-lock.o)
 .ARM.attributes
                0x00000854       0x2d C:/ST/STM32CubeIDE_2.0.0/STM32CubeIDE/plugins/com.st.stm32cube.ide.mcu.externaltools.gnu-tools-for-stm32.13.3.rel1.win32_1.0.100.202509120712/tools/bin/../lib/gcc/arm-none-eabi/13.3.1/../../../../arm-none-eabi/lib/thumb/v7-m/nofp\libc_nano.a(libc_a-strcpy.o)
 .ARM.attributes
                0x00000881       0x2d C:/ST/STM32CubeIDE_2.0.0/STM32CubeIDE/plugins/com.st.stm32cube.ide.mcu.externaltools.gnu-tools-for-stm32.13.3.rel1.win32_1.0.100.202509120712/tools/bin/../lib/gcc/arm-none-eabi/13.3.1/../../../../arm-none-eabi/lib/thumb/v7-m/nofp\libc_nano.a(libc_a-memcpy-stub.o)
 .ARM.attributes
                0x000008ae       0x17 C:/ST/STM32CubeIDE_2.0.0/STM32CubeIDE/plugins/com.st.stm32cube.ide.mcu.externaltools.gnu-tools-for-stm32.13.3.rel1.win32_1.0.100.202509120712/tools/bin/../lib/gcc/arm-none-eabi/13.3.1/../../../../arm-none-eabi/lib/thumb/v7-m/nofp\libc_nano.a(libc_a-strlen.o)
 .ARM.attributes