Archive member included to satisfy reference by file (symbol)

C:/ST/STM32CubeIDE_2.0.0/STM32CubeIDE/plugins/com.st.stm32cube.ide.mcu.externaltools.gnu-tools-for-stm32.13.3.rel1.win32_1.0.100.202509120712/tools/bin/../lib/gcc/arm-none-eabi/13.3.1/../../../../arm-none-eabi/lib/thumb/v7-m/nofp\libc_nano.a(libc_a-exit.o)
                              C:/ST/STM32CubeIDE_2.0.0/STM32CubeIDE/plugins/com.st.stm32cube.ide.mcu.externaltools.gnu-tools-for-stm32.13.3.rel1.win32_1.0.100.202509120712/tools/bin/../lib/gcc/arm-none-eabi/13.3.1/../../../../arm-none-eabi/lib/thumb/v7-m/nofp/crt0.o (exit)
C:/ST/STM32CubeIDE_2.0.0/STM32CubeIDE/plugins/com.st.stm32cube.ide.mcu.externaltools.gnu-tools-for-stm32.13.3.rel1.win32_1.0.100.202509120712/tools/bin/../lib/gcc/arm-none-eabi/13.3.1/../../../../arm-none-eabi/lib/thumb/v7-m/nofp\libc_nano.a(libc_a-findfp.o)
                              C:/ST/STM32CubeIDE_2.0.0/STM32CubeIDE/plugins/com.st.stm32cube.ide.mcu.externaltools.gnu-tools-for-stm32.13.3.rel1.win32_1.0.100.202509120712/tools/bin/../lib/gcc/arm-none-eabi/13.3.1/../../../../arm-none-eabi/lib/thumb/v7-m/nofp\libc_nano.a(libc_a-exit.o) (__stdio_exit_handler)
C:/ST/STM32CubeIDE_2.0.0/STM32CubeIDE/plugins/com.st.stm32cube.ide.mcu.externaltools.gnu-tools-for-stm32.13.3.rel1.win32_1.0.100.202509120712/tools/bin/../lib/gcc/arm-none-eabi/13.3.1/../../../../arm-none-eabi/lib/thumb/v7-m/nofp\libc_nano.a(libc_a-fwalk.o)
                              C:/ST/STM32CubeIDE_2.0.0/STM32CubeIDE/plugins/com.st.stm32cube.ide.mcu.externaltools.gnu-tools-for-stm32.13.3.rel1.win32_1.0.100.202509120712/tools/bin/../lib/gcc/arm-none-eabi/13.3.1/../../../../arm-none-eabi/lib/thumb/v7-m/nofp\libc_nano.a(libc_a-findfp.o) (_fwalk_sglue)
C:/ST/STM32CubeIDE_2.0.0/STM32CubeIDE/plugins/com.st.stm32cube.ide.mcu.externaltools.gnu-tools-for-stm32.13.3.rel1.win32_1.0.100.202509120712/tools/bin/../lib/gcc/arm-none-eabi/13.3.1/../../../../arm-none-eabi/lib/thumb/v7-m/nofp\libc_nano.a(libc_a-stdio.o)
                              C:/ST/STM32CubeIDE_2.0.0/STM32CubeIDE/plugins/com.st.stm32cube.ide.mcu.externaltools.gnu-tools-for-stm32.13.3.rel1.win32_1.0.100.202509120712/tools/bin/../lib/gcc/arm-none-eabi/13.3.1/../../../../arm-none-eabi/lib/thumb/v7-m/nofp\libc_nano.a(libc_a-findfp.o) (__sread)
C:/ST/STM32CubeIDE_2.0.0/STM32CubeIDE/plugins/com.st.stm32cube.ide.mcu.externaltools.gnu-tools-for-stm32.13.3.rel1.win32_1.0.100.202509120712/tools/bin/../lib/gcc/arm-none-eabi/13.3.1/../../../../arm-none-eabi/lib/thumb/v7-m/nofp\libc_nano.a(libc_a-memset.o)
                              C:/ST/STM32CubeIDE_2.0.0/STM32CubeIDE/plugins/com.st.stm32cube.ide.mcu.externaltools.gnu-tools-for-stm32.13.3.rel1.win32_1.0.100.202509120712/tools/bin/../lib/gcc/arm-none-eabi/13.3.1/../../../../arm-none-eabi/lib/thumb/v7-m/nofp/crt0.o (memset)
C:/ST/STM32CubeIDE_2.0.0/STM32CubeIDE/plugins/com.st.stm32cube.ide.mcu.externaltools.gnu-tools-for-stm32.13.3.rel1.win32_1.0.100.202509120712/tools/bin/../lib/gcc/arm-none-eabi/13.3.1/../../../../arm-none-eabi/lib/thumb/v7-m/nofp\libc_nano.a(libc_a-closer.o)
                              C:/ST/STM32CubeIDE_2.0.0/STM32CubeIDE/plugins/com.st.stm32cube.ide.mcu.externaltools.gnu-tools-for-stm32.13.3.rel1.win32_1.0.100.202509120712/tools/bin/../lib/gcc/arm-none-eabi/13.3.1/../../../../arm-none-eabi/lib/thumb/v7-m/nofp\libc_nano.a(libc_a-stdio.o) (_close_r)
C:/ST/STM32CubeIDE_2.0.0/STM32CubeIDE/plugins/com.st.stm32cube.ide.mcu.externaltools.gnu-tools-for-stm32.13.3.rel1.win32_1.0.100.202509120712/tools/bin/../lib/gcc/arm-none-eabi/13.3.1/../../../../arm-none-eabi/lib/thumb/v7-m/nofp\libc_nano.a(libc_a-reent.o)
                              C:/ST/STM32CubeIDE_2.0.0/STM32CubeIDE/plugins/com.st.stm32cube.ide.mcu.externaltools.gnu-tools-for-stm32.13.3.rel1.win32_1.0.100.202509120712/tools/bin/../lib/gcc/arm-none-eabi/13.3.1/../../../../arm-none-eabi/lib/thumb/v7-m/nofp\libc_nano.a(libc_a-closer.o) (errno)
C:/ST/STM32CubeIDE_2.0.0/STM32CubeIDE/plugins/com.st.stm32cube.ide.mcu.externaltools.gnu-tools-for-stm32.13.3.rel1.win32_1.0.100.202509120712/tools/bin/../lib/gcc/arm-none-eabi/13.3.1/../../../../arm-none-eabi/lib/thumb/v7-m/nofp\libc_nano.a(libc_a-impure.o)
                              C:/ST/STM32CubeIDE_2.0.0/STM32CubeIDE/plugins/com.st.stm32cube.ide.mcu.externaltools.gnu-tools-for-stm32.13.3.rel1.win32_1.0.100.202509120712/tools/bin/../lib/gcc/arm-none-eabi/13.3.1/../../../../arm-none-eabi/lib/thumb/v7-m/nofp\libc_nano.a(libc_a-reent.o) (_impure_ptr)
C:/ST/STM32CubeIDE_2.0.0/STM32CubeIDE/plugins/com.st.stm32cube.ide.mcu.externaltools.gnu-tools-for-stm32.13.3.rel1.win32_1.0.100.202509120712/tools/bin/../lib/gcc/arm-none-eabi/13.3.1/../../../../arm-none-eabi/lib/thumb/v7-m/nofp\libc_nano.a(libc_a-lseekr.o)
[...]
Memory Configuration

Name             Origin             Length             Attributes
RAM              0x20000000         0x00008000         xrw
FLASH            0x08000000         0x00040000         xr
*default*        0x00000000         0xffffffff

Linker script and memory map

LOAD C:/ST/STM32CubeIDE_2.0.0/STM32CubeIDE/plugins/com.st.stm32cube.ide.mcu.externaltools.gnu-tools-for-stm32.13.3.rel1.win32_1.0.100.202509120712/tools/bin/../lib/gcc/arm-none-eabi/13.3.1/thumb/v7-m/nofp/crti.o
LOAD C:/ST/STM32CubeIDE_2.0.0/STM32CubeIDE/plugins/com.st.stm32cube.ide.mcu.externaltools.gnu-tools-for-stm32.13.3.rel1.win32_1.0.100.202509120712/tools/bin/../lib/gcc/arm-none-eabi/13.3.1/thumb/v7-m/nofp/crtbegin.o
LOAD C:/ST/STM32CubeIDE_2.0.0/STM32CubeIDE/plugins/com.st.stm32cube.ide.mcu.externaltools.gnu-tools-for-stm32.13.3.rel1.win32_1.0.100.202509120712/tools/bin/../lib/gcc/arm-none-eabi/13.3.1/../../../../arm-none-eabi/lib/thumb/v7-m/nofp/crt0.o
LOAD ./Core/Src/adc.o
LOAD ./Core/Src/dma.o
LOAD ./Core/Src/global_variables.o
LOAD ./Core/Src/gpio.o
LOAD ./Core/Src/i2c.o
LOAD ./Core/Src/main.o
LOAD ./Core/Src/stm32l1xx_hal_msp.o
LOAD ./Core/Src/stm32l1xx_it.o
LOAD ./Core/Src/syscalls.o
LOAD ./Core/Src/sysmem.o
LOAD ./Core/Src/system_stm32l1xx.o
LOAD ./Core/Src/tim.o
LOAD ./Core/Src/usart.o
LOAD ./Core/Src/modules/acellerometer.o
LOAD ./Core/Src/modules/battery_sensor.o
LOAD ./Core/Src/modules/bluetooth.o
LOAD ./Core/Src/modules/malfunction.o
LOAD ./Core/Src/modules/motor.o
LOAD ./Core/Src/modules/ranging_sensor.o
LOAD ./Core/Src/modules/servo.o
LOAD ./Core/Src/modules/speedometers.o
LOAD ./Core/Src/modules/wifi.o
LOAD ./Core/Startup/startup_stm32l151cctx.o
LOAD ./Drivers/STM32L1xx_HAL_Driver/Src/stm32l1xx_hal.o
LOAD ./Drivers/STM32L1xx_HAL_Driver/Src/stm32l1xx_hal_adc.o
LOAD ./Drivers/STM32L1xx_HAL_Driver/Src/stm32l1xx_hal_adc_ex.o
LOAD ./Drivers/STM32L1xx_HAL_Driver/Src/stm32l1xx_hal_cortex.o
LOAD ./Drivers/STM32L1xx_HAL_Driver/Src/stm32l1xx_hal_dma.o
LOAD ./Drivers/STM32L1xx_HAL_Driver/Src/stm32l1xx_hal_exti.o
LOAD ./Drivers/STM32L1xx_HAL_Driver/Src/stm32l1xx_hal_flash.o
LOAD ./Drivers/STM32L1xx_HAL_Driver/Src/stm32l1xx_hal_flash_ex.o
LOAD ./Drivers/STM32L1xx_HAL_Driver/Src/stm32l1xx_hal_flash_ramfunc.o
LOAD ./Drivers/STM32L1xx_HAL_Driver/Src/stm32l1xx_hal_gpio.o
LOAD ./Drivers/STM32L1xx_HAL_Driver/Src/stm32l1xx_hal_i2c.o
LOAD ./Drivers/STM32L1xx_HAL_Driver/Src/stm32l1xx_hal_pwr.o
LOAD ./Drivers/STM32L1xx_HAL_Driver/Src/stm32l1xx_hal_pwr_ex.o
LOAD ./Drivers/STM32L1xx_HAL_Driver/Src/stm32l1xx_hal_rcc.o
LOAD ./Drivers/STM32L1xx_HAL_Driver/Src/stm32l1xx_hal_rcc_ex.o
LOAD ./Drivers/STM32L1xx_HAL_Driver/Src/stm32l1xx_hal_tim.o
LOAD ./Drivers/STM32L1xx_HAL_Driver/Src/stm32l1xx_hal_tim_ex.o
LOAD ./Drivers/STM32L1xx_HAL_Driver/Src/stm32l1xx_hal_uart.o
LOAD ./Drivers/VL53L0X/core/src/vl53l0x_api.o
LOAD ./Drivers/VL53L0X/core/src/vl53l0x_api_calibration.o
LOAD ./Drivers/VL53L0X/core/src/vl53l0x_api_core.o
LOAD ./Drivers/VL53L0X/core/src/vl53l0x_api_ranging.o
LOAD ./Drivers/VL53L0X/core/src/vl53l0x_api_strings.o
LOAD ./Drivers/VL53L0X/platform/src/vl53l0x_platform.o
LOAD ./Drivers/VL53L0X/platform/src/vl53l0x_platform_log.o
START GROUP
LOAD C:/ST/STM32CubeIDE_2.0.0/STM32CubeIDE/plugins/com.st.stm32cube.ide.mcu.externaltools.gnu-tools-for-stm32.13.3.rel1.win32_1.0.100.202509120712/tools/bin/../lib/gcc/arm-none-eabi/13.3.1/../../../../arm-none-eabi/lib/thumb/v7-m/nofp\libc_nano.a
LOAD C:/ST/STM32CubeIDE_2.0.0/STM32CubeIDE/plugins/com.st.stm32cube.ide.mcu.externaltools.gnu-tools-for-stm32.13.3.rel1.win32_1.0.100.202509120712/tools/bin/../lib/gcc/arm-none-eabi/13.3.1/../../../../arm-none-eabi/lib/thumb/v7-m/nofp\libm.a
END GROUP
START GROUP
LOAD C:/ST/STM32CubeIDE_2.0.0/STM32CubeIDE/plugins/com.st.stm32cube.ide.mcu.externaltools.gnu-tools-for-stm32.13.3.rel1.win32_1.0.100.202509120712/tools/bin/../lib/gcc/arm-none-eabi/13.3.1/thumb/v7-m/nofp\libgcc.a
LOAD C:/ST/STM32CubeIDE_2.0.0/STM32CubeIDE/plugins/com.st.stm32cube.ide.mcu.externaltools.gnu-tools-for-stm32.13.3.rel1.win32_1.0.100.202509120712/tools/bin/../lib/gcc/arm-none-eabi/13.3.1/../../../../arm-none-eabi/lib/thumb/v7-m/nofp\libc_nano.a
END GROUP
START GROUP
LOAD C:/ST/STM32CubeIDE_2.0.0/STM32CubeIDE/plugins/com.st.stm32cube.ide.mcu.externaltools.gnu-tools-for-stm32.13.3.rel1.win32_1.0.100.202509120712/tools/bin/../lib/gcc/arm-none-eabi/13.3.1/thumb/v7-m/nofp\libgcc.a
LOAD C:/ST/STM32CubeIDE_2.0.0/STM32CubeIDE/plugins/com.st.stm32cube.ide.mcu.externaltools.gnu-tools-for-stm32.13.3.rel1.win32_1.0.100.202509120712/tools/bin/../lib/gcc/arm-none-eabi/13.3.1/../../../../arm-none-eabi/lib/thumb/v7-m/nofp\libc_nano.a
LOAD C:/ST/STM32CubeIDE_2.0.0/STM32CubeIDE/plugins/com.st.stm32cube.ide.mcu.externaltools.gnu-tools-for-stm32.13.3.rel1.win32_1.0.100.202509120712/tools/bin/../lib/gcc/arm-none-eabi/13.3.1/../../../../arm-none-eabi/lib/thumb/v7-m/nofp\libnosys.a
END GROUP
START GROUP
LOAD C:/ST/STM32CubeIDE_2.0.0/STM32CubeIDE/plugins/com.st.stm32cube.ide.mcu.externaltools.gnu-tools-for-stm32.13.3.rel1.win32_1.0.100.202509120712/tools/bin/../lib/gcc/arm-none-eabi/13.3.1/thumb/v7-m/nofp\libgcc.a
LOAD C:/ST/STM32CubeIDE_2.0.0/STM32CubeIDE/plugins/com.st.stm32cube.ide.mcu.externaltools.gnu-tools-for-stm32.13.3.rel1.win32_1.0.100.202509120712/tools/bin/../lib/gcc/arm-none-eabi/13.3.1/../../../../arm-none-eabi/lib/thumb/v7-m/nofp\libc_nano.a
LOAD C:/ST/STM32CubeIDE_2.0.0/STM32CubeIDE/plugins/com.st.stm32cube.ide.mcu.externaltools.gnu-tools-for-stm32.13.3.rel1.win32_1.0.100.202509120712/tools/bin/../lib/gcc/arm-none-eabi/13.3.1/../../../../arm-none-eabi/lib/thumb/v7-m/nofp\libnosys.a
END GROUP
LOAD C:/ST/STM32CubeIDE_2.0.0/STM32CubeIDE/plugins/com.st.stm32cube.ide.mcu.externaltools.gnu-tools-for-stm32.13.3.rel1.win32_1.0.100.202509120712/tools/bin/../lib/gcc/arm-none-eabi/13.3.1/thumb/v7-m/nofp/crtend.o
LOAD C:/ST/STM32CubeIDE_2.0.0/STM32CubeIDE/plugins/com.st.stm32cube.ide.mcu.externaltools.gnu-tools-for-stm32.13.3.rel1.win32_1.0.100.202509120712/tools/bin/../lib/gcc/arm-none-eabi/13.3.1/thumb/v7-m/nofp/crtn.o
                0x20008000                        _estack = (ORIGIN (RAM) + LENGTH (RAM))
                0x00000200                        _Min_Heap_Size = 0x200
                0x00000400                        _Min_Stack_Size = 0x400

.isr_vector     0x08000000      0x13c
                0x08000000                        . = ALIGN (0x4)
 *(.isr_vector)
 .isr_vector    0x08000000      0x13c ./Core/Startup/startup_stm32l151cctx.o
                0x08000000                g_pfnVectors
                0x0800013c                        . = ALIGN (0x4)

.text           0x08000140     0xde60
                0x08000140                        . = ALIGN (0x4)
 *(.text)
 .text          0x08000140       0x40 C:/ST/STM32CubeIDE_2.0.0/STM32CubeIDE/plugins/com.st.stm32cube.ide.mcu.externaltools.gnu-tools-for-stm32.13.3.rel1.win32_1.0.100.202509120712/tools/bin/../lib/gcc/arm-none-eabi/13.3.1/thumb/v7-m/nofp/crtbegin.o
 .text          0x08000180      0x254 C:/ST/STM32CubeIDE_2.0.0/STM32CubeIDE/plugins/com.st.stm32cube.ide.mcu.externaltools.gnu-tools-for-stm32.13.3.rel1.win32_1.0.100.202509120712/tools/bin/../lib/gcc/arm-none-eabi/13.3.1/thumb/v7-m/nofp\libgcc.a(_arm_muldf3.o)
                0x08000180                __muldf3
                0x08000180                __aeabi_dmul
 .text          0x080003d4      0x378 C:/ST/STM32CubeIDE_2.0.0/STM32CubeIDE/plugins/com.st.stm32cube.ide.mcu.externaltools.gnu-tools-for-stm32.13.3.rel1.win32_1.0.100.202509120712/tools/bin/../lib/gcc/arm-none-eabi/13.3.1/thumb/v7-m/nofp\libgcc.a(_arm_addsubdf3.o)
                0x080003d4                __aeabi_drsub
                0x080003dc                __aeabi_dsub
                0x080003dc                __subdf3
                0x080003e0                __aeabi_dadd
                0x080003e0                __adddf3
                0x08000658                __floatunsidf
                0x08000658                __aeabi_ui2d
                0x08000678                __floatsidf
                0x08000678                __aeabi_i2d
                0x0800069c                __aeabi_f2d
                0x0800069c                __extendsfdf2
                0x080006e0                __floatundidf
                0x080006e0                __aeabi_ul2d
                0x080006f0                __floatdidf
                0x080006f0                __aeabi_l2d
 .text          0x0800074c       0x50 C:/ST/STM32CubeIDE_2.0.0/STM32CubeIDE/plugins/com.st.stm32cube.ide.mcu.externaltools.gnu-tools-for-stm32.13.3.rel1.win32_1.0.100.202509120712/tools/bin/../lib/gcc/arm-none-eabi/13.3.1/thumb/v7-m/nofp\libgcc.a(_arm_fixdfsi.o)
                0x0800074c                __aeabi_d2iz
                0x0800074c                __fixdfsi
 .text          0x0800079c       0x30 C:/ST/STM32CubeIDE_2.0.0/STM32CubeIDE/plugins/com.st.stm32cube.ide.mcu.externaltools.gnu-tools-for-stm32.13.3.rel1.win32_1.0.100.202509120712/tools/bin/../lib/gcc/arm-none-eabi/13.3.1/thumb/v7-m/nofp\libgcc.a(_aeabi_uldivmod.o)
                0x0800079c                __aeabi_uldivmod
 .text          0x080007cc      0x300 C:/ST/STM32CubeIDE_2.0.0/STM32CubeIDE/plugins/com.st.stm32cube.ide.mcu.externaltools.gnu-tools-for-stm32.13.3.rel1.win32_1.0.100.202509120712/tools/bin/../lib/gcc/arm-none-eabi/13.3.1/thumb/v7-m/nofp\libgcc.a(_udivmoddi4.o)
                0x080007cc                __udivmoddi4
 .text          0x08000acc        0x4 C:/ST/STM32CubeIDE_2.0.0/STM32CubeIDE/plugins/com.st.stm32cube.ide.mcu.externaltools.gnu-tools-for-stm32.13.3.rel1.win32_1.0.100.202509120712/tools/bin/../lib/gcc/arm-none-eabi/13.3.1/thumb/v7-m/nofp\libgcc.a(_dvmd_tls.o)
                0x08000acc                __aeabi_idiv0
                0x08000acc                __aeabi_ldiv0
 *(.text*)
 .text.MX_ADC_Init
                0x08000ad0       0xb0 ./Core/Src/adc.o
                0x08000ad0                MX_ADC_Init
 .text.HAL_ADC_MspInit
                0x08000b80       0x80 ./Core/Src/adc.o
                0x08000b80                HAL_ADC_MspInit
 .text.MX_DMA_Init
                0x08000c00       0x4c ./Core/Src/dma.o
                0x08000c00                MX_DMA_Init
 .text.MX_GPIO_Init
                0x08000c4c      0x120 ./Core/Src/gpio.o
                0x08000c4c                MX_GPIO_Init
 .text.MX_I2C1_Init
                0x08000d6c       0x5c ./Core/Src/i2c.o
                0x08000d6c                MX_I2C1_Init
 .text.MX_I2C2_Init
                0x08000dc8       0x5c ./Core/Src/i2c.o
                0x08000dc8                MX_I2C2_Init
 .text.HAL_I2C_MspInit
                0x08000e24      0x12c ./Core/Src/i2c.o
                0x08000e24                HAL_I2C_MspInit
 .text.main     0x08000f50       0xe0 ./Core/Src/main.o
                0x08000f50                main
 .text.SystemClock_Config
                0x08001030       0xa0 ./Core/Src/main.o
                0x08001030                SystemClock_Config
 .text.Error_Handler
                0x080010d0        0xc ./Core/Src/main.o
                0x080010d0                Error_Handler
 .text.HAL_MspInit
                0x080010dc       0x5c ./Core/Src/stm32l1xx_hal_msp.o
                0x080010dc                HAL_MspInit
 .text.NMI_Handler
                0x08001138        0x8 ./Core/Src/stm32l1xx_it.o
                0x08001138                NMI_Handler
 .text.HardFault_Handler
                0x08001140        0x8 ./Core/Src/stm32l1xx_it.o
                0x08001140                HardFault_Handler
 .text.MemManage_Handler
                0x08001148        0x8 ./Core/Src/stm32l1xx_it.o
                0x08001148                MemManage_Handler
 .text.BusFault_Handler
                0x08001150        0x8 ./Core/Src/stm32l1xx_it.o
                0x08001150                BusFault_Handler
 .text.UsageFault_Handler
                0x08001158        0x8 ./Core/Src/stm32l1xx_it.o
                0x08001158                UsageFault_Handler
 .text.SVC_Handler
                0x08001160        0xc ./Core/Src/stm32l1xx_it.o
                0x08001160                SVC_Handler
 .text.DebugMon_Handler
                0x0800116c        0xc ./Core/Src/stm32l1xx_it.o
                0x0800116c                DebugMon_Handler
 .text.PendSV_Handler
                0x08001178        0xc ./Core/Src/stm32l1xx_it.o
                0x08001178                PendSV_Handler
 .text.SysTick_Handler
                0x08001184        0xc ./Core/Src/stm32l1xx_it.o
                0x08001184                SysTick_Handler
 .text.DMA1_Channel6_IRQHandler
                0x08001190       0x14 ./Core/Src/stm32l1xx_it.o
                0x08001190                DMA1_Channel6_IRQHandler
 .text.DMA1_Channel7_IRQHandler
                0x080011a4       0x14 ./Core/Src/stm32l1xx_it.o
                0x080011a4                DMA1_Channel7_IRQHandler
 .text.TIM3_IRQHandler
                0x080011b8       0x14 ./Core/Src/stm32l1xx_it.o
                0x080011b8                TIM3_IRQHandler
 .text.I2C1_EV_IRQHandler
                0x080011cc       0x14 ./Core/Src/stm32l1xx_it.o
                0x080011cc                I2C1_EV_IRQHandler
 .text.I2C1_ER_IRQHandler
                0x080011e0       0x14 ./Core/Src/stm32l1xx_it.o
                0x080011e0                I2C1_ER_IRQHandler
 .text.I2C2_EV_IRQHandler
                0x080011f4       0x14 ./Core/Src/stm32l1xx_it.o
                0x080011f4                I2C2_EV_IRQHandler
 .text.I2C2_ER_IRQHandler
                0x08001208       0x14 ./Core/Src/stm32l1xx_it.o
                0x08001208                I2C2_ER_IRQHandler
 .text.USART1_IRQHandler
                0x0800121c       0x14 ./Core/Src/stm32l1xx_it.o
                0x0800121c                USART1_IRQHandler
 .text.USART2_IRQHandler
                0x08001230       0x14 ./Core/Src/stm32l1xx_it.o
                0x08001230                USART2_IRQHandler
 .text.SystemInit
                0x08001244        0xc ./Core/Src/system_stm32l1xx.o
                0x08001244                SystemInit
 .text.MX_TIM2_Init
                0x08001250       0xac ./Core/Src/tim.o
                0x08001250                MX_TIM2_Init
 .text.MX_TIM3_Init
                0x080012fc       0x9c ./Core/Src/tim.o
                0x080012fc                MX_TIM3_Init
 .text.MX_TIM4_Init
                0x08001398       0xb0 ./Core/Src/tim.o
                0x08001398                MX_TIM4_Init
 .text.MX_TIM5_Init
                0x08001448       0xa8 ./Core/Src/tim.o
                0x08001448                MX_TIM5_Init
 .text.MX_TIM9_Init
                0x080014f0       0xa8 ./Core/Src/tim.o
                0x080014f0                MX_TIM9_Init
 .text.HAL_TIM_PWM_MspInit
                0x08001598       0x9c ./Core/Src/tim.o
                0x08001598                HAL_TIM_PWM_MspInit
 .text.HAL_TIM_Base_MspInit
                0x08001634       0x4c ./Core/Src/tim.o
                0x08001634                HAL_TIM_Base_MspInit
 .text.HAL_TIM_IC_MspInit
                0x08001680       0xec ./Core/Src/tim.o
                0x08001680                HAL_TIM_IC_MspInit
 .text.HAL_TIM_MspPostInit
                0x0800176c       0xb8 ./Core/Src/tim.o
                0x0800176c                HAL_TIM_MspPostInit
 .text.MX_USART1_UART_Init
                0x08001824       0x54 ./Core/Src/usart.o
                0x08001824                MX_USART1_UART_Init
 .text.MX_USART2_UART_Init
                0x08001878       0x54 ./Core/Src/usart.o
                0x08001878                MX_USART2_UART_Init
 .text.HAL_UART_MspInit
                0x080018cc      0x1b4 ./Core/Src/usart.o
                0x080018cc                HAL_UART_MspInit
 .text.init_gyroscope
                0x08001a80        0xc ./Core/Src/modules/acellerometer.o
                0x08001a80                init_gyroscope
 .text.read_accelleration
                0x08001a8c        0xc ./Core/Src/modules/acellerometer.o
                0x08001a8c                read_accelleration
 .text.init_batt_sense
                0x08001a98        0xc ./Core/Src/modules/battery_sensor.o
                0x08001a98                init_batt_sense
 .text.read_batt_sense
                0x08001aa4        0xc ./Core/Src/modules/battery_sensor.o
                0x08001aa4                read_batt_sense
 .text.init_malfunction_detection
                0x08001ab0        0xc ./Core/Src/modules/malfunction.o
                0x08001ab0                init_malfunction_detection
 .text.detect_malfunction
                0x08001abc       0x44 ./Core/Src/modules/malfunction.o
                0x08001abc                detect_malfunction
 .text.leave_malfunction
                0x08001b00        0xc ./Core/Src/modules/malfunction.o
                0x08001b00                leave_malfunction
 .text.enter_malfunction
                0x08001b0c        0xc ./Core/Src/modules/malfunction.o
                0x08001b0c                enter_malfunction
 .text.init_motor
                0x08001b18       0x14 ./Core/Src/modules/motor.o
                0x08001b18                init_motor
 .text.perform_motor_control_step
                0x08001b2c      0x1c0 ./Core/Src/modules/motor.o
                0x08001b2c                perform_motor_control_step
 .text.set_flag_bit
                0x08001cec       0x4a ./Core/Src/modules/ranging_sensor.o
 *fill*         0x08001d36        0x2 
 .text.init_ranging_sensor
                0x08001d38      0x108 ./Core/Src/modules/ranging_sensor.o
                0x08001d38                init_ranging_sensor
 .text.medianFilter10
                0x08001e40       0xb2 ./Core/Src/modules/ranging_sensor.o
 *fill*         0x08001ef2        0x2 
 .text.read_distance
                0x08001ef4       0xa8 ./Core/Src/modules/ranging_sensor.o
                0x08001ef4                read_distance
 .text.get_counter
                0x08001f9c       0x74 ./Core/Src/modules/servo.o
                0x08001f9c                get_counter
 .text.perform_servo_control_step
                0x08002010       0x98 ./Core/Src/modules/servo.o
                0x08002010                perform_servo_control_step
 .text.set_servo_angle
                0x080020a8       0xb4 ./Core/Src/modules/servo.o
                0x080020a8                set_servo_angle
 .text.calibrate_servo
                0x0800215c      0x13c ./Core/Src/modules/servo.o
                0x0800215c                calibrate_servo
 .text.init_servo
                0x08002298       0x34 ./Core/Src/modules/servo.o
                0x08002298                init_servo
 .text.get_telem
                0x080022cc      0x120 ./Core/Src/modules/wifi.o
 .text.receive_dma
                0x080023ec       0x28 ./Core/Src/modules/wifi.o
 .text.HAL_UART_ErrorCallback
                0x08002414       0x38 ./Core/Src/modules/wifi.o
                0x08002414                HAL_UART_ErrorCallback
 .text.HAL_UARTEx_RxEventCallback
                0x0800244c       0x20 ./Core/Src/modules/wifi.o
                0x0800244c                HAL_UARTEx_RxEventCallback
 .text.init_wifi
                0x0800246c       0x5c ./Core/Src/modules/wifi.o
                0x0800246c                init_wifi
 .text.rfind    0x080024c8       0xbc ./Core/Src/modules/wifi.o
 .text.parse_uart_message
                0x08002584       0x8c ./Core/Src/modules/wifi.o
 .text.uart_it_receiver
                0x08002610       0x30 ./Core/Src/modules/wifi.o
 .text.perform_wifi_control_step
                0x08002640       0x80 ./Core/Src/modules/wifi.o
                0x08002640                perform_wifi_control_step
 .text.handle_input_wifi
                0x080026c0       0x60 ./Core/Src/modules/wifi.o
 .text.Reset_Handler
                0x08002720       0x48 ./Core/Startup/startup_stm32l151cctx.o
                0x08002720                Reset_Handler
 .text.Default_Handler
                0x08002768        0x2 ./Core/Startup/startup_stm32l151cctx.o
                0x08002768                RTC_Alarm_IRQHandler
                0x08002768                EXTI2_IRQHandler
                0x08002768                COMP_ACQ_IRQHandler
                0x08002768                TIM10_IRQHandler
                0x08002768                USB_HP_IRQHandler
                0x08002768                TIM6_IRQHandler
                0x08002768                PVD_IRQHandler
                0x08002768                EXTI3_IRQHandler
                0x08002768                EXTI0_IRQHandler
                0x08002768                SPI1_IRQHandler
                0x08002768                USB_FS_WKUP_IRQHandler
                0x08002768                DMA2_Channel2_IRQHandler
                0x08002768                DMA1_Channel4_IRQHandler
                0x08002768                ADC1_IRQHandler
                0x08002768                USART3_IRQHandler
                0x08002768                TIM4_IRQHandler
                0x08002768                DMA2_Channel1_IRQHandler
                0x08002768                DMA2_Channel4_IRQHandler
                0x08002768                RCC_IRQHandler
                0x08002768                DMA1_Channel1_IRQHandler
                0x08002768                Default_Handler
                0x08002768                EXTI15_10_IRQHandler
                0x08002768                TIM7_IRQHandler
                0x08002768                TIM5_IRQHandler
                0x08002768                EXTI9_5_IRQHandler
                0x08002768                TIM9_IRQHandler
                0x08002768                TAMPER_STAMP_IRQHandler
                0x08002768                RTC_WKUP_IRQHandler
                0x08002768                SPI2_IRQHandler
                0x08002768                DMA2_Channel5_IRQHandler
                0x08002768                DMA1_Channel5_IRQHandler
                0x08002768                USB_LP_IRQHandler
                0x08002768                EXTI4_IRQHandler
                0x08002768                DMA1_Channel3_IRQHandler
                0x08002768                COMP_IRQHandler
                0x08002768                WWDG_IRQHandler
                0x08002768                TIM2_IRQHandler
                0x08002768                DAC_IRQHandler
                0x08002768                EXTI1_IRQHandler
                0x08002768                TIM11_IRQHandler
                0x08002768                DMA1_Channel2_IRQHandler
                0x08002768                FLASH_IRQHandler
                0x08002768                SPI3_IRQHandler
                0x08002768                DMA2_Channel3_IRQHandler
 .text.HAL_Init
                0x0800276a       0x30 ./Drivers/STM32L1xx_HAL_Driver/Src/stm32l1xx_hal.o
                0x0800276a                HAL_Init
 *fill*         0x0800279a        0x2 
 .text.HAL_InitTick
                0x0800279c       0x74 ./Drivers/STM32L1xx_HAL_Driver/Src/stm32l1xx_hal.o
                0x0800279c                HAL_InitTick
 .text.HAL_IncTick
                0x08002810       0x24 ./Drivers/STM32L1xx_HAL_Driver/Src/stm32l1xx_hal.o
                0x08002810                HAL_IncTick
 .text.HAL_GetTick
                0x08002834       0x14 ./Drivers/STM32L1xx_HAL_Driver/Src/stm32l1xx_hal.o
                0x08002834                HAL_GetTick
 .text.HAL_Delay
                0x08002848       0x44 ./Drivers/STM32L1xx_HAL_Driver/Src/stm32l1xx_hal.o
                0x08002848                HAL_Delay
 .text.HAL_ADC_Init
                0x0800288c      0x28c ./Drivers/STM32L1xx_HAL_Driver/Src/stm32l1xx_hal_adc.o
                0x0800288c                HAL_ADC_Init
 .text.HAL_ADC_ConfigChannel
                0x08002b18      0x2a0 ./Drivers/STM32L1xx_HAL_Driver/Src/stm32l1xx_hal_adc.o
                0x08002b18                HAL_ADC_ConfigChannel
 .text.__NVIC_SetPriorityGrouping
                0x08002db8       0x48 ./Drivers/STM32L1xx_HAL_Driver/Src/stm32l1xx_hal_cortex.o
 .text.__NVIC_GetPriorityGrouping
                0x08002e00       0x1c ./Drivers/STM32L1xx_HAL_Driver/Src/stm32l1xx_hal_cortex.o
 .text.__NVIC_EnableIRQ
                0x08002e1c       0x38 ./Drivers/STM32L1xx_HAL_Driver/Src/stm32l1xx_hal_cortex.o
 .text.__NVIC_SetPriority
                0x08002e54       0x54 ./Drivers/STM32L1xx_HAL_Driver/Src/stm32l1xx_hal_cortex.o
 .text.NVIC_EncodePriority
                0x08002ea8       0x64 ./Drivers/STM32L1xx_HAL_Driver/Src/stm32l1xx_hal_cortex.o
 .text.SysTick_Config
                0x08002f0c       0x44 ./Drivers/STM32L1xx_HAL_Driver/Src/stm32l1xx_hal_cortex.o
 .text.HAL_NVIC_SetPriorityGrouping
                0x08002f50       0x16 ./Drivers/STM32L1xx_HAL_Driver/Src/stm32l1xx_hal_cortex.o
                0x08002f50                HAL_NVIC_SetPriorityGrouping
 .text.HAL_NVIC_SetPriority
                0x08002f66       0x38 ./Drivers/STM32L1xx_HAL_Driver/Src/stm32l1xx_hal_cortex.o
                0x08002f66                HAL_NVIC_SetPriority
 .text.HAL_NVIC_EnableIRQ
                0x08002f9e       0x1c ./Drivers/STM32L1xx_HAL_Driver/Src/stm32l1xx_hal_cortex.o
                0x08002f9e                HAL_NVIC_EnableIRQ
 .text.HAL_SYSTICK_Config
                0x08002fba       0x18 ./Drivers/STM32L1xx_HAL_Driver/Src/stm32l1xx_hal_cortex.o
                0x08002fba                HAL_SYSTICK_Config
 *fill*         0x08002fd2        0x2 
 .text.HAL_DMA_Init
                0x08002fd4       0xe8 ./Drivers/STM32L1xx_HAL_Driver/Src/stm32l1xx_hal_dma.o
                0x08002fd4                HAL_DMA_Init
 .text.HAL_DMA_Start_IT
                0x080030bc       0xc0 ./Drivers/STM32L1xx_HAL_Driver/Src/stm32l1xx_hal_dma.o
                0x080030bc                HAL_DMA_Start_IT
 .text.HAL_DMA_Abort
                0x0800317c       0x7a ./Drivers/STM32L1xx_HAL_Driver/Src/stm32l1xx_hal_dma.o
                0x0800317c                HAL_DMA_Abort
 .text.HAL_DMA_Abort_IT
                0x080031f6       0x82 ./Drivers/STM32L1xx_HAL_Driver/Src/stm32l1xx_hal_dma.o
                0x080031f6                HAL_DMA_Abort_IT
 .text.HAL_DMA_IRQHandler
                0x08003278      0x15e ./Drivers/STM32L1xx_HAL_Driver/Src/stm32l1xx_hal_dma.o
                0x08003278                HAL_DMA_IRQHandler
 .text.HAL_DMA_GetState
                0x080033d6       0x1a ./Drivers/STM32L1xx_HAL_Driver/Src/stm32l1xx_hal_dma.o
                0x080033d6                HAL_DMA_GetState
 .text.DMA_SetConfig
                0x080033f0       0x5e ./Drivers/STM32L1xx_HAL_Driver/Src/stm32l1xx_hal_dma.o
 *fill*         0x0800344e        0x2 
 .text.HAL_GPIO_Init
                0x08003450      0x300 ./Drivers/STM32L1xx_HAL_Driver/Src/stm32l1xx_hal_gpio.o
                0x08003450                HAL_GPIO_Init
 .text.HAL_GPIO_ReadPin
                0x08003750       0x2e ./Drivers/STM32L1xx_HAL_Driver/Src/stm32l1xx_hal_gpio.o
                0x08003750                HAL_GPIO_ReadPin
 .text.HAL_GPIO_WritePin
                0x0800377e       0x30 ./Drivers/STM32L1xx_HAL_Driver/Src/stm32l1xx_hal_gpio.o
                0x0800377e                HAL_GPIO_WritePin
 *fill*         0x080037ae        0x2 
 .text.HAL_I2C_Init
                0x080037b0      0x288 ./Drivers/STM32L1xx_HAL_Driver/Src/stm32l1xx_hal_i2c.o
                0x080037b0                HAL_I2C_Init
 .text.I2C_Flush_DR
                0x08003a38       0x28 ./Drivers/STM32L1xx_HAL_Driver/Src/stm32l1xx_hal_i2c.o
 .text.HAL_I2C_Master_Transmit
                0x08003a60      0x1fc ./Drivers/STM32L1xx_HAL_Driver/Src/stm32l1xx_hal_i2c.o
                0x08003a60                HAL_I2C_Master_Transmit
 .text.HAL_I2C_Master_Receive
                0x08003c5c      0x464 ./Drivers/STM32L1xx_HAL_Driver/Src/stm32l1xx_hal_i2c.o
                0x08003c5c                HAL_I2C_Master_Receive
 .text.HAL_I2C_EV_IRQHandler
                0x080040c0      0x2e2 ./Drivers/STM32L1xx_HAL_Driver/Src/stm32l1xx_hal_i2c.o
                0x080040c0                HAL_I2C_EV_IRQHandler
 .text.HAL_I2C_ER_IRQHandler
                0x080043a2      0x14e ./Drivers/STM32L1xx_HAL_Driver/Src/stm32l1xx_hal_i2c.o
                0x080043a2                HAL_I2C_ER_IRQHandler
 .text.HAL_I2C_MasterTxCpltCallback
                0x080044f0       0x12 ./Drivers/STM32L1xx_HAL_Driver/Src/stm32l1xx_hal_i2c.o
                0x080044f0                HAL_I2C_MasterTxCpltCallback
 .text.HAL_I2C_MasterRxCpltCallback
                0x08004502       0x12 ./Drivers/STM32L1xx_HAL_Driver/Src/stm32l1xx_hal_i2c.o
                0x08004502                HAL_I2C_MasterRxCpltCallback
 .text.HAL_I2C_SlaveTxCpltCallback
                0x08004514       0x12 ./Drivers/STM32L1xx_HAL_Driver/Src/stm32l1xx_hal_i2c.o
                0x08004514                HAL_I2C_SlaveTxCpltCallback
 .text.HAL_I2C_SlaveRxCpltCallback
                0x08004526       0x12 ./Drivers/STM32L1xx_HAL_Driver/Src/stm32l1xx_hal_i2c.o
                0x08004526                HAL_I2C_SlaveRxCpltCallback
 .text.HAL_I2C_AddrCallback
                0x08004538       0x1a ./Drivers/STM32L1xx_HAL_Driver/Src/stm32l1xx_hal_i2c.o
                0x08004538                HAL_I2C_AddrCallback
 .text.HAL_I2C_ListenCpltCallback
                0x08004552       0x12 ./Drivers/STM32L1xx_HAL_Driver/Src/stm32l1xx_hal_i2c.o
                0x08004552                HAL_I2C_ListenCpltCallback
 .text.HAL_I2C_MemTxCpltCallback
                0x08004564       0x12 ./Drivers/STM32L1xx_HAL_Driver/Src/stm32l1xx_hal_i2c.o
                0x08004564                HAL_I2C_MemTxCpltCallback
 .text.HAL_I2C_MemRxCpltCallback
                0x08004576       0x12 ./Drivers/STM32L1xx_HAL_Driver/Src/stm32l1xx_hal_i2c.o
                0x08004576                HAL_I2C_MemRxCpltCallback
 .text.HAL_I2C_ErrorCallback
                0x08004588       0x12 ./Drivers/STM32L1xx_HAL_Driver/Src/stm32l1xx_hal_i2c.o
                0x08004588                HAL_I2C_ErrorCallback
 .text.HAL_I2C_AbortCpltCallback
                0x0800459a       0x12 ./Drivers/STM32L1xx_HAL_Driver/Src/stm32l1xx_hal_i2c.o
                0x0800459a                HAL_I2C_AbortCpltCallback
 .text.I2C_MasterTransmit_TXE
                0x080045ac      0x138 ./Drivers/STM32L1xx_HAL_Driver/Src/stm32l1xx_hal_i2c.o
 .text.I2C_MasterTransmit_BTF
                0x080046e4       0xec ./Drivers/STM32L1xx_HAL_Driver/Src/stm32l1xx_hal_i2c.o
 .text.I2C_MemoryTransmit_TXE_BTF
                0x080047d0      0x130 ./Drivers/STM32L1xx_HAL_Driver/Src/stm32l1xx_hal_i2c.o
 .text.I2C_MasterReceive_RXNE
                0x08004900      0x190 ./Drivers/STM32L1xx_HAL_Driver/Src/stm32l1xx_hal_i2c.o
 .text.I2C_MasterReceive_BTF
                0x08004a90      0x1e2 ./Drivers/STM32L1xx_HAL_Driver/Src/stm32l1xx_hal_i2c.o
 .text.I2C_Master_SB
                0x08004c72      0x10a ./Drivers/STM32L1xx_HAL_Driver/Src/stm32l1xx_hal_i2c.o
 .text.I2C_Master_ADD10
                0x08004d7c       0x52 ./Drivers/STM32L1xx_HAL_Driver/Src/stm32l1xx_hal_i2c.o
 .text.I2C_Master_ADDR
                0x08004dce      0x320 ./Drivers/STM32L1xx_HAL_Driver/Src/stm32l1xx_hal_i2c.o
 .text.I2C_SlaveTransmit_TXE
                0x080050ee       0x7a ./Drivers/STM32L1xx_HAL_Driver/Src/stm32l1xx_hal_i2c.o
 .text.I2C_SlaveTransmit_BTF
                0x08005168       0x40 ./Drivers/STM32L1xx_HAL_Driver/Src/stm32l1xx_hal_i2c.o
 .text.I2C_SlaveReceive_RXNE
                0x080051a8       0x7c ./Drivers/STM32L1xx_HAL_Driver/Src/stm32l1xx_hal_i2c.o
 .text.I2C_SlaveReceive_BTF
                0x08005224       0x42 ./Drivers/STM32L1xx_HAL_Driver/Src/stm32l1xx_hal_i2c.o
 .text.I2C_Slave_ADDR
                0x08005266       0x94 ./Drivers/STM32L1xx_HAL_Driver/Src/stm32l1xx_hal_i2c.o
 *fill*         0x080052fa        0x2 
 .text.I2C_Slave_STOPF
                0x080052fc      0x260 ./Drivers/STM32L1xx_HAL_Driver/Src/stm32l1xx_hal_i2c.o
 .text.I2C_Slave_AF
                0x0800555c       0xe8 ./Drivers/STM32L1xx_HAL_Driver/Src/stm32l1xx_hal_i2c.o
 .text.I2C_ITError
                0x08005644      0x264 ./Drivers/STM32L1xx_HAL_Driver/Src/stm32l1xx_hal_i2c.o
 .text.I2C_MasterRequestWrite
                0x080058a8      0x104 ./Drivers/STM32L1xx_HAL_Driver/Src/stm32l1xx_hal_i2c.o
 .text.I2C_MasterRequestRead
                0x080059ac      0x19c ./Drivers/STM32L1xx_HAL_Driver/Src/stm32l1xx_hal_i2c.o
 .text.I2C_DMAAbort
                0x08005b48      0x150 ./Drivers/STM32L1xx_HAL_Driver/Src/stm32l1xx_hal_i2c.o
 .text.I2C_WaitOnFlagUntilTimeout
                0x08005c98       0xf4 ./Drivers/STM32L1xx_HAL_Driver/Src/stm32l1xx_hal_i2c.o
 .text.I2C_WaitOnMasterAddressFlagUntilTimeout
                0x08005d8c      0x140 ./Drivers/STM32L1xx_HAL_Driver/Src/stm32l1xx_hal_i2c.o
 .text.I2C_WaitOnTXEFlagUntilTimeout
                0x08005ecc       0x90 ./Drivers/STM32L1xx_HAL_Driver/Src/stm32l1xx_hal_i2c.o
 .text.I2C_WaitOnBTFFlagUntilTimeout
                0x08005f5c       0x90 ./Drivers/STM32L1xx_HAL_Driver/Src/stm32l1xx_hal_i2c.o
 .text.I2C_WaitOnSTOPRequestThroughIT
                0x08005fec       0x64 ./Drivers/STM32L1xx_HAL_Driver/Src/stm32l1xx_hal_i2c.o
 .text.I2C_WaitOnRXNEFlagUntilTimeout
                0x08006050       0xba ./Drivers/STM32L1xx_HAL_Driver/Src/stm32l1xx_hal_i2c.o
 .text.I2C_IsAcknowledgeFailed
                0x0800610a       0x5c ./Drivers/STM32L1xx_HAL_Driver/Src/stm32l1xx_hal_i2c.o
 .text.I2C_ConvertOtherXferOptions
                0x08006166       0x34 ./Drivers/STM32L1xx_HAL_Driver/Src/stm32l1xx_hal_i2c.o
 *fill*         0x0800619a        0x2 
 .text.HAL_RCC_OscConfig
                0x0800619c      0x660 ./Drivers/STM32L1xx_HAL_Driver/Src/stm32l1xx_hal_rcc.o
                0x0800619c                HAL_RCC_OscConfig
 .text.HAL_RCC_ClockConfig
                0x080067fc      0x268 ./Drivers/STM32L1xx_HAL_Driver/Src/stm32l1xx_hal_rcc.o
                0x080067fc                HAL_RCC_ClockConfig
 .text.HAL_RCC_GetSysClockFreq
                0x08006a64      0x17c ./Drivers/STM32L1xx_HAL_Driver/Src/stm32l1xx_hal_rcc.o
                0x08006a64                HAL_RCC_GetSysClockFreq
 .text.HAL_RCC_GetHCLKFreq
                0x08006be0       0x14 ./Drivers/STM32L1xx_HAL_Driver/Src/stm32l1xx_hal_rcc.o
                0x08006be0                HAL_RCC_GetHCLKFreq
 .text.HAL_RCC_GetPCLK1Freq
                0x08006bf4       0x28 ./Drivers/STM32L1xx_HAL_Driver/Src/stm32l1xx_hal_rcc.o
                0x08006bf4                HAL_RCC_GetPCLK1Freq
 .text.HAL_RCC_GetPCLK2Freq
                0x08006c1c       0x28 ./Drivers/STM32L1xx_HAL_Driver/Src/stm32l1xx_hal_rcc.o
                0x08006c1c                HAL_RCC_GetPCLK2Freq
 .text.RCC_SetFlashLatencyFromMSIRange
                0x08006c44       0xc0 ./Drivers/STM32L1xx_HAL_Driver/Src/stm32l1xx_hal_rcc.o
 .text.HAL_TIM_Base_Init
                0x08006d04       0x7e ./Drivers/STM32L1xx_HAL_Driver/Src/stm32l1xx_hal_tim.o
                0x08006d04                HAL_TIM_Base_Init
 .text.HAL_TIM_PWM_Init
                0x08006d82       0x7e ./Drivers/STM32L1xx_HAL_Driver/Src/stm32l1xx_hal_tim.o
                0x08006d82                HAL_TIM_PWM_Init
 .text.HAL_TIM_PWM_Start
                0x08006e00      0x12c ./Drivers/STM32L1xx_HAL_Driver/Src/stm32l1xx_hal_tim.o
                0x08006e00                HAL_TIM_PWM_Start
 .text.HAL_TIM_IC_Init
                0x08006f2c       0x7e ./Drivers/STM32L1xx_HAL_Driver/Src/stm32l1xx_hal_tim.o
                0x08006f2c                HAL_TIM_IC_Init
 .text.HAL_TIM_IRQHandler
                0x08006faa      0x198 ./Drivers/STM32L1xx_HAL_Driver/Src/stm32l1xx_hal_tim.o
                0x08006faa                HAL_TIM_IRQHandler
 .text.HAL_TIM_IC_ConfigChannel
                0x08007142      0x138 ./Drivers/STM32L1xx_HAL_Driver/Src/stm32l1xx_hal_tim.o
                0x08007142                HAL_TIM_IC_ConfigChannel
 *fill*         0x0800727a        0x2 
 .text.HAL_TIM_PWM_ConfigChannel
                0x0800727c      0x184 ./Drivers/STM32L1xx_HAL_Driver/Src/stm32l1xx_hal_tim.o
                0x0800727c                HAL_TIM_PWM_ConfigChannel
 .text.HAL_TIM_ConfigClockSource
                0x08007400      0x18e ./Drivers/STM32L1xx_HAL_Driver/Src/stm32l1xx_hal_tim.o
                0x08007400                HAL_TIM_ConfigClockSource
 .text.HAL_TIM_PeriodElapsedCallback
                0x0800758e       0x12 ./Drivers/STM32L1xx_HAL_Driver/Src/stm32l1xx_hal_tim.o
                0x0800758e                HAL_TIM_PeriodElapsedCallback
 .text.HAL_TIM_OC_DelayElapsedCallback
                0x080075a0       0x12 ./Drivers/STM32L1xx_HAL_Driver/Src/stm32l1xx_hal_tim.o
                0x080075a0                HAL_TIM_OC_DelayElapsedCallback
 .text.HAL_TIM_IC_CaptureCallback
                0x080075b2       0x12 ./Drivers/STM32L1xx_HAL_Driver/Src/stm32l1xx_hal_tim.o
                0x080075b2                HAL_TIM_IC_CaptureCallback
 .text.HAL_TIM_PWM_PulseFinishedCallback
                0x080075c4       0x12 ./Drivers/STM32L1xx_HAL_Driver/Src/stm32l1xx_hal_tim.o
                0x080075c4                HAL_TIM_PWM_PulseFinishedCallback
 .text.HAL_TIM_TriggerCallback
                0x080075d6       0x12 ./Drivers/STM32L1xx_HAL_Driver/Src/stm32l1xx_hal_tim.o
                0x080075d6                HAL_TIM_TriggerCallback
 .text.TIM_Base_SetConfig
                0x080075e8       0xec ./Drivers/STM32L1xx_HAL_Driver/Src/stm32l1xx_hal_tim.o
 .text.TIM_OC1_SetConfig
                0x080076d4       0x78 ./Drivers/STM32L1xx_HAL_Driver/Src/stm32l1xx_hal_tim.o
 .text.TIM_OC2_SetConfig
                0x0800774c       0x7c ./Drivers/STM32L1xx_HAL_Driver/Src/stm32l1xx_hal_tim.o
 .text.TIM_OC3_SetConfig
                0x080077c8       0x7a ./Drivers/STM32L1xx_HAL_Driver/Src/stm32l1xx_hal_tim.o
 .text.TIM_OC4_SetConfig
                0x08007842       0x7c ./Drivers/STM32L1xx_HAL_Driver/Src/stm32l1xx_hal_tim.o
 *fill*         0x080078be        0x2 
 .text.TIM_TI1_SetConfig
                0x080078c0       0xc0 ./Drivers/STM32L1xx_HAL_Driver/Src/stm32l1xx_hal_tim.o
 .text.TIM_TI1_ConfigInputStage
                0x08007980       0x5c ./Drivers/STM32L1xx_HAL_Driver/Src/stm32l1xx_hal_tim.o
 .text.TIM_TI2_SetConfig
                0x080079dc       0x78 ./Drivers/STM32L1xx_HAL_Driver/Src/stm32l1xx_hal_tim.o
 .text.TIM_TI2_ConfigInputStage
                0x08007a54       0x5e ./Drivers/STM32L1xx_HAL_Driver/Src/stm32l1xx_hal_tim.o
 .text.TIM_TI3_SetConfig
                0x08007ab2       0x76 ./Drivers/STM32L1xx_HAL_Driver/Src/stm32l1xx_hal_tim.o
 .text.TIM_TI4_SetConfig
                0x08007b28       0x78 ./Drivers/STM32L1xx_HAL_Driver/Src/stm32l1xx_hal_tim.o
 .text.TIM_ITRx_SetConfig
                0x08007ba0       0x34 ./Drivers/STM32L1xx_HAL_Driver/Src/stm32l1xx_hal_tim.o
 .text.TIM_ETR_SetConfig
                0x08007bd4       0x3e ./Drivers/STM32L1xx_HAL_Driver/Src/stm32l1xx_hal_tim.o
 .text.TIM_CCxChannelCmd
                0x08007c12       0x48 ./Drivers/STM32L1xx_HAL_Driver/Src/stm32l1xx_hal_tim.o
 *fill*         0x08007c5a        0x2 
 .text.HAL_TIMEx_MasterConfigSynchronization
                0x08007c5c       0xbc ./Drivers/STM32L1xx_HAL_Driver/Src/stm32l1xx_hal_tim_ex.o
                0x08007c5c                HAL_TIMEx_MasterConfigSynchronization
 .text.HAL_UART_Init
                0x08007d18       0xa0 ./Drivers/STM32L1xx_HAL_Driver/Src/stm32l1xx_hal_uart.o
                0x08007d18                HAL_UART_Init
 .text.HAL_UART_Transmit
                0x08007db8      0x116 ./Drivers/STM32L1xx_HAL_Driver/Src/stm32l1xx_hal_uart.o
                0x08007db8                HAL_UART_Transmit
 .text.HAL_UART_DMAStop
                0x08007ece       0xfe ./Drivers/STM32L1xx_HAL_Driver/Src/stm32l1xx_hal_uart.o
                0x08007ece                HAL_UART_DMAStop
 .text.HAL_UARTEx_ReceiveToIdle_DMA
                0x08007fcc       0xb2 ./Drivers/STM32L1xx_HAL_Driver/Src/stm32l1xx_hal_uart.o
                0x08007fcc                HAL_UARTEx_ReceiveToIdle_DMA
 *fill*         0x0800807e        0x2 
 .text.HAL_UART_IRQHandler
                0x08008080      0x550 ./Drivers/STM32L1xx_HAL_Driver/Src/stm32l1xx_hal_uart.o
                0x08008080                HAL_UART_IRQHandler
 .text.HAL_UART_TxCpltCallback
                0x080085d0       0x12 ./Drivers/STM32L1xx_HAL_Driver/Src/stm32l1xx_hal_uart.o
                0x080085d0                HAL_UART_TxCpltCallback
 .text.HAL_UART_RxCpltCallback
                0x080085e2       0x12 ./Drivers/STM32L1xx_HAL_Driver/Src/stm32l1xx_hal_uart.o
                0x080085e2                HAL_UART_RxCpltCallback
 .text.HAL_UART_RxHalfCpltCallback
                0x080085f4       0x12 ./Drivers/STM32L1xx_HAL_Driver/Src/stm32l1xx_hal_uart.o
                0x080085f4                HAL_UART_RxHalfCpltCallback
 .text.UART_DMAReceiveCplt
                0x08008606      0x12c ./Drivers/STM32L1xx_HAL_Driver/Src/stm32l1xx_hal_uart.o
 .text.UART_DMARxHalfCplt
                0x08008732       0x3c ./Drivers/STM32L1xx_HAL_Driver/Src/stm32l1xx_hal_uart.o
 .text.UART_DMAError
                0x0800876e       0x94 ./Drivers/STM32L1xx_HAL_Driver/Src/stm32l1xx_hal_uart.o
 .text.UART_WaitOnFlagUntilTimeout
                0x08008802       0xb2 ./Drivers/STM32L1xx_HAL_Driver/Src/stm32l1xx_hal_uart.o
 .text.UART_Start_Receive_DMA
                0x080088b4      0x14c ./Drivers/STM32L1xx_HAL_Driver/Src/stm32l1xx_hal_uart.o
                0x080088b4                UART_Start_Receive_DMA
 .text.UART_EndTxTransfer
                0x08008a00       0x4e ./Drivers/STM32L1xx_HAL_Driver/Src/stm32l1xx_hal_uart.o
 .text.UART_EndRxTransfer
                0x08008a4e       0xc4 ./Drivers/STM32L1xx_HAL_Driver/Src/stm32l1xx_hal_uart.o
 .text.UART_DMAAbortOnError
                0x08008b12       0x22 ./Drivers/STM32L1xx_HAL_Driver/Src/stm32l1xx_hal_uart.o
 .text.UART_Transmit_IT
                0x08008b34       0x9e ./Drivers/STM32L1xx_HAL_Driver/Src/stm32l1xx_hal_uart.o
 .text.UART_EndTransmit_IT
                0x08008bd2       0x30 ./Drivers/STM32L1xx_HAL_Driver/Src/stm32l1xx_hal_uart.o
 .text.UART_Receive_IT
                0x08008c02      0x17c ./Drivers/STM32L1xx_HAL_Driver/Src/stm32l1xx_hal_uart.o
 *fill*         0x08008d7e        0x2 
 .text.UART_SetConfig
                0x08008d80      0x1c8 ./Drivers/STM32L1xx_HAL_Driver/Src/stm32l1xx_hal_uart.o
 .text.VL53L0X_GetOffsetCalibrationDataMicroMeter
                0x08008f48       0x26 ./Drivers/VL53L0X/core/src/vl53l0x_api.o
                0x08008f48                VL53L0X_GetOffsetCalibrationDataMicroMeter
 *fill*         0x08008f6e        0x2 
 .text.VL53L0X_DataInit
                0x08008f70      0x2c8 ./Drivers/VL53L0X/core/src/vl53l0x_api.o
                0x08008f70                VL53L0X_DataInit
 .text.VL53L0X_StaticInit
                0x08009238      0x300 ./Drivers/VL53L0X/core/src/vl53l0x_api.o
                0x08009238                VL53L0X_StaticInit
 .text.VL53L0X_WaitDeviceBooted
                0x08009538       0x1a ./Drivers/VL53L0X/core/src/vl53l0x_api.o
                0x08009538                VL53L0X_WaitDeviceBooted
 .text.VL53L0X_GetDeviceParameters
                0x08009552      0x120 ./Drivers/VL53L0X/core/src/vl53l0x_api.o
                0x08009552                VL53L0X_GetDeviceParameters
 *fill*         0x08009672        0x2 
 .text.VL53L0X_SetDeviceMode
                0x08009674       0x58 ./Drivers/VL53L0X/core/src/vl53l0x_api.o
                0x08009674                VL53L0X_SetDeviceMode
 .text.VL53L0X_GetDeviceMode
                0x080096cc       0x24 ./Drivers/VL53L0X/core/src/vl53l0x_api.o
                0x080096cc                VL53L0X_GetDeviceMode
 .text.VL53L0X_GetFractionEnable
                0x080096f0       0x3e ./Drivers/VL53L0X/core/src/vl53l0x_api.o
                0x080096f0                VL53L0X_GetFractionEnable
 .text.VL53L0X_SetMeasurementTimingBudgetMicroSeconds
                0x0800972e       0x26 ./Drivers/VL53L0X/core/src/vl53l0x_api.o
                0x0800972e                VL53L0X_SetMeasurementTimingBudgetMicroSeconds
 .text.VL53L0X_GetMeasurementTimingBudgetMicroSeconds
                0x08009754       0x26 ./Drivers/VL53L0X/core/src/vl53l0x_api.o
                0x08009754                VL53L0X_GetMeasurementTimingBudgetMicroSeconds
 .text.VL53L0X_SetVcselPulsePeriod
                0x0800977a       0x30 ./Drivers/VL53L0X/core/src/vl53l0x_api.o
                0x0800977a                VL53L0X_SetVcselPulsePeriod
 .text.VL53L0X_GetVcselPulsePeriod
                0x080097aa       0x2e ./Drivers/VL53L0X/core/src/vl53l0x_api.o
                0x080097aa                VL53L0X_GetVcselPulsePeriod
 .text.VL53L0X_SetSequenceStepEnable
                0x080097d8      0x140 ./Drivers/VL53L0X/core/src/vl53l0x_api.o
                0x080097d8                VL53L0X_SetSequenceStepEnable
 .text.sequence_step_enabled
                0x08009918       0xa4 ./Drivers/VL53L0X/core/src/vl53l0x_api.o
                0x08009918                sequence_step_enabled
 .text.VL53L0X_GetSequenceStepEnables
                0x080099bc       0xb0 ./Drivers/VL53L0X/core/src/vl53l0x_api.o
                0x080099bc                VL53L0X_GetSequenceStepEnables
 .text.VL53L0X_GetInterMeasurementPeriodMilliSeconds
                0x08009a6c       0x68 ./Drivers/VL53L0X/core/src/vl53l0x_api.o
                0x08009a6c                VL53L0X_GetInterMeasurementPeriodMilliSeconds
 .text.VL53L0X_GetXTalkCompensationEnable
                0x08009ad4       0x28 ./Drivers/VL53L0X/core/src/vl53l0x_api.o
                0x08009ad4                VL53L0X_GetXTalkCompensationEnable
 .text.VL53L0X_GetXTalkCompensationRateMegaCps
                0x08009afc       0x66 ./Drivers/VL53L0X/core/src/vl53l0x_api.o
                0x08009afc                VL53L0X_GetXTalkCompensationRateMegaCps
 *fill*         0x08009b62        0x2 
 .text.VL53L0X_SetLimitCheckEnable
                0x08009b64      0x118 ./Drivers/VL53L0X/core/src/vl53l0x_api.o
                0x08009b64                VL53L0X_SetLimitCheckEnable
 .text.VL53L0X_GetLimitCheckEnable
                0x08009c7c       0x44 ./Drivers/VL53L0X/core/src/vl53l0x_api.o
                0x08009c7c                VL53L0X_GetLimitCheckEnable
 .text.VL53L0X_SetLimitCheckValue
                0x08009cc0       0xc4 ./Drivers/VL53L0X/core/src/vl53l0x_api.o
                0x08009cc0                VL53L0X_SetLimitCheckValue
 .text.VL53L0X_GetLimitCheckValue
                0x08009d84      0x11c ./Drivers/VL53L0X/core/src/vl53l0x_api.o
                0x08009d84                VL53L0X_GetLimitCheckValue
 .text.VL53L0X_GetWrapAroundCheckEnable
                0x08009ea0       0x64 ./Drivers/VL53L0X/core/src/vl53l0x_api.o
                0x08009ea0                VL53L0X_GetWrapAroundCheckEnable
 .text.VL53L0X_PerformSingleMeasurement
                0x08009f04       0x68 ./Drivers/VL53L0X/core/src/vl53l0x_api.o
                0x08009f04                VL53L0X_PerformSingleMeasurement
 .text.VL53L0X_PerformRefCalibration
                0x08009f6c       0x2c ./Drivers/VL53L0X/core/src/vl53l0x_api.o
                0x08009f6c                VL53L0X_PerformRefCalibration
 .text.VL53L0X_CheckAndLoadInterruptSettings
                0x08009f98       0xcc ./Drivers/VL53L0X/core/src/vl53l0x_api.o
                0x08009f98                VL53L0X_CheckAndLoadInterruptSettings
 .text.VL53L0X_StartMeasurement
                0x0800a064      0x184 ./Drivers/VL53L0X/core/src/vl53l0x_api.o
                0x0800a064                VL53L0X_StartMeasurement
 .text.VL53L0X_GetMeasurementDataReady
                0x0800a1e8       0x80 ./Drivers/VL53L0X/core/src/vl53l0x_api.o
                0x0800a1e8                VL53L0X_GetMeasurementDataReady
 .text.VL53L0X_GetRangingMeasurementData
                0x0800a268      0x238 ./Drivers/VL53L0X/core/src/vl53l0x_api.o
                0x0800a268                VL53L0X_GetRangingMeasurementData
 .text.VL53L0X_PerformSingleRangingMeasurement
                0x0800a4a0       0x60 ./Drivers/VL53L0X/core/src/vl53l0x_api.o
                0x0800a4a0                VL53L0X_PerformSingleRangingMeasurement
 .text.VL53L0X_SetGpioConfig
                0x0800a500      0x244 ./Drivers/VL53L0X/core/src/vl53l0x_api.o
                0x0800a500                VL53L0X_SetGpioConfig
 .text.VL53L0X_GetInterruptThresholds
                0x0800a744       0x68 ./Drivers/VL53L0X/core/src/vl53l0x_api.o
                0x0800a744                VL53L0X_GetInterruptThresholds
 .text.VL53L0X_ClearInterruptMask
                0x0800a7ac       0x80 ./Drivers/VL53L0X/core/src/vl53l0x_api.o
                0x0800a7ac                VL53L0X_ClearInterruptMask
 .text.VL53L0X_GetInterruptMaskStatus
                0x0800a82c       0x44 ./Drivers/VL53L0X/core/src/vl53l0x_api.o
                0x0800a82c                VL53L0X_GetInterruptMaskStatus
 .text.VL53L0X_PerformRefSpadManagement
                0x0800a870       0x2a ./Drivers/VL53L0X/core/src/vl53l0x_api.o
                0x0800a870                VL53L0X_PerformRefSpadManagement
 .text.VL53L0X_get_offset_calibration_data_micro_meter
                0x0800a89a       0x7e ./Drivers/VL53L0X/core/src/vl53l0x_api_calibration.o
                0x0800a89a                VL53L0X_get_offset_calibration_data_micro_meter
 .text.get_next_good_spad
                0x0800a918       0xba ./Drivers/VL53L0X/core/src/vl53l0x_api_calibration.o
                0x0800a918                get_next_good_spad
 *fill*         0x0800a9d2        0x2 
 .text.is_aperture
                0x0800a9d4       0x34 ./Drivers/VL53L0X/core/src/vl53l0x_api_calibration.o
                0x0800a9d4                is_aperture
 .text.enable_spad_bit
                0x0800aa08       0x6e ./Drivers/VL53L0X/core/src/vl53l0x_api_calibration.o
                0x0800aa08                enable_spad_bit
 .text.set_ref_spad_map
                0x0800aa76       0x26 ./Drivers/VL53L0X/core/src/vl53l0x_api_calibration.o
                0x0800aa76                set_ref_spad_map
 .text.get_ref_spad_map
                0x0800aa9c       0x26 ./Drivers/VL53L0X/core/src/vl53l0x_api_calibration.o
                0x0800aa9c                get_ref_spad_map
 .text.enable_ref_spads
                0x0800aac2       0xf8 ./Drivers/VL53L0X/core/src/vl53l0x_api_calibration.o
                0x0800aac2                enable_ref_spads
 .text.perform_ref_signal_measurement
                0x0800abba       0xd4 ./Drivers/VL53L0X/core/src/vl53l0x_api_calibration.o
                0x0800abba                perform_ref_signal_measurement
 .text.VL53L0X_perform_ref_spad_management
                0x0800ac8e      0x418 ./Drivers/VL53L0X/core/src/vl53l0x_api_calibration.o
                0x0800ac8e                VL53L0X_perform_ref_spad_management
 .text.VL53L0X_set_reference_spads
                0x0800b0a6      0x14a ./Drivers/VL53L0X/core/src/vl53l0x_api_calibration.o
                0x0800b0a6                VL53L0X_set_reference_spads
 .text.VL53L0X_perform_single_ref_calibration
                0x0800b1f0       0x76 ./Drivers/VL53L0X/core/src/vl53l0x_api_calibration.o
                0x0800b1f0                VL53L0X_perform_single_ref_calibration
 .text.VL53L0X_ref_calibration_io
                0x0800b266      0x132 ./Drivers/VL53L0X/core/src/vl53l0x_api_calibration.o
                0x0800b266                VL53L0X_ref_calibration_io
 .text.VL53L0X_perform_vhv_calibration
                0x0800b398       0xce ./Drivers/VL53L0X/core/src/vl53l0x_api_calibration.o
                0x0800b398                VL53L0X_perform_vhv_calibration
 .text.VL53L0X_perform_phase_calibration
                0x0800b466       0xca ./Drivers/VL53L0X/core/src/vl53l0x_api_calibration.o
                0x0800b466                VL53L0X_perform_phase_calibration
 .text.VL53L0X_perform_ref_calibration
                0x0800b530       0x7a ./Drivers/VL53L0X/core/src/vl53l0x_api_calibration.o
                0x0800b530                VL53L0X_perform_ref_calibration
 .text.VL53L0X_measurement_poll_for_completion
                0x0800b5aa       0x60 ./Drivers/VL53L0X/core/src/vl53l0x_api_core.o
                0x0800b5aa                VL53L0X_measurement_poll_for_completion
 .text.VL53L0X_decode_vcsel_period
                0x0800b60a       0x24 ./Drivers/VL53L0X/core/src/vl53l0x_api_core.o
                0x0800b60a                VL53L0X_decode_vcsel_period
 .text.VL53L0X_encode_vcsel_period
                0x0800b62e       0x24 ./Drivers/VL53L0X/core/src/vl53l0x_api_core.o
                0x0800b62e                VL53L0X_encode_vcsel_period
 .text.VL53L0X_isqrt
                0x0800b652       0x66 ./Drivers/VL53L0X/core/src/vl53l0x_api_core.o
                0x0800b652                VL53L0X_isqrt
 .text.VL53L0X_device_read_strobe
                0x0800b6b8       0x86 ./Drivers/VL53L0X/core/src/vl53l0x_api_core.o
                0x0800b6b8                VL53L0X_device_read_strobe
 .text.VL53L0X_get_info_from_device
                0x0800b73e      0x99a ./Drivers/VL53L0X/core/src/vl53l0x_api_core.o
                0x0800b73e                VL53L0X_get_info_from_device
 .text.VL53L0X_calc_macro_period_ps
                0x0800c0d8       0x3a ./Drivers/VL53L0X/core/src/vl53l0x_api_core.o
                0x0800c0d8                VL53L0X_calc_macro_period_ps
 .text.VL53L0X_encode_timeout
                0x0800c112       0x52 ./Drivers/VL53L0X/core/src/vl53l0x_api_core.o
                0x0800c112                VL53L0X_encode_timeout
 .text.VL53L0X_decode_timeout
                0x0800c164       0x2a ./Drivers/VL53L0X/core/src/vl53l0x_api_core.o
                0x0800c164                VL53L0X_decode_timeout
 *fill*         0x0800c18e        0x2 
 .text.VL53L0X_calc_timeout_mclks
                0x0800c190       0x54 ./Drivers/VL53L0X/core/src/vl53l0x_api_core.o
                0x0800c190                VL53L0X_calc_timeout_mclks
 .text.VL53L0X_calc_timeout_us
                0x0800c1e4       0x54 ./Drivers/VL53L0X/core/src/vl53l0x_api_core.o
                0x0800c1e4                VL53L0X_calc_timeout_us
 .text.get_sequence_step_timeout
                0x0800c238      0x1c0 ./Drivers/VL53L0X/core/src/vl53l0x_api_core.o
                0x0800c238                get_sequence_step_timeout
 .text.set_sequence_step_timeout
                0x0800c3f8      0x1e4 ./Drivers/VL53L0X/core/src/vl53l0x_api_core.o
                0x0800c3f8                set_sequence_step_timeout
 .text.VL53L0X_set_vcsel_pulse_period
                0x0800c5dc      0x50e ./Drivers/VL53L0X/core/src/vl53l0x_api_core.o
                0x0800c5dc                VL53L0X_set_vcsel_pulse_period
 .text.VL53L0X_get_vcsel_pulse_period
                0x0800caea       0x6e ./Drivers/VL53L0X/core/src/vl53l0x_api_core.o
                0x0800caea                VL53L0X_get_vcsel_pulse_period
 .text.VL53L0X_set_measurement_timing_budget_micro_seconds
                0x0800cb58      0x1c0 ./Drivers/VL53L0X/core/src/vl53l0x_api_core.o
                0x0800cb58                VL53L0X_set_measurement_timing_budget_micro_seconds
 .text.VL53L0X_get_measurement_timing_budget_micro_seconds
                0x0800cd18      0x162 ./Drivers/VL53L0X/core/src/vl53l0x_api_core.o
                0x0800cd18                VL53L0X_get_measurement_timing_budget_micro_seconds
 *fill*         0x0800ce7a        0x2 
 .text.VL53L0X_load_tuning_settings
                0x0800ce7c      0x1c4 ./Drivers/VL53L0X/core/src/vl53l0x_api_core.o
                0x0800ce7c                VL53L0X_load_tuning_settings
 .text.VL53L0X_get_total_xtalk_rate
                0x0800d040       0x5e ./Drivers/VL53L0X/core/src/vl53l0x_api_core.o
                0x0800d040                VL53L0X_get_total_xtalk_rate
 .text.VL53L0X_get_total_signal_rate
                0x0800d09e       0x4a ./Drivers/VL53L0X/core/src/vl53l0x_api_core.o
                0x0800d09e                VL53L0X_get_total_signal_rate
 .text.VL53L0X_calc_dmax
                0x0800d0e8      0x238 ./Drivers/VL53L0X/core/src/vl53l0x_api_core.o
                0x0800d0e8                VL53L0X_calc_dmax
 .text.VL53L0X_calc_sigma_estimate
                0x0800d320      0x498 ./Drivers/VL53L0X/core/src/vl53l0x_api_core.o
                0x0800d320                VL53L0X_calc_sigma_estimate
 .text.VL53L0X_get_pal_range_status
                0x0800d7b8      0x3b6 ./Drivers/VL53L0X/core/src/vl53l0x_api_core.o
                0x0800d7b8                VL53L0X_get_pal_range_status
 .text._I2CWrite
                0x0800db6e       0x3e ./Drivers/VL53L0X/platform/src/vl53l0x_platform.o
                0x0800db6e                _I2CWrite
 .text._I2CRead
                0x0800dbac       0x44 ./Drivers/VL53L0X/platform/src/vl53l0x_platform.o
                0x0800dbac                _I2CRead
 .text.VL53L0X_WriteMulti
                0x0800dbf0       0x60 ./Drivers/VL53L0X/platform/src/vl53l0x_platform.o
                0x0800dbf0                VL53L0X_WriteMulti
 .text.VL53L0X_ReadMulti
                0x0800dc50       0x56 ./Drivers/VL53L0X/platform/src/vl53l0x_platform.o
                0x0800dc50                VL53L0X_ReadMulti
 *fill*         0x0800dca6        0x2 
 .text.VL53L0X_WrByte
                0x0800dca8       0x48 ./Drivers/VL53L0X/platform/src/vl53l0x_platform.o
                0x0800dca8                VL53L0X_WrByte
 .text.VL53L0X_WrWord
                0x0800dcf0       0x54 ./Drivers/VL53L0X/platform/src/vl53l0x_platform.o
                0x0800dcf0                VL53L0X_WrWord
 .text.VL53L0X_UpdateByte
                0x0800dd44       0x68 ./Drivers/VL53L0X/platform/src/vl53l0x_platform.o
                0x0800dd44                VL53L0X_UpdateByte
 .text.VL53L0X_RdByte
                0x0800ddac       0x54 ./Drivers/VL53L0X/platform/src/vl53l0x_platform.o
                0x0800ddac                VL53L0X_RdByte
 .text.VL53L0X_RdWord
                0x0800de00       0x6c ./Drivers/VL53L0X/platform/src/vl53l0x_platform.o
                0x0800de00                VL53L0X_RdWord
 .text.VL53L0X_RdDWord
                0x0800de6c       0x78 ./Drivers/VL53L0X/platform/src/vl53l0x_platform.o
                0x0800de6c                VL53L0X_RdDWord
 .text.VL53L0X_PollingDelay
                0x0800dee4       0x1e ./Drivers/VL53L0X/platform/src/vl53l0x_platform.o
                0x0800dee4                VL53L0X_PollingDelay
 .text.memset   0x0800df02       0x10 C:/ST/STM32CubeIDE_2.0.0/STM32CubeIDE/plugins/com.st.stm32cube.ide.mcu.externaltools.gnu-tools-for-stm32.13.3.rel1.win32_1.0.100.202509120712/tools/bin/../lib/gcc/arm-none-eabi/13.3.1/../../../../arm-none-eabi/lib/thumb/v7-m/nofp\libc_nano.a(libc_a-memset.o)
                0x0800df02                memset
 *fill*         0x0800df12        0x2 
 .text.__libc_init_array
                0x0800df14       0x48 C:/ST/STM32CubeIDE_2.0.0/STM32CubeIDE/plugins/com.st.stm32cube.ide.mcu.externaltools.gnu-tools-for-stm32.13.3.rel1.win32_1.0.100.202509120712/tools/bin/../lib/gcc/arm-none-eabi/13.3.1/../../../../arm-none-eabi/lib/thumb/v7-m/nofp\libc_nano.a(libc_a-init.o)
                0x0800df14                __libc_init_array
 .text.strcpy   0x0800df5c       0x10 C:/ST/STM32CubeIDE_2.0.0/STM32CubeIDE/plugins/com.st.stm32cube.ide.mcu.externaltools.gnu-tools-for-stm32.13.3.rel1.win32_1.0.100.202509120712/tools/bin/../lib/gcc/arm-none-eabi/13.3.1/../../../../arm-none-eabi/lib/thumb/v7-m/nofp\libc_nano.a(libc_a-strcpy.o)
                0x0800df5c                strcpy
 .text.memcpy   0x0800df6c       0x1c C:/ST/STM32CubeIDE_2.0.0/STM32CubeIDE/plugins/com.st.stm32cube.ide.mcu.externaltools.gnu-tools-for-stm32.13.3.rel1.win32_1.0.100.202509120712/tools/bin/../lib/gcc/arm-none-eabi/13.3.1/../../../../arm-none-eabi/lib/thumb/v7-m/nofp\libc_nano.a(libc_a-memcpy-stub.o)
                0x0800df6c                memcpy
 *(.glue_7)
 .glue_7        0x0800df88        0x0 linker stubs
 *(.glue_7t)
 .glue_7t       0x0800df88        0x0 linker stubs
 *(.eh_frame)
 .eh_frame      0x0800df88        0x0 C:/ST/STM32CubeIDE_2.0.0/STM32CubeIDE/plugins/com.st.stm32cube.ide.mcu.externaltools.gnu-tools-for-stm32.13.3.rel1.win32_1.0.100.202509120712/tools/bin/../lib/gcc/arm-none-eabi/13.3.1/thumb/v7-m/nofp/crtbegin.o
 *(.init)
 .init          0x0800df88        0x4 C:/ST/STM32CubeIDE_2.0.0/STM32CubeIDE/plugins/com.st.stm32cube.ide.mcu.externaltools.gnu-tools-for-stm32.13.3.rel1.win32_1.0.100.202509120712/tools/bin/../lib/gcc/arm-none-eabi/13.3.1/thumb/v7-m/nofp/crti.o
                0x0800df88                _init
 .init          0x0800df8c        0x8 C:/ST/STM32CubeIDE_2.0.0/STM32CubeIDE/plugins/com.st.stm32cube.ide.mcu.externaltools.gnu-tools-for-stm32.13.3.rel1.win32_1.0.100.202509120712/tools/bin/../lib/gcc/arm-none-eabi/13.3.1/thumb/v7-m/nofp/crtn.o
 *(.fini)
 .fini          0x0800df94        0x4 C:/ST/STM32CubeIDE_2.0.0/STM32CubeIDE/plugins/com.st.stm32cube.ide.mcu.externaltools.gnu-tools-for-stm32.13.3.rel1.win32_1.0.100.202509120712/tools/bin/../lib/gcc/arm-none-eabi/13.3.1/thumb/v7-m/nofp/crti.o
                0x0800df94                _fini
 .fini          0x0800df98        0x8 C:/ST/STM32CubeIDE_2.0.0/STM32CubeIDE/plugins/com.st.stm32cube.ide.mcu.externaltools.gnu-tools-for-stm32.13.3.rel1.win32_1.0.100.202509120712/tools/bin/../lib/gcc/arm-none-eabi/13.3.1/thumb/v7-m/nofp/crtn.o
                0x0800dfa0                        . = ALIGN (0x4)
                0x0800dfa0                        _etext = .

.vfp11_veneer   0x0800dfa0        0x0
 .vfp11_veneer  0x0800dfa0        0x0 linker stubs

.v4_bx          0x0800dfa0        0x0
 .v4_bx         0x0800dfa0        0x0 linker stubs

.iplt           0x0800dfa0        0x0
 .iplt          0x0800dfa0        0x0 C:/ST/STM32CubeIDE_2.0.0/STM32CubeIDE/plugins/com.st.stm32cube.ide.mcu.externaltools.gnu-tools-for-stm32.13.3.rel1.win32_1.0.100.202509120712/tools/bin/../lib/gcc/arm-none-eabi/13.3.1/thumb/v7-m/nofp/crtbegin.o

.rodata         0x0800dfa0       0x28
                0x0800dfa0                        . = ALIGN (0x4)
 *(.rodata)
 *(.rodata*)
 .rodata.PLLMulTable
                0x0800dfa0        0x9 ./Core/Src/system_stm32l1xx.o
                0x0800dfa0                PLLMulTable
 *fill*         0x0800dfa9        0x3 
 .rodata.AHBPrescTable
                0x0800dfac       0x10 ./Core/Src/system_stm32l1xx.o
                0x0800dfac                AHBPrescTable
 .rodata.APBPrescTable
                0x0800dfbc        0x8 ./Core/Src/system_stm32l1xx.o
                0x0800dfbc                APBPrescTable
 .rodata.PREAMBULE
                0x0800dfc4        0x1 ./Core/Src/modules/wifi.o
                0x0800dfc4                PREAMBULE
                0x0800dfc8                        . = ALIGN (0x4)
 *fill*         0x0800dfc5        0x3 

.ARM.extab      0x0800dfc8        0x0
                0x0800dfc8                        . = ALIGN (0x4)
 *(.ARM.extab* .gnu.linkonce.armextab.*)
                0x0800dfc8                        . = ALIGN (0x4)

.ARM            0x0800dfc8        0x8
                0x0800dfc8                        . = ALIGN (0x4)
                0x0800dfc8                        __exidx_start = .
 *(.ARM.exidx*)
 .ARM.exidx     0x0800dfc8        0x8 C:/ST/STM32CubeIDE_2.0.0/STM32CubeIDE/plugins/com.st.stm32cube.ide.mcu.externaltools.gnu-tools-for-stm32.13.3.rel1.win32_1.0.100.202509120712/tools/bin/../lib/gcc/arm-none-eabi/13.3.1/thumb/v7-m/nofp\libgcc.a(_udivmoddi4.o)
                0x0800dfd0                        __exidx_end = .
                0x0800dfd0                        . = ALIGN (0x4)

.preinit_array  0x0800dfd0        0x0
                0x0800dfd0                        . = ALIGN (0x4)
                0x0800dfd0                        PROVIDE (__preinit_array_start = .)
 *(.preinit_array*)
                0x0800dfd0                        PROVIDE (__preinit_array_end = .)
                0x0800dfd0                        . = ALIGN (0x4)

.init_array     0x0800dfd0        0x4
                0x0800dfd0                        . = ALIGN (0x4)
                0x0800dfd0                        PROVIDE (__init_array_start = .)
 *(SORT_BY_NAME(.init_array.*))
 *(.init_array*)
 .init_array    0x0800dfd0        0x4 C:/ST/STM32CubeIDE_2.0.0/STM32CubeIDE/plugins/com.st.stm32cube.ide.mcu.externaltools.gnu-tools-for-stm32.13.3.rel1.win32_1.0.100.202509120712/tools/bin/../lib/gcc/arm-none-eabi/13.3.1/thumb/v7-m/nofp/crtbegin.o
                0x0800dfd4                        PROVIDE (__init_array_end = .)
                0x0800dfd4                        . = ALIGN (0x4)

.fini_array     0x0800dfd4        0x4
                0x0800dfd4                        . = ALIGN (0x4)
                [!provide]                        PROVIDE (__fini_array_start = .)
 *(SORT_BY_NAME(.fini_array.*))
 *(.fini_array*)
 .fini_array    0x0800dfd4        0x4 C:/ST/STM32CubeIDE_2.0.0/STM32CubeIDE/plugins/com.st.stm32cube.ide.mcu.externaltools.gnu-tools-for-stm32.13.3.rel1.win32_1.0.100.202509120712/tools/bin/../lib/gcc/arm-none-eabi/13.3.1/thumb/v7-m/nofp/crtbegin.o
                [!provide]                        PROVIDE (__fini_array_end = .)
                0x0800dfd8                        . = ALIGN (0x4)
                0x0800dfd8                        _sidata = LOADADDR (.data)

.rel.dyn        0x0800dfd8        0x0
 .rel.iplt      0x0800dfd8        0x0 C:/ST/STM32CubeIDE_2.0.0/STM32CubeIDE/plugins/com.st.stm32cube.ide.mcu.externaltools.gnu-tools-for-stm32.13.3.rel1.win32_1.0.100.202509120712/tools/bin/../lib/gcc/arm-none-eabi/13.3.1/thumb/v7-m/nofp/crtbegin.o

.data           0x20000000      0x2d8 load address 0x0800dfd8
                0x20000000                        . = ALIGN (0x4)
                0x20000000                        _sdata = .
 *(.data)
 *(.data*)
 .data.SystemCoreClock
                0x20000000        0x4 ./Core/Src/system_stm32l1xx.o
                0x20000000                SystemCoreClock
 .data.Dev      0x20000004        0x4 ./Core/Src/modules/ranging_sensor.o
 .data.MAX_ANGLE
                0x20000008        0x1 ./Core/Src/modules/servo.o
                0x20000008                MAX_ANGLE
 .data.MIN_ANGLE
                0x20000009        0x1 ./Core/Src/modules/servo.o
                0x20000009                MIN_ANGLE
 .data.COUNTER_MIN
                0x2000000a        0x2 ./Core/Src/modules/servo.o
                0x2000000a                COUNTER_MIN
 .data.COUNTER_MAX
                0x2000000c        0x2 ./Core/Src/modules/servo.o
                0x2000000c                COUNTER_MAX
 .data.COUNTER_CURR
                0x2000000e        0x2 ./Core/Src/modules/servo.o
                0x2000000e                COUNTER_CURR
 .data.last_angle
                0x20000010        0x1 ./Core/Src/modules/servo.o
                0x20000010                last_angle
 *fill*         0x20000011        0x3 
 .data.uwTickPrio
                0x20000014        0x4 ./Drivers/STM32L1xx_HAL_Driver/Src/stm32l1xx_hal.o
                0x20000014                uwTickPrio
 .data.uwTickFreq
                0x20000018        0x4 ./Drivers/STM32L1xx_HAL_Driver/Src/stm32l1xx_hal.o
                0x20000018                uwTickFreq
 .data.DefaultTuningSettings
                0x2000001c       0xf3 ./Drivers/VL53L0X/core/src/vl53l0x_api.o
                0x2000001c                DefaultTuningSettings
 *fill*         0x2000010f        0x1 
 .data.InterruptThresholdSettings
                0x20000110      0x1b6 ./Drivers/VL53L0X/core/src/vl53l0x_api.o
                0x20000110                InterruptThresholdSettings
 *fill*         0x200002c6        0x2 
 .data.refArrayQuadrants
                0x200002c8       0x10 ./Drivers/VL53L0X/core/src/vl53l0x_api_calibration.o
                0x200002c8                refArrayQuadrants
 *(.RamFunc)
 *(.RamFunc*)
                0x200002d8                        . = ALIGN (0x4)
                0x200002d8                        _edata = .

.igot.plt       0x200002d8        0x0 load address 0x0800e2b0
 .igot.plt      0x200002d8        0x0 C:/ST/STM32CubeIDE_2.0.0/STM32CubeIDE/plugins/com.st.stm32cube.ide.mcu.externaltools.gnu-tools-for-stm32.13.3.rel1.win32_1.0.100.202509120712/tools/bin/../lib/gcc/arm-none-eabi/13.3.1/thumb/v7-m/nofp/crtbegin.o
                0x200002d8                        . = ALIGN (0x4)

.bss            0x200002d8      0x9a8 load address 0x0800e2b0
                0x200002d8                        _sbss = .
                0x200002d8                        __bss_start__ = _sbss
 *(.bss)
 .bss           0x200002d8       0x1c C:/ST/STM32CubeIDE_2.0.0/STM32CubeIDE/plugins/com.st.stm32cube.ide.mcu.externaltools.gnu-tools-for-stm32.13.3.rel1.win32_1.0.100.202509120712/tools/bin/../lib/gcc/arm-none-eabi/13.3.1/thumb/v7-m/nofp/crtbegin.o
 *(.bss*)
 .bss.hadc      0x200002f4       0x54 ./Core/Src/adc.o
                0x200002f4                hadc
 .bss.ANGLE_DESIRED
                0x20000348        0x1 ./Core/Src/global_variables.o
                0x20000348                ANGLE_DESIRED
 .bss.SPEED_DESIRED
                0x20000349        0x1 ./Core/Src/global_variables.o
                0x20000349                SPEED_DESIRED
 .bss.DISTANCE_MEASURED
                0x2000034a        0x2 ./Core/Src/global_variables.o
                0x2000034a                DISTANCE_MEASURED
 .bss.SPEED_MEASURED_ACC
                0x2000034c        0x2 ./Core/Src/global_variables.o
                0x2000034c                SPEED_MEASURED_ACC
 .bss.RPM_MEASURED_MAG
                0x2000034e        0x2 ./Core/Src/global_variables.o
                0x2000034e                RPM_MEASURED_MAG
 .bss.RPM_MEASURED_OPT
                0x20000350        0x2 ./Core/Src/global_variables.o
                0x20000350                RPM_MEASURED_OPT
 .bss.PITCH     0x20000352        0x2 ./Core/Src/global_variables.o
                0x20000352                PITCH
 .bss.ROLL      0x20000354        0x2 ./Core/Src/global_variables.o
                0x20000354                ROLL
 .bss.BATTERY_CHARGE
                0x20000356        0x1 ./Core/Src/global_variables.o
                0x20000356                BATTERY_CHARGE
 .bss.CONNECTED
                0x20000357        0x1 ./Core/Src/global_variables.o
                0x20000357                CONNECTED
 .bss.DATA_VALID_FLAGS
                0x20000358        0x1 ./Core/Src/global_variables.o
                0x20000358                DATA_VALID_FLAGS
 *fill*         0x20000359        0x3 
 .bss.hi2c1     0x2000035c       0x54 ./Core/Src/i2c.o
                0x2000035c                hi2c1
 .bss.hi2c2     0x200003b0       0x54 ./Core/Src/i2c.o
                0x200003b0                hi2c2
 .bss.telem_state
                0x20000404        0x1 ./Core/Src/main.o
                0x20000404                telem_state
 *fill*         0x20000405        0x3 
 .bss.flag_send_data
                0x20000408        0x4 ./Core/Src/main.o
                0x20000408                flag_send_data
 .bss.telem_last_tick
                0x2000040c        0x4 ./Core/Src/main.o
                0x2000040c                telem_last_tick
 .bss.htim2     0x20000410       0x40 ./Core/Src/tim.o
                0x20000410                htim2
 .bss.htim3     0x20000450       0x40 ./Core/Src/tim.o
                0x20000450                htim3
 .bss.htim4     0x20000490       0x40 ./Core/Src/tim.o
                0x20000490                htim4
 .bss.htim5     0x200004d0       0x40 ./Core/Src/tim.o
                0x200004d0                htim5
 .bss.htim9     0x20000510       0x40 ./Core/Src/tim.o
                0x20000510                htim9
 .bss.huart1    0x20000550       0x48 ./Core/Src/usart.o
                0x20000550                huart1
 .bss.huart2    0x20000598       0x48 ./Core/Src/usart.o
                0x20000598                huart2
 .bss.hdma_usart2_rx
                0x200005e0       0x44 ./Core/Src/usart.o
                0x200005e0                hdma_usart2_rx
 .bss.hdma_usart2_tx
                0x20000624       0x44 ./Core/Src/usart.o
                0x20000624                hdma_usart2_tx
 .bss.in_malfunction
                0x20000668        0x1 ./Core/Src/modules/malfunction.o
 *fill*         0x20000669        0x3 
 .bss.pwm_val   0x2000066c        0x4 ./Core/Src/modules/motor.o
 .bss.pwm_val1  0x20000670        0x4 ./Core/Src/modules/motor.o
 .bss.pwm_val2  0x20000674        0x4 ./Core/Src/modules/motor.o
 .bss.past_pwm_val2
                0x20000678        0x4 ./Core/Src/modules/motor.o
 .bss.refSpadCount
                0x2000067c        0x4 ./Core/Src/modules/ranging_sensor.o
 .bss.isApertureSpads
                0x20000680        0x1 ./Core/Src/modules/ranging_sensor.o
 .bss.VhvSettings
                0x20000681        0x1 ./Core/Src/modules/ranging_sensor.o
 .bss.PhaseCal  0x20000682        0x1 ./Core/Src/modules/ranging_sensor.o
 *fill*         0x20000683        0x1 
 .bss.RangingData
                0x20000684       0x1c ./Core/Src/modules/ranging_sensor.o
 .bss.vl53l0x_c
                0x200006a0      0x190 ./Core/Src/modules/ranging_sensor.o
 .bss.COUNTER_DESIRED
                0x20000830        0x2 ./Core/Src/modules/servo.o
                0x20000830                COUNTER_DESIRED
 .bss.Pulse_length
                0x20000832        0x2 ./Core/Src/modules/servo.o
                0x20000832                Pulse_length
 .bss.DMA_BUFFER
                0x20000834      0x1f4 ./Core/Src/modules/wifi.o
 .bss.INPUT_PACKET
                0x20000a28      0x1f4 ./Core/Src/modules/wifi.o
 .bss.flag_start_parse
                0x20000c1c        0x4 ./Core/Src/modules/wifi.o
 .bss.telem     0x20000c20       0x10 ./Core/Src/modules/wifi.o
 .bss.telem_cnt
                0x20000c30        0x2 ./Core/Src/modules/wifi.o
 *fill*         0x20000c32        0x2 
 .bss.keep_alive_tick
                0x20000c34        0x4 ./Core/Src/modules/wifi.o
 .bss.msg_index
                0x20000c38        0x4 ./Core/Src/modules/wifi.o
 .bss.uwTick    0x20000c3c        0x4 ./Drivers/STM32L1xx_HAL_Driver/Src/stm32l1xx_hal.o
                0x20000c3c                uwTick
 .bss._I2CBuffer
                0x20000c40       0x40 ./Drivers/VL53L0X/platform/src/vl53l0x_platform.o
                0x20000c40                _I2CBuffer
 *(COMMON)
                0x20000c80                        . = ALIGN (0x4)
                0x20000c80                        _ebss = .
                0x20000c80                        __bss_end__ = _ebss

._user_heap_stack
                0x20000c80      0x600 load address 0x0800e2b0
                0x20000c80                        . = ALIGN (0x8)
                [!provide]                        PROVIDE (end = .)
                0x20000c80                        PROVIDE (_end = .)
                0x20000e80                        . = (. + _Min_Heap_Size)
 *fill*         0x20000c80      0x200 
                0x20001280                        . = (. + _Min_Stack_Size)
 *fill*         0x20000e80      0x400 
                0x20001280                        . = ALIGN (0x8)

/DISCARD/
 libc.a(*)
 libm.a(*)
 libgcc.a(*)

.ARM.attributes
                0x00000000       0x29
 *(.ARM.attributes)
 .ARM.attributes
                0x00000000       0x1d C:/ST/STM32CubeIDE_2.0.0/STM32CubeIDE/plugins/com.st.stm32cube.ide.mcu.externaltools.gnu-tools-for-stm32.13.3.rel1.win32_1.0.100.202509120712/tools/bin/../lib/gcc/arm-none-eabi/13.3.1/thumb/v7-m/nofp/crti.o
 .ARM.attributes
                0x0000001d       0x2d C:/ST/STM32CubeIDE_2.0.0/STM32CubeIDE/plugins/com.st.stm32cube.ide.mcu.externaltools.gnu-tools-for-stm32.13.3.rel1.win32_1.0.100.202509120712/tools/bin/../lib/gcc/arm-none-eabi/13.3.1/thumb/v7-m/nofp/crtbegin.o
 .ARM.attributes
                0x0000004a       0x2d ./Core/Src/adc.o
 .ARM.attributes
                0x00000077       0x2d ./Core/Src/dma.o
 .ARM.attributes
                0x000000a4       0x2d ./Core/Src/global_variables.o
 .ARM.attributes
                0x000000d1       0x2d ./Core/Src/gpio.o
 .ARM.attributes
                0x000000fe       0x2d ./Core/Src/i2c.o
 .ARM.attributes
                0x0000012b       0x2d ./Core/Src/main.o
 .ARM.attributes
                0x00000158       0x2d ./Core/Src/stm32l1xx_hal_msp.o
 .ARM.attributes
                0x00000185       0x2d ./Core/Src/stm32l1xx_it.o
 .ARM.attributes
                0x000001b2       0x2d ./Core/Src/system_stm32l1xx.o
 .ARM.attributes
                0x000001df       0x2d ./Core/Src/tim.o
 .ARM.attributes
                0x0000020c       0x2d ./Core/Src/usart.o
 .ARM.attributes
                0x00000239       0x2d ./Core/Src/modules/acellerometer.o
 .ARM.attributes
                0x00000266       0x2d ./Core/Src/modules/battery_sensor.o
 .ARM.attributes
                0x00000293       0x2d ./Core/Src/modules/malfunction.o
 .ARM.attributes
                0x000002c0       0x2d ./Core/Src/modules/motor.o
 .ARM.attributes
                0x000002ed       0x2d ./Core/Src/modules/ranging_sensor.o
 .ARM.attributes
                0x0000031a       0x2d ./Core/Src/modules/servo.o
 .ARM.attributes
                0x00000347       0x2d ./Core/Src/modules/wifi.o
 .ARM.attributes
                0x00000374       0x21 ./Core/Startup/startup_stm32l151cctx.o
 .ARM.attributes
                0x00000395       0x2d ./Drivers/STM32L1xx_HAL_Driver/Src/stm32l1xx_hal.o
 .ARM.attributes
                0x000003c2       0x2d ./Drivers/STM32L1xx_HAL_Driver/Src/stm32l1xx_hal_adc.o
 .ARM.attributes
                0x000003ef       0x2d ./Drivers/STM32L1xx_HAL_Driver/Src/stm32l1xx_hal_cortex.o
 .ARM.attributes
                0x0000041c       0x2d ./Drivers/STM32L1xx_HAL_Driver/Src/stm32l1xx_hal_dma.o
 .ARM.attributes
                0x00000449       0x2d ./Drivers/STM32L1xx_HAL_Driver/Src/stm32l1xx_hal_gpio.o
 .ARM.attributes
                0x00000476       0x2d ./Drivers/STM32L1xx_HAL_Driver/Src/stm32l1xx_hal_i2c.o
 .ARM.attributes
                0x000004a3       0x2d ./Drivers/STM32L1xx_HAL_Driver/Src/stm32l1xx_hal_rcc.o
 .ARM.attributes
                0x000004d0       0x2d ./Drivers/STM32L1xx_HAL_Driver/Src/stm32l1xx_hal_tim.o
 .ARM.attributes
                0x000004fd       0x2d ./Drivers/STM32L1xx_HAL_Driver/Src/stm32l1xx_hal_tim_ex.o
 .ARM.attributes
                0x0000052a       0x2d ./Drivers/STM32L1xx_HAL_Driver/Src/stm32l1xx_hal_uart.o
 .ARM.attributes
                0x00000557       0x2d ./Drivers/VL53L0X/core/src/vl53l0x_api.o
 .ARM.attributes
                0x00000584       0x2d ./Drivers/VL53L0X/core/src/vl53l0x_api_calibration.o
 .ARM.attributes
                0x000005b1       0x2d ./Drivers/VL53L0X/core/src/vl53l0x_api_core.o
 .ARM.attributes
                0x000005de       0x2d ./Drivers/VL53L0X/platform/src/vl53l0x_platform.o
 .ARM.attributes
                0x0000060b       0x2d C:/ST/STM32CubeIDE_2.0.0/STM32CubeIDE/plugins/com.st.stm32cube.ide.mcu.externaltools.gnu-tools-for-stm32.13.3.rel1.win32_1.0.100.202509120712/tools/bin/../lib/gcc/arm-none-eabi/13.3.1/../../../../arm-none-eabi/lib/thumb/v7-m/nofp\libc_nano.a(libc_a-memset.o)
 .ARM.attributes
                0x00000638       0x2d C:/ST/STM32CubeIDE_2.0.0/STM32CubeIDE/plugins/com.st.stm32cube.ide.mcu.externaltools.gnu-tools-for-stm32.13.3.rel1.win32_1.0.100.202509120712/tools/bin/../lib/gcc/arm-none-eabi/13.3.1/../../../../arm-none-eabi/lib/thumb/v7-m/nofp\libc_nano.a(libc_a-init.o)
 .ARM.attributes
                0x00000665       0x2d C:/ST/STM32CubeIDE_2.0.0/STM32CubeIDE/plugins/com.st.stm32cube.ide.mcu.externaltools.gnu-tools-for-stm32.13.3.rel1.win32_1.0.100.202509120712/tools/bin/../lib/gcc/arm-none-eabi/13.3.1/../../../../arm-none-eabi/lib/thumb/v7-m/nofp\libc_nano.a(libc_a-strcpy.o)
 .ARM.attributes
                0x00000692       0x2d C:/ST/STM32CubeIDE_2.0.0/STM32CubeIDE/plugins/com.st.stm32cube.ide.mcu.externaltools.gnu-tools-for-stm32.13.3.rel1.win32_1.0.100.202509120712/tools/bin/../lib/gcc/arm-none-eabi/13.3.1/../../../../arm-none-eabi/lib/thumb/v7-m/nofp\libc_nano.a(libc_a-memcpy-stub.o)
 .ARM.attributes
                0x000006bf       0x1d C:/ST/STM32CubeIDE_2.0.0/STM32CubeIDE/plugins/com.st.stm32cube.ide.mcu.externaltools.gnu-tools-for-stm32.13.3.rel1.win32_1.0.100.202509120712/tools/bin/../lib/gcc/arm-none-eabi/13.3.1/thumb/v7-m/nofp\libgcc.a(_arm_muldf3.o)
 .ARM.attributes
                0x000006dc       0x1d C:/ST/STM32CubeIDE_2.0.0/STM32CubeIDE/plugins/com.st.stm32cube.ide.mcu.externaltools.gnu-tools-for-stm32.13.3.rel1.win32_1.0.100.202509120712/tools/bin/../lib/gcc/arm-none-eabi/13.3.1/thumb/v7-m/nofp\libgcc.a(_arm_addsubdf3.o)
 .ARM.attributes
                0x000006f9       0x1d C:/ST/STM32CubeIDE_2.0.0/STM32CubeIDE/plugins/com.st.stm32cube.ide.mcu.externaltools.gnu-tools-for-stm32.13.3.rel1.win32_1.0.100.202509120712/tools/bin/../lib/gcc/arm-none-eabi/13.3.1/thumb/v7-m/nofp\libgcc.a(_arm_fixdfsi.o)
 .ARM.attributes
                0x00000716       0x1d C:/ST/STM32CubeIDE_2.0.0/STM32CubeIDE/plugins/com.st.stm32cube.ide.mcu.externaltools.gnu-tools-for-stm32.13.3.rel1.win32_1.0.100.202509120712/tools/bin/../lib/gcc/arm-none-eabi/13.3.1/thumb/v7-m/nofp\libgcc.a(_aeabi_uldivmod.o)
 .ARM.attributes
                0x00000733       0x2d C:/ST/STM32CubeIDE_2.0.0/STM32CubeIDE/plugins/com.st.stm32cube.ide.mcu.externaltools.gnu-tools-for-stm32.13.3.rel1.win32_1.0.100.202509120712/tools/bin/../lib/gcc/arm-none-eabi/13.3.1/thumb/v7-m/nofp\libgcc.a(_udivmoddi4.o)
 .ARM.attributes
                0x00000760       0x1d C:/ST/STM32CubeIDE_2.0.0/STM32CubeIDE/plugins/com.st.stm32cube.ide.mcu.externaltools.gnu-tools-for-stm32.13.3.rel1.win32_1.0.100.202509120712/tools/bin/../lib/gcc/arm-none-eabi/13.3.1/thumb/v7-m/nofp\libgcc.a(_dvmd_tls.o)
 .ARM.attributes
                0x0000077d       0x1d C:/ST/STM32CubeIDE_2.0.0/STM32CubeIDE/plugins/com.st.stm32cube.ide.mcu.externaltools.gnu-tools-for-stm32.13.3.rel1.win32_1.0.100.202509120712/tools/bin/../lib/gcc/arm-none-eabi/13.3.1/thumb/v7-m/nofp/crtn.o
OUTPUT(car_main.elf elf32-littlearm)
LOAD linker stubs
LOAD C:/ST/STM32CubeIDE_2.0.0/STM32CubeIDE/plugins/com.st.stm32cube.ide.mcu.externaltools.gnu-tools-for-stm32.13.3.rel1.win32_1.0.100.202509120712/tools/bin/../lib/gcc/arm-none-eabi/13.3.1/../../../../arm-none-eabi/lib/thumb/v7-m/nofp\libc.a
LOAD C:/ST/STM32CubeIDE_2.0.0/STM32CubeIDE/plugins/com.st.stm32cube.ide.mcu.externaltools.gnu-tools-for-stm32.13.3.rel1.win32_1.0.100.202509120712/tools/bin/../lib/gcc/arm-none-eabi/13.3.1/../../../../arm-none-eabi/lib/thumb/v7-m/nofp\libm.a
LOAD C:/ST/STM32CubeIDE_2.0.0/STM32CubeIDE/plugins/com.st.stm32cube.ide.mcu.externaltools.gnu-tools-for-stm32.13.3.rel1.win32_1.0.100.202509120712/tools/bin/../lib/gcc/arm-none-eabi/13.3.1/thumb/v7-m/nofp\libgcc.a

.debug_info     0x00000000    0x1b582
 .debug_info    0x00000000      0x8cc ./Core/Src/adc.o
 .debug_info    0x000008cc      0x331 ./Core/Src/dma.o
 .debug_info    0x00000bfd      0x1a2 ./Core/Src/global_variables.o
 .debug_info    0x00000d9f      0x31b ./Core/Src/gpio.o
 .debug_info    0x000010ba      0xa77 ./Core/Src/i2c.o
 .debug_info    0x00001b31      0x46e ./Core/Src/main.o
 .debug_info    0x00001f9f      0x1b0 ./Core/Src/stm32l1xx_hal_msp.o
 .debug_info    0x0000214f      0xc9e ./Core/Src/stm32l1xx_it.o
 .debug_info    0x00002ded      0x278 ./Core/Src/system_stm32l1xx.o
 .debug_info    0x00003065      0xf84 ./Core/Src/tim.o
 .debug_info    0x00003fe9      0xa76 ./Core/Src/usart.o
 .debug_info    0x00004a5f       0x47 ./Core/Src/modules/acellerometer.o
 .debug_info    0x00004aa6       0x47 ./Core/Src/modules/battery_sensor.o
 .debug_info    0x00004aed       0xe5 ./Core/Src/modules/malfunction.o
 .debug_info    0x00004bd2      0x7ab ./Core/Src/modules/motor.o
 .debug_info    0x0000537d     0x1050 ./Core/Src/modules/ranging_sensor.o
 .debug_info    0x000063cd      0x8a1 ./Core/Src/modules/servo.o
 .debug_info    0x00006c6e      0xab2 ./Core/Src/modules/wifi.o
 .debug_info    0x00007720       0x30 ./Core/Startup/startup_stm32l151cctx.o
 .debug_info    0x00007750      0x6d9 ./Drivers/STM32L1xx_HAL_Driver/Src/stm32l1xx_hal.o
 .debug_info    0x00007e29      0xe74 ./Drivers/STM32L1xx_HAL_Driver/Src/stm32l1xx_hal_adc.o
 .debug_info    0x00008c9d      0xccf ./Drivers/STM32L1xx_HAL_Driver/Src/stm32l1xx_hal_cortex.o
 .debug_info    0x0000996c      0x6dd ./Drivers/STM32L1xx_HAL_Driver/Src/stm32l1xx_hal_dma.o
 .debug_info    0x0000a049      0x5a2 ./Drivers/STM32L1xx_HAL_Driver/Src/stm32l1xx_hal_gpio.o
 .debug_info    0x0000a5eb     0x23b2 ./Drivers/STM32L1xx_HAL_Driver/Src/stm32l1xx_hal_i2c.o
 .debug_info    0x0000c99d      0x96d ./Drivers/STM32L1xx_HAL_Driver/Src/stm32l1xx_hal_rcc.o
 .debug_info    0x0000d30a     0x27c8 ./Drivers/STM32L1xx_HAL_Driver/Src/stm32l1xx_hal_tim.o
 .debug_info    0x0000fad2      0x6a3 ./Drivers/STM32L1xx_HAL_Driver/Src/stm32l1xx_hal_tim_ex.o
 .debug_info    0x00010175     0x2eee ./Drivers/STM32L1xx_HAL_Driver/Src/stm32l1xx_hal_uart.o
 .debug_info    0x00013063     0x3500 ./Drivers/VL53L0X/core/src/vl53l0x_api.o
 .debug_info    0x00016563     0x1ccd ./Drivers/VL53L0X/core/src/vl53l0x_api_calibration.o
 .debug_info    0x00018230     0x2183 ./Drivers/VL53L0X/core/src/vl53l0x_api_core.o
 .debug_info    0x0001a3b3     0x11cf ./Drivers/VL53L0X/platform/src/vl53l0x_platform.o

.debug_abbrev   0x00000000     0x3d76
 .debug_abbrev  0x00000000      0x1f1 ./Core/Src/adc.o
 .debug_abbrev  0x000001f1       0xfa ./Core/Src/dma.o
 .debug_abbrev  0x000002eb       0x49 ./Core/Src/global_variables.o
 .debug_abbrev  0x00000334      0x150 ./Core/Src/gpio.o
 .debug_abbrev  0x00000484      0x1fb ./Core/Src/i2c.o
 .debug_abbrev  0x0000067f      0x1db ./Core/Src/main.o
 .debug_abbrev  0x0000085a       0xc4 ./Core/Src/stm32l1xx_hal_msp.o
 .debug_abbrev  0x0000091e      0x1c2 ./Core/Src/stm32l1xx_it.o
 .debug_abbrev  0x00000ae0      0x11a ./Core/Src/system_stm32l1xx.o
 .debug_abbrev  0x00000bfa      0x283 ./Core/Src/tim.o
 .debug_abbrev  0x00000e7d      0x219 ./Core/Src/usart.o
 .debug_abbrev  0x00001096       0x2d ./Core/Src/modules/acellerometer.o
 .debug_abbrev  0x000010c3       0x2d ./Core/Src/modules/battery_sensor.o
 .debug_abbrev  0x000010f0       0x8d ./Core/Src/modules/malfunction.o
 .debug_abbrev  0x0000117d      0x198 ./Core/Src/modules/motor.o
 .debug_abbrev  0x00001315      0x269 ./Core/Src/modules/ranging_sensor.o
 .debug_abbrev  0x0000157e      0x219 ./Core/Src/modules/servo.o
 .debug_abbrev  0x00001797      0x2fc ./Core/Src/modules/wifi.o
 .debug_abbrev  0x00001a93       0x24 ./Core/Startup/startup_stm32l151cctx.o
 .debug_abbrev  0x00001ab7      0x273 ./Drivers/STM32L1xx_HAL_Driver/Src/stm32l1xx_hal.o
 .debug_abbrev  0x00001d2a      0x294 ./Drivers/STM32L1xx_HAL_Driver/Src/stm32l1xx_hal_adc.o
 .debug_abbrev  0x00001fbe      0x31a ./Drivers/STM32L1xx_HAL_Driver/Src/stm32l1xx_hal_cortex.o
 .debug_abbrev  0x000022d8      0x20c ./Drivers/STM32L1xx_HAL_Driver/Src/stm32l1xx_hal_dma.o
 .debug_abbrev  0x000024e4      0x1d2 ./Drivers/STM32L1xx_HAL_Driver/Src/stm32l1xx_hal_gpio.o
 .debug_abbrev  0x000026b6      0x2a7 ./Drivers/STM32L1xx_HAL_Driver/Src/stm32l1xx_hal_i2c.o
 .debug_abbrev  0x0000295d      0x2b6 ./Drivers/STM32L1xx_HAL_Driver/Src/stm32l1xx_hal_rcc.o
 .debug_abbrev  0x00002c13      0x26d ./Drivers/STM32L1xx_HAL_Driver/Src/stm32l1xx_hal_tim.o
 .debug_abbrev  0x00002e80      0x177 ./Drivers/STM32L1xx_HAL_Driver/Src/stm32l1xx_hal_tim_ex.o
 .debug_abbrev  0x00002ff7      0x306 ./Drivers/STM32L1xx_HAL_Driver/Src/stm32l1xx_hal_uart.o
 .debug_abbrev  0x000032fd      0x2bd ./Drivers/VL53L0X/core/src/vl53l0x_api.o
 .debug_abbrev  0x000035ba      0x2ae ./Drivers/VL53L0X/core/src/vl53l0x_api_calibration.o
 .debug_abbrev  0x00003868      0x2c6 ./Drivers/VL53L0X/core/src/vl53l0x_api_core.o
 .debug_abbrev  0x00003b2e      0x248 ./Drivers/VL53L0X/platform/src/vl53l0x_platform.o

.debug_aranges  0x00000000     0x16b0
 .debug_aranges
                0x00000000       0x30 ./Core/Src/adc.o
 .debug_aranges
                0x00000030       0x20 ./Core/Src/dma.o
 .debug_aranges
                0x00000050       0x18 ./Core/Src/global_variables.o
 .debug_aranges
                0x00000068       0x20 ./Core/Src/gpio.o
 .debug_aranges
                0x00000088       0x38 ./Core/Src/i2c.o
 .debug_aranges
                0x000000c0       0x30 ./Core/Src/main.o
 .debug_aranges
                0x000000f0       0x20 ./Core/Src/stm32l1xx_hal_msp.o
 .debug_aranges
                0x00000110       0xa8 ./Core/Src/stm32l1xx_it.o
 .debug_aranges
                0x000001b8       0x28 ./Core/Src/system_stm32l1xx.o
 .debug_aranges
                0x000001e0       0x78 ./Core/Src/tim.o
 .debug_aranges
                0x00000258       0x38 ./Core/Src/usart.o
 .debug_aranges
                0x00000290       0x28 ./Core/Src/modules/acellerometer.o
 .debug_aranges
                0x000002b8       0x28 ./Core/Src/modules/battery_sensor.o
 .debug_aranges
                0x000002e0       0x38 ./Core/Src/modules/malfunction.o
 .debug_aranges
                0x00000318       0x28 ./Core/Src/modules/motor.o
 .debug_aranges
                0x00000340       0x38 ./Core/Src/modules/ranging_sensor.o
 .debug_aranges
                0x00000378       0x40 ./Core/Src/modules/servo.o
 .debug_aranges
                0x000003b8       0x70 ./Core/Src/modules/wifi.o
 .debug_aranges
                0x00000428       0x28 ./Core/Startup/startup_stm32l151cctx.o
 .debug_aranges
                0x00000450       0xe0 ./Drivers/STM32L1xx_HAL_Driver/Src/stm32l1xx_hal.o
 .debug_aranges
                0x00000530       0xf0 ./Drivers/STM32L1xx_HAL_Driver/Src/stm32l1xx_hal_adc.o
 .debug_aranges
                0x00000620      0x128 ./Drivers/STM32L1xx_HAL_Driver/Src/stm32l1xx_hal_cortex.o
 .debug_aranges
                0x00000748       0x80 ./Drivers/STM32L1xx_HAL_Driver/Src/stm32l1xx_hal_dma.o
 .debug_aranges
                0x000007c8       0x58 ./Drivers/STM32L1xx_HAL_Driver/Src/stm32l1xx_hal_gpio.o
 .debug_aranges
                0x00000820      0x2a8 ./Drivers/STM32L1xx_HAL_Driver/Src/stm32l1xx_hal_i2c.o
 .debug_aranges
                0x00000ac8       0x90 ./Drivers/STM32L1xx_HAL_Driver/Src/stm32l1xx_hal_rcc.o
 .debug_aranges
                0x00000b58      0x3d0 ./Drivers/STM32L1xx_HAL_Driver/Src/stm32l1xx_hal_tim.o
 .debug_aranges
                0x00000f28       0x28 ./Drivers/STM32L1xx_HAL_Driver/Src/stm32l1xx_hal_tim_ex.o
 .debug_aranges
                0x00000f50      0x208 ./Drivers/STM32L1xx_HAL_Driver/Src/stm32l1xx_hal_uart.o
 .debug_aranges
                0x00001158      0x330 ./Drivers/VL53L0X/core/src/vl53l0x_api.o
 .debug_aranges
                0x00001488       0xd0 ./Drivers/VL53L0X/core/src/vl53l0x_api_calibration.o
 .debug_aranges
                0x00001558       0xe0 ./Drivers/VL53L0X/core/src/vl53l0x_api_core.o
 .debug_aranges
                0x00001638       0x78 ./Drivers/VL53L0X/platform/src/vl53l0x_platform.o

.debug_rnglists
                0x00000000     0x116d
 .debug_rnglists
                0x00000000       0x21 ./Core/Src/adc.o
 .debug_rnglists
                0x00000021       0x13 ./Core/Src/dma.o
 .debug_rnglists
                0x00000034       0x14 ./Core/Src/gpio.o
 .debug_rnglists
                0x00000048       0x27 ./Core/Src/i2c.o
 .debug_rnglists
                0x0000006f       0x21 ./Core/Src/main.o
 .debug_rnglists
                0x00000090       0x13 ./Core/Src/stm32l1xx_hal_msp.o
 .debug_rnglists
                0x000000a3       0x79 ./Core/Src/stm32l1xx_it.o
 .debug_rnglists
                0x0000011c       0x1a ./Core/Src/system_stm32l1xx.o
 .debug_rnglists
                0x00000136       0x5d ./Core/Src/tim.o
 .debug_rnglists
                0x00000193       0x27 ./Core/Src/usart.o
 .debug_rnglists
                0x000001ba       0x19 ./Core/Src/modules/acellerometer.o
 .debug_rnglists
                0x000001d3       0x19 ./Core/Src/modules/battery_sensor.o
 .debug_rnglists
                0x000001ec       0x25 ./Core/Src/modules/malfunction.o
 .debug_rnglists
                0x00000211       0x1a ./Core/Src/modules/motor.o
 .debug_rnglists
                0x0000022b       0x28 ./Core/Src/modules/ranging_sensor.o
 .debug_rnglists
                0x00000253       0x2e ./Core/Src/modules/servo.o
 .debug_rnglists
                0x00000281       0x54 ./Core/Src/modules/wifi.o
 .debug_rnglists
                0x000002d5       0x19 ./Core/Startup/startup_stm32l151cctx.o
 .debug_rnglists
                0x000002ee       0xa3 ./Drivers/STM32L1xx_HAL_Driver/Src/stm32l1xx_hal.o
 .debug_rnglists
                0x00000391       0xbd ./Drivers/STM32L1xx_HAL_Driver/Src/stm32l1xx_hal_adc.o
 .debug_rnglists
                0x0000044e       0xd9 ./Drivers/STM32L1xx_HAL_Driver/Src/stm32l1xx_hal_cortex.o
 .debug_rnglists
                0x00000527       0x64 ./Drivers/STM32L1xx_HAL_Driver/Src/stm32l1xx_hal_dma.o
 .debug_rnglists
                0x0000058b       0x3f ./Drivers/STM32L1xx_HAL_Driver/Src/stm32l1xx_hal_gpio.o
 .debug_rnglists
                0x000005ca      0x23c ./Drivers/STM32L1xx_HAL_Driver/Src/stm32l1xx_hal_i2c.o
 .debug_rnglists
                0x00000806       0x6d ./Drivers/STM32L1xx_HAL_Driver/Src/stm32l1xx_hal_rcc.o
 .debug_rnglists
                0x00000873      0x307 ./Drivers/STM32L1xx_HAL_Driver/Src/stm32l1xx_hal_tim.o
 .debug_rnglists
                0x00000b7a       0x1a ./Drivers/STM32L1xx_HAL_Driver/Src/stm32l1xx_hal_tim_ex.o
 .debug_rnglists
                0x00000b94      0x1bc ./Drivers/STM32L1xx_HAL_Driver/Src/stm32l1xx_hal_uart.o
 .debug_rnglists
                0x00000d50      0x276 ./Drivers/VL53L0X/core/src/vl53l0x_api.o
 .debug_rnglists
                0x00000fc6       0xa4 ./Drivers/VL53L0X/core/src/vl53l0x_api_calibration.o
 .debug_rnglists
                0x0000106a       0xae ./Drivers/VL53L0X/core/src/vl53l0x_api_core.o
 .debug_rnglists
                0x00001118       0x55 ./Drivers/VL53L0X/platform/src/vl53l0x_platform.o

.debug_line     0x00000000    0x144fa
 .debug_line    0x00000000      0x3ac ./Core/Src/adc.o
 .debug_line    0x000003ac      0x2aa ./Core/Src/dma.o
 .debug_line    0x00000656      0x220 ./Core/Src/global_variables.o
 .debug_line    0x00000876      0x2e8 ./Core/Src/gpio.o
 .debug_line    0x00000b5e      0x414 ./Core/Src/i2c.o
 .debug_line    0x00000f72      0x49a ./Core/Src/main.o
 .debug_line    0x0000140c      0x278 ./Core/Src/stm32l1xx_hal_msp.o
 .debug_line    0x00001684      0x497 ./Core/Src/stm32l1xx_it.o
 .debug_line    0x00001b1b      0x338 ./Core/Src/system_stm32l1xx.o
 .debug_line    0x00001e53      0x68b ./Core/Src/tim.o
 .debug_line    0x000024de      0x45a ./Core/Src/usart.o
 .debug_line    0x00002938       0x68 ./Core/Src/modules/acellerometer.o
 .debug_line    0x000029a0       0x69 ./Core/Src/modules/battery_sensor.o
 .debug_line    0x00002a09      0x29e ./Core/Src/modules/malfunction.o
 .debug_line    0x00002ca7      0x3d1 ./Core/Src/modules/motor.o
 .debug_line    0x00003078      0x53a ./Core/Src/modules/ranging_sensor.o