../Core/Src/modules/wifi.c:76:13:get_telem	16	static
../Core/Src/modules/wifi.c:102:13:receive_dma	16	static
../Core/Src/modules/wifi.c:107:6:HAL_UART_ErrorCallback	24	static
../Core/Src/modules/wifi.c:114:6:HAL_UARTEx_RxEventCallback	16	static
../Core/Src/modules/wifi.c:118:6:init_wifi	16	static
../Core/Src/modules/wifi.c:158:13:send_data_w_len	224	static
../Core/Src/modules/wifi.c:171:12:find	40	static
../Core/Src/modules/wifi.c:208:12:rfind	40	static
../Core/Src/modules/wifi.c:244:12:parse_uart_message	64	static
../Core/Src/modules/wifi.c:291:13:uart_it_receiver	24	static
../Core/Src/modules/wifi.c:322:13:get_uart_send_command	48	static
../Core/Src/modules/wifi.c:337:13:get_http_reply	40	static
../Core/Src/modules/wifi.c:352:13:protocol_init	16	static
../Core/Src/modules/wifi.c:360:13:protocol_process_byte	16	static
../Core/Src/modules/wifi.c:414:16:calculate_crc8	32	static
../Core/Src/modules/wifi.c:434:13:protocol_create_response	32	static
../Core/Src/modules/wifi.c:467:9:protocol_check_crc	24	static
../Core/Src/modules/wifi.c:476:13:protocol_validate_packet	24	static
../Core/Src/modules/wifi.c:530:13:protocol_send_response	24	static
../Core/Src/modules/wifi.c:538:13:protocol_process_command	24	static
../Core/Src/modules/wifi.c:608:6:perform_wifi_control_step	16	static
../Core/Src/modules/wifi.c:633:9:try_connect_wifi	4	static
../Core/Src/modules/wifi.c:637:6:handle_input_wifi	16	static
../Core/Src/modules/wifi.c:643:6:send_data_wifi	16	static
../Core/Src/modules/wifi.c:647:9:try_connect	4	static
../Core/Src/modules/wifi.c:651:6:handle_input	16	static
../Core/Src/modules/wifi.c:655:9:send_data	4	static
../Core/Src/modules/wifi.c:659:9:detect_disconnect	4	static
