../Core/Src/modules/wifi.c:50:13:get_telem	16	static
../Core/Src/modules/wifi.c:77:13:receive_dma	16	static
../Core/Src/modules/wifi.c:82:6:HAL_UART_ErrorCallback	24	static
../Core/Src/modules/wifi.c:89:6:HAL_UARTEx_RxEventCallback	16	static
../Core/Src/modules/wifi.c:93:6:init_wifi	16	static
../Core/Src/modules/wifi.c:106:12:find	40	static
../Core/Src/modules/wifi.c:143:12:rfind	40	static
../Core/Src/modules/wifi.c:179:12:parse_uart_message	40	static
../Core/Src/modules/wifi.c:197:13:uart_it_receiver	16	static
../Core/Src/modules/wifi.c:204:6:perform_wifi_control_step	8	static
../Core/Src/modules/wifi.c:224:6:handle_input_wifi	8	static
